Archive member included to satisfy reference by file (symbol)

c:/nxp/s32ds.3.5/s32ds/build_tools/gcc_v10.2/gcc-10.2-arm32-eabi/bin/../lib/gcc/arm-none-eabi/10.2.0/../../../../arm-none-eabi/lib/thumb/v7e-m+fp/hard\libc_nano.a(lib_a-memmove.o)
                              ./RTD/src/Siul2_Port_Ip.o (memmove)
c:/nxp/s32ds.3.5/s32ds/build_tools/gcc_v10.2/gcc-10.2-arm32-eabi/bin/../lib/gcc/arm-none-eabi/10.2.0/../../../../arm-none-eabi/lib/thumb/v7e-m+fp/hard\libc_nano.a(lib_a-memset.o)
                              ./Project_Settings/Startup_Code/startup.o (memset)
c:/nxp/s32ds.3.5/s32ds/build_tools/gcc_v10.2/gcc-10.2-arm32-eabi/bin/../lib/gcc/arm-none-eabi/10.2.0/../../../../arm-none-eabi/lib/thumb/v7e-m+fp/hard\libc_nano.a(lib_a-snprintf.o)
                              ./src/main.o (snprintf)
c:/nxp/s32ds.3.5/s32ds/build_tools/gcc_v10.2/gcc-10.2-arm32-eabi/bin/../lib/gcc/arm-none-eabi/10.2.0/../../../../arm-none-eabi/lib/thumb/v7e-m+fp/hard\libc_nano.a(lib_a-strlen.o)
                              ./src/main.o (strlen)
c:/nxp/s32ds.3.5/s32ds/build_tools/gcc_v10.2/gcc-10.2-arm32-eabi/bin/../lib/gcc/arm-none-eabi/10.2.0/../../../../arm-none-eabi/lib/thumb/v7e-m+fp/hard\libc_nano.a(lib_a-strncat.o)
                              ./src/main.o (strncat)
c:/nxp/s32ds.3.5/s32ds/build_tools/gcc_v10.2/gcc-10.2-arm32-eabi/bin/../lib/gcc/arm-none-eabi/10.2.0/../../../../arm-none-eabi/lib/thumb/v7e-m+fp/hard\libc_nano.a(lib_a-impure.o)
                              c:/nxp/s32ds.3.5/s32ds/build_tools/gcc_v10.2/gcc-10.2-arm32-eabi/bin/../lib/gcc/arm-none-eabi/10.2.0/../../../../arm-none-eabi/lib/thumb/v7e-m+fp/hard\libc_nano.a(lib_a-snprintf.o) (_impure_ptr)
c:/nxp/s32ds.3.5/s32ds/build_tools/gcc_v10.2/gcc-10.2-arm32-eabi/bin/../lib/gcc/arm-none-eabi/10.2.0/../../../../arm-none-eabi/lib/thumb/v7e-m+fp/hard\libc_nano.a(lib_a-nano-svfprintf.o)
                              c:/nxp/s32ds.3.5/s32ds/build_tools/gcc_v10.2/gcc-10.2-arm32-eabi/bin/../lib/gcc/arm-none-eabi/10.2.0/../../../../arm-none-eabi/lib/thumb/v7e-m+fp/hard\libc_nano.a(lib_a-snprintf.o) (_svfprintf_r)
c:/nxp/s32ds.3.5/s32ds/build_tools/gcc_v10.2/gcc-10.2-arm32-eabi/bin/../lib/gcc/arm-none-eabi/10.2.0/../../../../arm-none-eabi/lib/thumb/v7e-m+fp/hard\libc_nano.a(lib_a-nano-vfprintf_i.o)
                              c:/nxp/s32ds.3.5/s32ds/build_tools/gcc_v10.2/gcc-10.2-arm32-eabi/bin/../lib/gcc/arm-none-eabi/10.2.0/../../../../arm-none-eabi/lib/thumb/v7e-m+fp/hard\libc_nano.a(lib_a-nano-svfprintf.o) (_printf_i)
c:/nxp/s32ds.3.5/s32ds/build_tools/gcc_v10.2/gcc-10.2-arm32-eabi/bin/../lib/gcc/arm-none-eabi/10.2.0/../../../../arm-none-eabi/lib/thumb/v7e-m+fp/hard\libc_nano.a(lib_a-memchr.o)
                              c:/nxp/s32ds.3.5/s32ds/build_tools/gcc_v10.2/gcc-10.2-arm32-eabi/bin/../lib/gcc/arm-none-eabi/10.2.0/../../../../arm-none-eabi/lib/thumb/v7e-m+fp/hard\libc_nano.a(lib_a-nano-svfprintf.o) (memchr)
c:/nxp/s32ds.3.5/s32ds/build_tools/gcc_v10.2/gcc-10.2-arm32-eabi/bin/../lib/gcc/arm-none-eabi/10.2.0/../../../../arm-none-eabi/lib/thumb/v7e-m+fp/hard\libc_nano.a(lib_a-memcpy-stub.o)
                              c:/nxp/s32ds.3.5/s32ds/build_tools/gcc_v10.2/gcc-10.2-arm32-eabi/bin/../lib/gcc/arm-none-eabi/10.2.0/../../../../arm-none-eabi/lib/thumb/v7e-m+fp/hard\libc_nano.a(lib_a-nano-svfprintf.o) (memcpy)
c:/nxp/s32ds.3.5/s32ds/build_tools/gcc_v10.2/gcc-10.2-arm32-eabi/bin/../lib/gcc/arm-none-eabi/10.2.0/../../../../arm-none-eabi/lib/thumb/v7e-m+fp/hard\libc_nano.a(lib_a-nano-freer.o)
                              c:/nxp/s32ds.3.5/s32ds/build_tools/gcc_v10.2/gcc-10.2-arm32-eabi/bin/../lib/gcc/arm-none-eabi/10.2.0/../../../../arm-none-eabi/lib/thumb/v7e-m+fp/hard\libc_nano.a(lib_a-nano-svfprintf.o) (_free_r)
c:/nxp/s32ds.3.5/s32ds/build_tools/gcc_v10.2/gcc-10.2-arm32-eabi/bin/../lib/gcc/arm-none-eabi/10.2.0/../../../../arm-none-eabi/lib/thumb/v7e-m+fp/hard\libc_nano.a(lib_a-nano-mallocr.o)
                              c:/nxp/s32ds.3.5/s32ds/build_tools/gcc_v10.2/gcc-10.2-arm32-eabi/bin/../lib/gcc/arm-none-eabi/10.2.0/../../../../arm-none-eabi/lib/thumb/v7e-m+fp/hard\libc_nano.a(lib_a-nano-svfprintf.o) (_malloc_r)
c:/nxp/s32ds.3.5/s32ds/build_tools/gcc_v10.2/gcc-10.2-arm32-eabi/bin/../lib/gcc/arm-none-eabi/10.2.0/../../../../arm-none-eabi/lib/thumb/v7e-m+fp/hard\libc_nano.a(lib_a-nano-reallocr.o)
                              c:/nxp/s32ds.3.5/s32ds/build_tools/gcc_v10.2/gcc-10.2-arm32-eabi/bin/../lib/gcc/arm-none-eabi/10.2.0/../../../../arm-none-eabi/lib/thumb/v7e-m+fp/hard\libc_nano.a(lib_a-nano-svfprintf.o) (_realloc_r)
c:/nxp/s32ds.3.5/s32ds/build_tools/gcc_v10.2/gcc-10.2-arm32-eabi/bin/../lib/gcc/arm-none-eabi/10.2.0/../../../../arm-none-eabi/lib/thumb/v7e-m+fp/hard\libc_nano.a(lib_a-sbrkr.o)
                              c:/nxp/s32ds.3.5/s32ds/build_tools/gcc_v10.2/gcc-10.2-arm32-eabi/bin/../lib/gcc/arm-none-eabi/10.2.0/../../../../arm-none-eabi/lib/thumb/v7e-m+fp/hard\libc_nano.a(lib_a-nano-mallocr.o) (_sbrk_r)
[...]
Memory Configuration

Name             Origin             Length             Attributes
int_pflash       0x00400000         0x001d4000
int_dflash       0x10000000         0x00020000
int_itcm         0x00000000         0x00008000
int_dtcm         0x20000000         0x0000f000
int_stack_dtcm   0x2000f000         0x00001000
int_sram         0x20400000         0x00007f00
int_sram_fls_rsv 0x20407f00         0x00000100
int_sram_no_cacheable 0x20408000         0x00007f00
int_sram_results 0x2040ff00         0x00000100
int_sram_shareable 0x20410000         0x00008000
ram_rsvd2        0x20418000         0x00000000
*default*        0x00000000         0xffffffff

Linker script and memory map

LOAD ./Project_Settings/Startup_Code/Vector_Table.o
LOAD ./Project_Settings/Startup_Code/exceptions.o
LOAD ./Project_Settings/Startup_Code/nvic.o
LOAD ./Project_Settings/Startup_Code/startup.o
LOAD ./Project_Settings/Startup_Code/startup_cm7.o
LOAD ./Project_Settings/Startup_Code/system.o
LOAD ./RTD/src/Clock_Ip.o
LOAD ./RTD/src/Clock_Ip_Data.o
LOAD ./RTD/src/Clock_Ip_Divider.o
LOAD ./RTD/src/Clock_Ip_DividerTrigger.o
LOAD ./RTD/src/Clock_Ip_ExtOsc.o
LOAD ./RTD/src/Clock_Ip_FracDiv.o
LOAD ./RTD/src/Clock_Ip_Frequency.o
LOAD ./RTD/src/Clock_Ip_Gate.o
LOAD ./RTD/src/Clock_Ip_IntOsc.o
LOAD ./RTD/src/Clock_Ip_Irq.o
LOAD ./RTD/src/Clock_Ip_Monitor.o
LOAD ./RTD/src/Clock_Ip_Pll.o
LOAD ./RTD/src/Clock_Ip_ProgFreqSwitch.o
LOAD ./RTD/src/Clock_Ip_Selector.o
LOAD ./RTD/src/Clock_Ip_Specific.o
LOAD ./RTD/src/Det.o
LOAD ./RTD/src/Det_stub.o
LOAD ./RTD/src/FlexCAN_Ip.o
LOAD ./RTD/src/FlexCAN_Ip_HwAccess.o
LOAD ./RTD/src/FlexCAN_Ip_Irq.o
LOAD ./RTD/src/Flexio_Mcl_Ip.o
LOAD ./RTD/src/Flexio_Mcl_Ip_HwAccess.o
LOAD ./RTD/src/Flexio_Mcl_Ip_Irq.o
LOAD ./RTD/src/Igf_Port_Ip.o
LOAD ./RTD/src/IntCtrl_Ip.o
LOAD ./RTD/src/Lpuart_Uart_Ip.o
LOAD ./RTD/src/Lpuart_Uart_Ip_Irq.o
LOAD ./RTD/src/OsIf_Interrupts.o
LOAD ./RTD/src/OsIf_Timer.o
LOAD ./RTD/src/OsIf_Timer_System.o
LOAD ./RTD/src/OsIf_Timer_System_Internal_Systick.o
LOAD ./RTD/src/Pit_Ip.o
LOAD ./RTD/src/SchM_Can_43_FLEXCAN.o
LOAD ./RTD/src/SchM_Dio.o
LOAD ./RTD/src/SchM_Gpt.o
LOAD ./RTD/src/SchM_Mcl.o
LOAD ./RTD/src/SchM_Mcu.o
LOAD ./RTD/src/SchM_Port.o
LOAD ./RTD/src/SchM_Uart.o
LOAD ./RTD/src/Siul2_Dio_Ip.o
LOAD ./RTD/src/Siul2_Port_Ip.o
LOAD ./RTD/src/Tspc_Port_Ip.o
LOAD ./board/Siul2_Port_Ip_Cfg.o
LOAD ./board/Tspc_Port_Ip_Cfg.o
LOAD ./generate/src/Clock_Ip_Cfg.o
LOAD ./generate/src/FlexCAN_Ip_Sa_PBcfg.o
LOAD ./generate/src/Flexio_Mcl_Ip_PBcfg.o
LOAD ./generate/src/Igf_Port_Ip_Cfg.o
LOAD ./generate/src/IntCtrl_Ip_Cfg.o
LOAD ./generate/src/Lpuart_Uart_Ip_Sa_PBcfg.o
LOAD ./generate/src/OsIf_Cfg.o
LOAD ./generate/src/Pit_Ip_PBcfg.o
LOAD ./src/butl/evcc_ecudb-binutil.o
LOAD ./src/butl/vector__xxx_ecudb-binutil.o
LOAD ./src/lib/ecudb.o
LOAD ./src/main.o
LOAD ./src/usr/ecudb-fmon.o
LOAD c:/nxp/s32ds.3.5/s32ds/build_tools/gcc_v10.2/gcc-10.2-arm32-eabi/bin/../lib/gcc/arm-none-eabi/10.2.0/../../../../arm-none-eabi/lib/thumb/v7e-m+fp/hard\libc_nano.a
LOAD c:/nxp/s32ds.3.5/s32ds/build_tools/gcc_v10.2/gcc-10.2-arm32-eabi/bin/../lib/gcc/arm-none-eabi/10.2.0/../../../../arm-none-eabi/lib/thumb/v7e-m+fp/hard\libm.a
LOAD c:/nxp/s32ds.3.5/s32ds/build_tools/gcc_v10.2/gcc-10.2-arm32-eabi/bin/../lib/gcc/arm-none-eabi/10.2.0/thumb/v7e-m+fp/hard\libgcc.a
START GROUP
LOAD c:/nxp/s32ds.3.5/s32ds/build_tools/gcc_v10.2/gcc-10.2-arm32-eabi/bin/../lib/gcc/arm-none-eabi/10.2.0/thumb/v7e-m+fp/hard\libgcc.a
LOAD c:/nxp/s32ds.3.5/s32ds/build_tools/gcc_v10.2/gcc-10.2-arm32-eabi/bin/../lib/gcc/arm-none-eabi/10.2.0/../../../../arm-none-eabi/lib/thumb/v7e-m+fp/hard\libg_nano.a
LOAD c:/nxp/s32ds.3.5/s32ds/build_tools/gcc_v10.2/gcc-10.2-arm32-eabi/bin/../lib/gcc/arm-none-eabi/10.2.0/../../../../arm-none-eabi/lib/thumb/v7e-m+fp/hard\libc_nano.a
END GROUP
START GROUP
LOAD c:/nxp/s32ds.3.5/s32ds/build_tools/gcc_v10.2/gcc-10.2-arm32-eabi/bin/../lib/gcc/arm-none-eabi/10.2.0/thumb/v7e-m+fp/hard\libgcc.a
LOAD c:/nxp/s32ds.3.5/s32ds/build_tools/gcc_v10.2/gcc-10.2-arm32-eabi/bin/../lib/gcc/arm-none-eabi/10.2.0/../../../../arm-none-eabi/lib/thumb/v7e-m+fp/hard\libc_nano.a
LOAD c:/nxp/s32ds.3.5/s32ds/build_tools/gcc_v10.2/gcc-10.2-arm32-eabi/bin/../lib/gcc/arm-none-eabi/10.2.0/../../../../arm-none-eabi/lib/thumb/v7e-m+fp/hard\libnosys.a
END GROUP
START GROUP
LOAD c:/nxp/s32ds.3.5/s32ds/build_tools/gcc_v10.2/gcc-10.2-arm32-eabi/bin/../lib/gcc/arm-none-eabi/10.2.0/thumb/v7e-m+fp/hard\libgcc.a
LOAD c:/nxp/s32ds.3.5/s32ds/build_tools/gcc_v10.2/gcc-10.2-arm32-eabi/bin/../lib/gcc/arm-none-eabi/10.2.0/../../../../arm-none-eabi/lib/thumb/v7e-m+fp/hard\libc_nano.a
LOAD c:/nxp/s32ds.3.5/s32ds/build_tools/gcc_v10.2/gcc-10.2-arm32-eabi/bin/../lib/gcc/arm-none-eabi/10.2.0/../../../../arm-none-eabi/lib/thumb/v7e-m+fp/hard\libnosys.a
END GROUP
                0x00000200                HEAP_SIZE = DEFINED (__heap_size__)?__heap_size__:0x200
                0x20407fff                __STANDBY_RAM_LIMIT_END = 0x20407fff

.pflash         0x00400000     0xfc10
 *(.boot_header)
 .boot_header   0x00400000       0x30 ./Project_Settings/Startup_Code/startup_cm7.o
                0x00400800                . = ALIGN (0x800)
 *fill*         0x00400030      0x7d0 
                0x00400800                __text_start = .
                0x00400800                __interrupts_init_start = .
 *(.intc_vector)
 .intc_vector   0x00400800      0x408 ./Project_Settings/Startup_Code/Vector_Table.o
                0x00400800                VTABLE
                0x00400c08                . = ALIGN (0x4)
                0x00400c08                __interrupts_init_end = .
 *(.core_loop)
 .core_loop     0x00400c08        0xc ./Project_Settings/Startup_Code/startup_cm7.o
                0x00400c08                _core_loop
                0x00400c14                . = ALIGN (0x4)
 *(.startup)
 *fill*         0x00400c14        0xc 
 .startup       0x00400c20      0x1dc ./Project_Settings/Startup_Code/startup_cm7.o
                0x00400c20                Reset_Handler
                0x00400c20                _start
                0x00400d8c                MCAL_LTB_TRACE_OFF
                0x00400d8e                _end_of_eunit_test
                0x00400dfc                . = ALIGN (0x4)
 *(.systeminit)
                0x00400dfc                . = ALIGN (0x4)
 *(.text.startup)
 .text.startup  0x00400dfc       0x68 ./src/main.o
                0x00400dfc                main
                0x00400e64                . = ALIGN (0x4)
 *(.text)
 .text          0x00400e64        0x0 ./Project_Settings/Startup_Code/Vector_Table.o
 .text          0x00400e64        0x0 ./Project_Settings/Startup_Code/exceptions.o
 .text          0x00400e64        0x0 ./Project_Settings/Startup_Code/nvic.o
 .text          0x00400e64        0x0 ./Project_Settings/Startup_Code/startup.o
 .text          0x00400e64        0x0 ./Project_Settings/Startup_Code/startup_cm7.o
 .text          0x00400e64       0x10 ./Project_Settings/Startup_Code/system.o
                0x00400e64                Sys_GetCoreID
 .text          0x00400e74        0x0 ./RTD/src/Clock_Ip.o
 .text          0x00400e74        0x0 ./RTD/src/Clock_Ip_Data.o
 .text          0x00400e74        0x0 ./RTD/src/Clock_Ip_Divider.o
 .text          0x00400e74        0x0 ./RTD/src/Clock_Ip_DividerTrigger.o
 .text          0x00400e74        0x0 ./RTD/src/Clock_Ip_ExtOsc.o
 .text          0x00400e74        0x0 ./RTD/src/Clock_Ip_FracDiv.o
 .text          0x00400e74        0x0 ./RTD/src/Clock_Ip_Frequency.o
 .text          0x00400e74        0x0 ./RTD/src/Clock_Ip_Gate.o
 .text          0x00400e74        0x0 ./RTD/src/Clock_Ip_IntOsc.o
 .text          0x00400e74        0x0 ./RTD/src/Clock_Ip_Irq.o
 .text          0x00400e74        0x0 ./RTD/src/Clock_Ip_Monitor.o
 .text          0x00400e74        0x0 ./RTD/src/Clock_Ip_Pll.o
 .text          0x00400e74        0x0 ./RTD/src/Clock_Ip_ProgFreqSwitch.o
 .text          0x00400e74        0x0 ./RTD/src/Clock_Ip_Selector.o
 .text          0x00400e74        0x0 ./RTD/src/Clock_Ip_Specific.o
 .text          0x00400e74        0x0 ./RTD/src/Det.o
 .text          0x00400e74        0x0 ./RTD/src/Det_stub.o
 .text          0x00400e74       0x1a ./RTD/src/FlexCAN_Ip.o
 .text          0x00400e8e       0x1a ./RTD/src/FlexCAN_Ip_HwAccess.o
 .text          0x00400ea8        0x0 ./RTD/src/FlexCAN_Ip_Irq.o
 .text          0x00400ea8        0x0 ./RTD/src/Flexio_Mcl_Ip.o
 .text          0x00400ea8        0x0 ./RTD/src/Flexio_Mcl_Ip_HwAccess.o
 .text          0x00400ea8        0x0 ./RTD/src/Flexio_Mcl_Ip_Irq.o
 .text          0x00400ea8        0x0 ./RTD/src/Igf_Port_Ip.o
 .text          0x00400ea8       0x1a ./RTD/src/IntCtrl_Ip.o
 .text          0x00400ec2       0x1a ./RTD/src/Lpuart_Uart_Ip.o
 .text          0x00400edc        0x0 ./RTD/src/Lpuart_Uart_Ip_Irq.o
 .text          0x00400edc        0x0 ./RTD/src/OsIf_Interrupts.o
 .text          0x00400edc        0x0 ./RTD/src/OsIf_Timer.o
 .text          0x00400edc        0x0 ./RTD/src/OsIf_Timer_System.o
 .text          0x00400edc        0x0 ./RTD/src/OsIf_Timer_System_Internal_Systick.o
 .text          0x00400edc        0x0 ./RTD/src/Pit_Ip.o
 .text          0x00400edc        0x6 ./RTD/src/SchM_Can_43_FLEXCAN.o
                0x00400edc                Can_43_FLEXCAN_schm_read_msr
 .text          0x00400ee2        0x6 ./RTD/src/SchM_Dio.o
                0x00400ee2                Dio_schm_read_msr
 .text          0x00400ee8        0x6 ./RTD/src/SchM_Gpt.o
                0x00400ee8                Gpt_schm_read_msr
 .text          0x00400eee        0x6 ./RTD/src/SchM_Mcl.o
                0x00400eee                Mcl_schm_read_msr
 .text          0x00400ef4        0x6 ./RTD/src/SchM_Mcu.o
                0x00400ef4                Mcu_schm_read_msr
 .text          0x00400efa        0x6 ./RTD/src/SchM_Port.o
                0x00400efa                Port_schm_read_msr
 .text          0x00400f00        0x6 ./RTD/src/SchM_Uart.o
                0x00400f00                Uart_schm_read_msr
 .text          0x00400f06       0x1a ./RTD/src/Siul2_Dio_Ip.o
 .text          0x00400f20       0x1a ./RTD/src/Siul2_Port_Ip.o
 .text          0x00400f3a       0x1a ./RTD/src/Tspc_Port_Ip.o
 .text          0x00400f54        0x0 ./board/Siul2_Port_Ip_Cfg.o
 .text          0x00400f54        0x0 ./board/Tspc_Port_Ip_Cfg.o
 .text          0x00400f54        0x0 ./generate/src/Clock_Ip_Cfg.o
 .text          0x00400f54        0x0 ./generate/src/FlexCAN_Ip_Sa_PBcfg.o
 .text          0x00400f54        0x0 ./generate/src/Flexio_Mcl_Ip_PBcfg.o
 .text          0x00400f54        0x0 ./generate/src/Igf_Port_Ip_Cfg.o
 .text          0x00400f54        0x0 ./generate/src/IntCtrl_Ip_Cfg.o
 .text          0x00400f54        0x0 ./generate/src/Lpuart_Uart_Ip_Sa_PBcfg.o
 .text          0x00400f54        0x0 ./generate/src/OsIf_Cfg.o
 .text          0x00400f54        0x0 ./generate/src/Pit_Ip_PBcfg.o
 .text          0x00400f54       0x26 ./src/butl/evcc_ecudb-binutil.o
                0x00400f54                evcc_ecudb_Receive
 *fill*         0x00400f7a        0x2 
 .text          0x00400f7c       0x70 ./src/butl/vector__xxx_ecudb-binutil.o
                0x00400f7c                vector__xxx_ecudb_Receive
 .text          0x00400fec      0x35c ./src/lib/ecudb.o
                0x00400fec                Unpack_EVCC_RX_1_ecudb
                0x0040100e                Pack_EVCC_RX_1_ecudb
                0x00401044                Unpack_EVCC_RX_2_ecudb
                0x00401082                Pack_EVCC_RX_2_ecudb
                0x004010da                Unpack_EVCC_TX_1_ecudb
                0x00401124                Pack_EVCC_TX_1_ecudb
                0x00401188                Unpack_EVCC_TX_3_ecudb
                0x004011aa                Pack_EVCC_TX_3_ecudb
                0x004011e2                Unpack_EVCC_TX_4_ecudb
                0x00401200                Pack_EVCC_TX_4_ecudb
                0x0040123e                Unpack_EVCC_TX_2_ecudb
                0x0040128c                Pack_EVCC_TX_2_ecudb
                0x00401300                Unpack_EVCC_TX_5_ecudb
                0x0040131c                Pack_EVCC_TX_5_ecudb
 .text          0x00401348      0x398 ./src/main.o
                0x00401348                PitNotification
                0x0040137c                Clock_Init
                0x004013b8                LED_Init
                0x004013e8                LPUART_Init
                0x00401400                UART_Error_Handler
                0x0040144c                CAN_Init
                0x004014d0                processCANMessage
                0x00401590                sendCANMessage
                0x004015d2                receiveCANMessage
                0x004016a4                PIT_Init
 .text          0x004016e0        0x0 ./src/usr/ecudb-fmon.o
 .text          0x004016e0        0x0 c:/nxp/s32ds.3.5/s32ds/build_tools/gcc_v10.2/gcc-10.2-arm32-eabi/bin/../lib/gcc/arm-none-eabi/10.2.0/../../../../arm-none-eabi/lib/thumb/v7e-m+fp/hard\libc_nano.a(lib_a-memmove.o)
 .text          0x004016e0        0x0 c:/nxp/s32ds.3.5/s32ds/build_tools/gcc_v10.2/gcc-10.2-arm32-eabi/bin/../lib/gcc/arm-none-eabi/10.2.0/../../../../arm-none-eabi/lib/thumb/v7e-m+fp/hard\libc_nano.a(lib_a-memset.o)
 .text          0x004016e0        0x0 c:/nxp/s32ds.3.5/s32ds/build_tools/gcc_v10.2/gcc-10.2-arm32-eabi/bin/../lib/gcc/arm-none-eabi/10.2.0/../../../../arm-none-eabi/lib/thumb/v7e-m+fp/hard\libc_nano.a(lib_a-snprintf.o)
 .text          0x004016e0       0x10 c:/nxp/s32ds.3.5/s32ds/build_tools/gcc_v10.2/gcc-10.2-arm32-eabi/bin/../lib/gcc/arm-none-eabi/10.2.0/../../../../arm-none-eabi/lib/thumb/v7e-m+fp/hard\libc_nano.a(lib_a-strlen.o)
                0x004016e0                strlen
 .text          0x004016f0        0x0 c:/nxp/s32ds.3.5/s32ds/build_tools/gcc_v10.2/gcc-10.2-arm32-eabi/bin/../lib/gcc/arm-none-eabi/10.2.0/../../../../arm-none-eabi/lib/thumb/v7e-m+fp/hard\libc_nano.a(lib_a-strncat.o)
 .text          0x004016f0        0x0 c:/nxp/s32ds.3.5/s32ds/build_tools/gcc_v10.2/gcc-10.2-arm32-eabi/bin/../lib/gcc/arm-none-eabi/10.2.0/../../../../arm-none-eabi/lib/thumb/v7e-m+fp/hard\libc_nano.a(lib_a-impure.o)
 .text          0x004016f0        0x0 c:/nxp/s32ds.3.5/s32ds/build_tools/gcc_v10.2/gcc-10.2-arm32-eabi/bin/../lib/gcc/arm-none-eabi/10.2.0/../../../../arm-none-eabi/lib/thumb/v7e-m+fp/hard\libc_nano.a(lib_a-nano-svfprintf.o)
 .text          0x004016f0        0x0 c:/nxp/s32ds.3.5/s32ds/build_tools/gcc_v10.2/gcc-10.2-arm32-eabi/bin/../lib/gcc/arm-none-eabi/10.2.0/../../../../arm-none-eabi/lib/thumb/v7e-m+fp/hard\libc_nano.a(lib_a-nano-vfprintf_i.o)
 .text          0x004016f0       0xa0 c:/nxp/s32ds.3.5/s32ds/build_tools/gcc_v10.2/gcc-10.2-arm32-eabi/bin/../lib/gcc/arm-none-eabi/10.2.0/../../../../arm-none-eabi/lib/thumb/v7e-m+fp/hard\libc_nano.a(lib_a-memchr.o)
                0x004016f0                memchr
 .text          0x00401790        0x0 c:/nxp/s32ds.3.5/s32ds/build_tools/gcc_v10.2/gcc-10.2-arm32-eabi/bin/../lib/gcc/arm-none-eabi/10.2.0/../../../../arm-none-eabi/lib/thumb/v7e-m+fp/hard\libc_nano.a(lib_a-memcpy-stub.o)
 .text          0x00401790        0x0 c:/nxp/s32ds.3.5/s32ds/build_tools/gcc_v10.2/gcc-10.2-arm32-eabi/bin/../lib/gcc/arm-none-eabi/10.2.0/../../../../arm-none-eabi/lib/thumb/v7e-m+fp/hard\libc_nano.a(lib_a-nano-freer.o)
 .text          0x00401790        0x0 c:/nxp/s32ds.3.5/s32ds/build_tools/gcc_v10.2/gcc-10.2-arm32-eabi/bin/../lib/gcc/arm-none-eabi/10.2.0/../../../../arm-none-eabi/lib/thumb/v7e-m+fp/hard\libc_nano.a(lib_a-nano-mallocr.o)
 .text          0x00401790        0x0 c:/nxp/s32ds.3.5/s32ds/build_tools/gcc_v10.2/gcc-10.2-arm32-eabi/bin/../lib/gcc/arm-none-eabi/10.2.0/../../../../arm-none-eabi/lib/thumb/v7e-m+fp/hard\libc_nano.a(lib_a-nano-reallocr.o)
 .text          0x00401790        0x0 c:/nxp/s32ds.3.5/s32ds/build_tools/gcc_v10.2/gcc-10.2-arm32-eabi/bin/../lib/gcc/arm-none-eabi/10.2.0/../../../../arm-none-eabi/lib/thumb/v7e-m+fp/hard\libc_nano.a(lib_a-sbrkr.o)
 .text          0x00401790        0x0 c:/nxp/s32ds.3.5/s32ds/build_tools/gcc_v10.2/gcc-10.2-arm32-eabi/bin/../lib/gcc/arm-none-eabi/10.2.0/../../../../arm-none-eabi/lib/thumb/v7e-m+fp/hard\libc_nano.a(lib_a-mlock.o)
 .text          0x00401790        0x0 c:/nxp/s32ds.3.5/s32ds/build_tools/gcc_v10.2/gcc-10.2-arm32-eabi/bin/../lib/gcc/arm-none-eabi/10.2.0/../../../../arm-none-eabi/lib/thumb/v7e-m+fp/hard\libc_nano.a(lib_a-nano-msizer.o)
 .text          0x00401790        0x0 c:/nxp/s32ds.3.5/s32ds/build_tools/gcc_v10.2/gcc-10.2-arm32-eabi/bin/../lib/gcc/arm-none-eabi/10.2.0/../../../../arm-none-eabi/lib/thumb/v7e-m+fp/hard\libc_nano.a(lib_a-reent.o)
 .text          0x00401790        0x0 c:/nxp/s32ds.3.5/s32ds/build_tools/gcc_v10.2/gcc-10.2-arm32-eabi/bin/../lib/gcc/arm-none-eabi/10.2.0/../../../../arm-none-eabi/lib/thumb/v7e-m+fp/hard\libnosys.a(sbrk.o)
 *(.text*)
 .text.memmove  0x00401790       0x34 c:/nxp/s32ds.3.5/s32ds/build_tools/gcc_v10.2/gcc-10.2-arm32-eabi/bin/../lib/gcc/arm-none-eabi/10.2.0/../../../../arm-none-eabi/lib/thumb/v7e-m+fp/hard\libc_nano.a(lib_a-memmove.o)
                0x00401790                memmove
 .text.memset   0x004017c4       0x10 c:/nxp/s32ds.3.5/s32ds/build_tools/gcc_v10.2/gcc-10.2-arm32-eabi/bin/../lib/gcc/arm-none-eabi/10.2.0/../../../../arm-none-eabi/lib/thumb/v7e-m+fp/hard\libc_nano.a(lib_a-memset.o)
                0x004017c4                memset
 .text._snprintf_r
                0x004017d4       0x5e c:/nxp/s32ds.3.5/s32ds/build_tools/gcc_v10.2/gcc-10.2-arm32-eabi/bin/../lib/gcc/arm-none-eabi/10.2.0/../../../../arm-none-eabi/lib/thumb/v7e-m+fp/hard\libc_nano.a(lib_a-snprintf.o)
                0x004017d4                _snprintf_r
                0x004017d4                _sniprintf_r
 *fill*         0x00401832        0x2 
 .text.snprintf
                0x00401834       0x68 c:/nxp/s32ds.3.5/s32ds/build_tools/gcc_v10.2/gcc-10.2-arm32-eabi/bin/../lib/gcc/arm-none-eabi/10.2.0/../../../../arm-none-eabi/lib/thumb/v7e-m+fp/hard\libc_nano.a(lib_a-snprintf.o)
                0x00401834                sniprintf
                0x00401834                snprintf
 .text.strncat  0x0040189c       0x26 c:/nxp/s32ds.3.5/s32ds/build_tools/gcc_v10.2/gcc-10.2-arm32-eabi/bin/../lib/gcc/arm-none-eabi/10.2.0/../../../../arm-none-eabi/lib/thumb/v7e-m+fp/hard\libc_nano.a(lib_a-strncat.o)
                0x0040189c                strncat
 .text.__ssputs_r
                0x004018c2       0xb6 c:/nxp/s32ds.3.5/s32ds/build_tools/gcc_v10.2/gcc-10.2-arm32-eabi/bin/../lib/gcc/arm-none-eabi/10.2.0/../../../../arm-none-eabi/lib/thumb/v7e-m+fp/hard\libc_nano.a(lib_a-nano-svfprintf.o)
                0x004018c2                __ssputs_r
 .text.__ssprint_r
                0x00401978       0xf6 c:/nxp/s32ds.3.5/s32ds/build_tools/gcc_v10.2/gcc-10.2-arm32-eabi/bin/../lib/gcc/arm-none-eabi/10.2.0/../../../../arm-none-eabi/lib/thumb/v7e-m+fp/hard\libc_nano.a(lib_a-nano-svfprintf.o)
                0x00401978                __ssprint_r
 *fill*         0x00401a6e        0x2 
 .text._svfprintf_r
                0x00401a70      0x200 c:/nxp/s32ds.3.5/s32ds/build_tools/gcc_v10.2/gcc-10.2-arm32-eabi/bin/../lib/gcc/arm-none-eabi/10.2.0/../../../../arm-none-eabi/lib/thumb/v7e-m+fp/hard\libc_nano.a(lib_a-nano-svfprintf.o)
                0x00401a70                _svfiprintf_r
                0x00401a70                _svfprintf_r
 .text._printf_common
                0x00401c70       0xda c:/nxp/s32ds.3.5/s32ds/build_tools/gcc_v10.2/gcc-10.2-arm32-eabi/bin/../lib/gcc/arm-none-eabi/10.2.0/../../../../arm-none-eabi/lib/thumb/v7e-m+fp/hard\libc_nano.a(lib_a-nano-vfprintf_i.o)
                0x00401c70                _printf_common
 *fill*         0x00401d4a        0x2 
 .text._printf_i
                0x00401d4c      0x24c c:/nxp/s32ds.3.5/s32ds/build_tools/gcc_v10.2/gcc-10.2-arm32-eabi/bin/../lib/gcc/arm-none-eabi/10.2.0/../../../../arm-none-eabi/lib/thumb/v7e-m+fp/hard\libc_nano.a(lib_a-nano-vfprintf_i.o)
                0x00401d4c                _printf_i
 .text.memcpy   0x00401f98       0x1c c:/nxp/s32ds.3.5/s32ds/build_tools/gcc_v10.2/gcc-10.2-arm32-eabi/bin/../lib/gcc/arm-none-eabi/10.2.0/../../../../arm-none-eabi/lib/thumb/v7e-m+fp/hard\libc_nano.a(lib_a-memcpy-stub.o)
                0x00401f98                memcpy
 .text._free_r  0x00401fb4       0x98 c:/nxp/s32ds.3.5/s32ds/build_tools/gcc_v10.2/gcc-10.2-arm32-eabi/bin/../lib/gcc/arm-none-eabi/10.2.0/../../../../arm-none-eabi/lib/thumb/v7e-m+fp/hard\libc_nano.a(lib_a-nano-freer.o)
                0x00401fb4                _free_r
 .text._malloc_r
                0x0040204c       0xb4 c:/nxp/s32ds.3.5/s32ds/build_tools/gcc_v10.2/gcc-10.2-arm32-eabi/bin/../lib/gcc/arm-none-eabi/10.2.0/../../../../arm-none-eabi/lib/thumb/v7e-m+fp/hard\libc_nano.a(lib_a-nano-mallocr.o)
                0x0040204c                _malloc_r
 .text._realloc_r
                0x00402100       0x4c c:/nxp/s32ds.3.5/s32ds/build_tools/gcc_v10.2/gcc-10.2-arm32-eabi/bin/../lib/gcc/arm-none-eabi/10.2.0/../../../../arm-none-eabi/lib/thumb/v7e-m+fp/hard\libc_nano.a(lib_a-nano-reallocr.o)
                0x00402100                _realloc_r
 .text._sbrk_r  0x0040214c       0x20 c:/nxp/s32ds.3.5/s32ds/build_tools/gcc_v10.2/gcc-10.2-arm32-eabi/bin/../lib/gcc/arm-none-eabi/10.2.0/../../../../arm-none-eabi/lib/thumb/v7e-m+fp/hard\libc_nano.a(lib_a-sbrkr.o)
                0x0040214c                _sbrk_r
 .text.__malloc_lock
                0x0040216c        0x2 c:/nxp/s32ds.3.5/s32ds/build_tools/gcc_v10.2/gcc-10.2-arm32-eabi/bin/../lib/gcc/arm-none-eabi/10.2.0/../../../../arm-none-eabi/lib/thumb/v7e-m+fp/hard\libc_nano.a(lib_a-mlock.o)
                0x0040216c                __malloc_lock
 .text.__malloc_unlock
                0x0040216e        0x2 c:/nxp/s32ds.3.5/s32ds/build_tools/gcc_v10.2/gcc-10.2-arm32-eabi/bin/../lib/gcc/arm-none-eabi/10.2.0/../../../../arm-none-eabi/lib/thumb/v7e-m+fp/hard\libc_nano.a(lib_a-mlock.o)
                0x0040216e                __malloc_unlock
 .text._malloc_usable_size_r
                0x00402170       0x10 c:/nxp/s32ds.3.5/s32ds/build_tools/gcc_v10.2/gcc-10.2-arm32-eabi/bin/../lib/gcc/arm-none-eabi/10.2.0/../../../../arm-none-eabi/lib/thumb/v7e-m+fp/hard\libc_nano.a(lib_a-nano-msizer.o)
                0x00402170                _malloc_usable_size_r
 .text.cleanup_glue
                0x00402180       0x1a c:/nxp/s32ds.3.5/s32ds/build_tools/gcc_v10.2/gcc-10.2-arm32-eabi/bin/../lib/gcc/arm-none-eabi/10.2.0/../../../../arm-none-eabi/lib/thumb/v7e-m+fp/hard\libc_nano.a(lib_a-reent.o)
                0x00402180                cleanup_glue
 *fill*         0x0040219a        0x2 
 .text._reclaim_reent
                0x0040219c       0xb8 c:/nxp/s32ds.3.5/s32ds/build_tools/gcc_v10.2/gcc-10.2-arm32-eabi/bin/../lib/gcc/arm-none-eabi/10.2.0/../../../../arm-none-eabi/lib/thumb/v7e-m+fp/hard\libc_nano.a(lib_a-reent.o)
                0x0040219c                _reclaim_reent
 .text._sbrk    0x00402254       0x1c c:/nxp/s32ds.3.5/s32ds/build_tools/gcc_v10.2/gcc-10.2-arm32-eabi/bin/../lib/gcc/arm-none-eabi/10.2.0/../../../../arm-none-eabi/lib/thumb/v7e-m+fp/hard\libnosys.a(sbrk.o)
                0x00402254                _sbrk
                0x00402270                . = ALIGN (0x4)
 *(.mcal_text)
 .mcal_text     0x00402270       0x14 ./Project_Settings/Startup_Code/exceptions.o
                0x00402270                NMI_Handler
                0x00402272                HardFault_Handler
                0x00402274                MemManage_Handler
                0x00402276                BusFault_Handler
                0x00402278                UsageFault_Handler
                0x0040227a                SVC_Handler
                0x0040227c                DebugMon_Handler
                0x0040227e                PendSV_Handler
                0x00402280                SysTick_Handler
                0x00402282                undefined_handler
 .mcal_text     0x00402284       0x52 ./Project_Settings/Startup_Code/nvic.o
                0x00402284                NVIC_SetPriorityGrouping
                0x00402298                NVIC_EnableIRQ
                0x004022b0                NVIC_DisableIRQ
                0x004022c8                NVIC_SetPriority
 *fill*         0x004022d6        0x2 
 .mcal_text     0x004022d8       0xe8 ./Project_Settings/Startup_Code/startup.o
                0x004022d8                init_data_bss
                0x00402364                init_data_bss_core2
 .mcal_text     0x004023c0      0x2ec ./Project_Settings/Startup_Code/system.o
                0x004023c0                startup_go_to_user_mode
                0x004023c2                default_interrupt_routine
                0x004023c4                SystemInit
 .mcal_text     0x004026ac      0x874 ./RTD/src/Clock_Ip.o
                0x004026ae                Clock_Ip_InitClock
                0x00402c40                Clock_Ip_GetPllStatus
                0x00402ce4                Clock_Ip_DistributePll
                0x00402dd0                Clock_Ip_Init
                0x00402df4                Clock_Ip_DisableClockMonitor
                0x00402e18                Clock_Ip_InstallNotificationsCallback
                0x00402e24                Clock_Ip_DisableModuleClock
                0x00402e4c                Clock_Ip_EnableModuleClock
                0x00402e74                Clock_Ip_GetClockFrequency
                0x00402e78                Clock_Ip_DisableFircInStandby
                0x00402e90                Clock_Ip_EnableFircInStandby
                0x00402ea8                Clock_Ip_DisableSircInStandby
                0x00402ec0                Clock_Ip_EnableSircInStandby
                0x00402ed8                Clock_Ip_ReportClockErrors
                0x00402ee4                Clock_Ip_StartTimeout
                0x00402f04                Clock_Ip_TimeoutExpired
 .mcal_text     0x00402f20      0x120 ./RTD/src/Clock_Ip_Divider.o
 .mcal_text     0x00403040       0x9c ./RTD/src/Clock_Ip_DividerTrigger.o
 .mcal_text     0x004030dc      0x1dc ./RTD/src/Clock_Ip_ExtOsc.o
 .mcal_text     0x004032b8        0x6 ./RTD/src/Clock_Ip_FracDiv.o
 *fill*         0x004032be        0x2 
 .mcal_text     0x004032c0      0xdac ./RTD/src/Clock_Ip_Frequency.o
                0x00403fe0                Clock_Ip_Get_RTC_CLK_Frequency_TrustedCall
                0x00404020                Clock_Ip_SetExternalOscillatorFrequency
                0x0040403c                Clock_Ip_GetFreq
                0x00404048                Clock_Ip_SetExternalSignalFrequency
 .mcal_text     0x0040406c      0x128 ./RTD/src/Clock_Ip_Gate.o
 .mcal_text     0x00404194      0x104 ./RTD/src/Clock_Ip_IntOsc.o
 .mcal_text     0x00404298        0x4 ./RTD/src/Clock_Ip_Irq.o
                0x00404298                Mcu_Cmu_ClockFail_IRQHandler
 .mcal_text     0x0040429c      0x204 ./RTD/src/Clock_Ip_Monitor.o
                0x00404448                Clock_Ip_CMU_GetInterruptStatus
                0x0040445c                Clock_Ip_CMU_ClockFailInt
 .mcal_text     0x004044a0      0x17c ./RTD/src/Clock_Ip_Pll.o
 .mcal_text     0x0040461c      0x154 ./RTD/src/Clock_Ip_ProgFreqSwitch.o
 .mcal_text     0x00404770      0x3dc ./RTD/src/Clock_Ip_Selector.o
                0x00404b20                Clock_Ip_SetRtcRtccClksel_TrustedCall
 .mcal_text     0x00404b4c      0x2c4 ./RTD/src/Clock_Ip_Specific.o
                0x00404b4c                Clock_Ip_McMeEnterKey
                0x00404b60                Clock_Ip_PowerClockIpModules
                0x00404d60                DisableFircInStandbyMode
                0x00404d70                EnableFircInStandbyMode
                0x00404d8c                DisableSircInStandbyMode
                0x00404d9c                EnableSircInStandbyMode
                0x00404db8                Clock_Ip_Command
                0x00404e08                Clock_Ip_FLASH_SetFlashIWS
                0x00404e0c                Clock_Ip_SetFlashWaitStates
 .mcal_text     0x00404e10       0xa4 ./RTD/src/Det.o
                0x00404e10                Det_Init
                0x00404e12                Det_ReportError
                0x00404e48                Det_ReportRuntimeError
                0x00404e7c                Det_ReportTransientFault
                0x00404eb0                Det_Start
 .mcal_text     0x00404eb4      0x21c ./RTD/src/Det_stub.o
                0x00404eb4                Det_TestLastReportError
                0x00404f1c                Det_TestLastReportRuntimeError
                0x00404f84                Det_TestLastReportTransientFault
                0x00404fec                Det_TestNoError
                0x00405038                Det_TestNoRuntimeError
                0x00405084                Det_TestNoTransientFault
 .mcal_text     0x004050d0     0x2138 ./RTD/src/FlexCAN_Ip.o
                0x00405894                FlexCAN_Ip_Init_Privileged
                0x00405a9c                FlexCAN_Ip_Send
                0x00405b14                FlexCAN_Ip_ConfigRxMb
                0x00405ba8                FlexCAN_Ip_Receive
                0x00405bf8                FlexCAN_Ip_ReceiveBlocking
                0x00405ce4                FlexCAN_Ip_RxFifo
                0x00405d2c                FlexCAN_Ip_RxFifoBlocking
                0x00405e1c                FlexCAN_Ip_ConfigRxFifo_Privileged
                0x00405e88                FlexCAN_Ip_ConfigEnhancedRxFifo_Privileged
                0x00405ef8                FlexCAN_Ip_ConfigRemoteResponseMb
                0x00405fb8                FlexCAN_Ip_GetTransferStatus
                0x00405ffc                FlexCAN_IRQHandler
                0x004061c4                FlexCAN_Ip_ClearErrorStatus
                0x004061e0                FlexCAN_Ip_GetErrorStatus
                0x004061fc                FlexCAN_Ip_GetControllerTxErrorCounter
                0x0040621c                FlexCAN_Ip_GetControllerRxErrorCounter
                0x0040623c                FlexCAN_Busoff_Error_IRQHandler
                0x00406314                FlexCAN_Ip_SendBlocking
                0x0040640c                FlexCAN_Ip_SetRxMbGlobalMask_Privileged
                0x00406460                FlexCAN_Ip_EnterFreezeMode_Privileged
                0x00406470                FlexCAN_Ip_ExitFreezeMode_Privileged
                0x00406480                FlexCAN_Ip_SetRxIndividualMask_Privileged
                0x004064f8                FlexCAN_Ip_SetRxFifoGlobalMask_Privileged
                0x00406550                FlexCAN_Ip_Deinit_Privileged
                0x00406640                FlexCAN_Ip_MainFunctionRead
                0x004066e0                FlexCAN_Ip_MainFunctionBusOff_Privileged
                0x00406724                FlexCAN_Ip_MainFunctionWrite
                0x004067d4                FlexCAN_Ip_GetStopMode_Privileged
                0x004067e8                FlexCAN_Ip_GetStartMode_Privileged
                0x00406800                FlexCAN_Ip_SetStartMode_Privileged
                0x00406834                FlexCAN_Ip_SetStopMode_Privileged
                0x00406864                FlexCAN_Ip_SetRxMaskType_Privileged
                0x004068d0                FlexCAN_Ip_SetBitrate_Privileged
                0x00406974                FlexCAN_Ip_GetBitrate
                0x00406a28                FlexCAN_Ip_ClearTDCFail
                0x00406a70                FlexCAN_Ip_GetTDCFail
                0x00406aa4                FlexCAN_Ip_GetTDCValue
                0x00406ad8                FlexCAN_Ip_SetBitrateCbt_Privileged
                0x00406ba0                FlexCAN_Ip_GetBitrateFD
                0x00406c3c                FlexCAN_Ip_SetTDCOffset_Privileged
                0x00406ce8                FlexCAN_Ip_SetTxArbitrationStartDelay_Privileged
                0x00406d54                FlexCAN_Ip_GetBuffStatusFlag
                0x00406d88                FlexCAN_Ip_ClearBuffStatusFlag
                0x00406db8                FlexCAN_Ip_EnableInterrupts_Privileged
                0x00406e14                FlexCAN_Ip_DisableInterrupts_Privileged
                0x00406e64                FlexCAN_Ip_SetErrorInt_Privileged
                0x00406f00                FlexCAN_Ip_AbortTransfer
                0x0040705c                FlexCAN_Ip_SetRxMb14Mask_Privileged
                0x004070b4                FlexCAN_Ip_SetRxMb15Mask_Privileged
                0x0040710c                FlexCAN_Ip_SetListenOnlyMode_Privileged
                0x0040717c                FlexCAN_Ip_GetListenOnlyMode
                0x00407190                FlexCAN_Ip_ManualBusOffRecovery
 .mcal_text     0x00407208      0xde8 ./RTD/src/FlexCAN_Ip_HwAccess.o
                0x0040723a                FlexCAN_ComputePayloadSize
                0x00407254                FlexCAN_GetMsgBuffRegion
                0x004072b0                FlexCAN_GetMaxMbNum
                0x004072f8                FlexCAN_EnterFreezeMode
                0x00407358                FlexCAN_Enable
                0x004073a2                FlexCAN_ExitFreezeMode
                0x004073f4                FlexCAN_Disable
                0x00407444                FlexCAN_SetErrIntCmd
                0x004074ac                FlexCAN_Init
                0x0040758c                FlexCAN_EnableRxFifo
                0x004075da                FlexCAN_SetPayloadSize
                0x0040762a                FlexCAN_GetMbPayloadSize
                0x00407656                FlexCAN_LockRxMsgBuff
                0x00407660                FlexCAN_SetMsgBuffIntCmd
                0x004076f0                FLEXCAN_ClearMsgBuffIntCmd
                0x00407750                FlexCAN_DisableInterrupts
                0x00407764                FlexCAN_EnableInterrupts
                0x00407788                FlexCAN_SetRxMsgBuff
                0x00407814                FlexCAN_GetMsgBuffTimestamp
                0x00407820                FlexCAN_GetMsgBuff
                0x004078b6                FlexCAN_SetTxMsgBuff
                0x004079c4                FlexCAN_SetMaxMsgBuffNum
                0x00407a5a                FlexCAN_SetOperationMode
                0x00407a98                FlexCAN_SetRxFifoFilter
                0x00407c40                FlexCAN_ReadRxFifo
                0x00407ca8                FlexCAN_ReadEnhancedRxFifo
                0x00407d38                FlexCAN_IsMbOutOfRange
                0x00407d5a                FlexCAN_IsEnhancedRxFifoAvailable
                0x00407d68                FlexCAN_EnableEnhancedRxFifo
                0x00407df6                FlexCAN_SetEnhancedRxFifoFilter
                0x00407f60                FlexCAN_ConfigCtrlOptions
                0x00407fdc                FlexCAN_ResetImaskBuff
 .mcal_text     0x00407ff0       0x90 ./RTD/src/FlexCAN_Ip_Irq.o
                0x00407ff0                CAN0_ORED_IRQHandler
                0x00407ff6                CAN0_ORED_0_31_MB_IRQHandler
                0x00408002                CAN0_ORED_32_63_MB_IRQHandler
                0x0040800e                CAN1_ORED_IRQHandler
                0x00408014                CAN1_ORED_0_31_MB_IRQHandler
                0x00408020                CAN1_ORED_32_63_MB_IRQHandler
                0x0040802c                CAN2_ORED_IRQHandler
                0x00408032                CAN2_ORED_0_31_MB_IRQHandler
                0x0040803e                CAN2_ORED_32_63_MB_IRQHandler
                0x0040804a                CAN3_ORED_IRQHandler
                0x00408050                CAN3_ORED_0_31_MB_IRQHandler
                0x0040805c                CAN4_ORED_IRQHandler
                0x00408062                CAN4_ORED_0_31_MB_IRQHandler
                0x0040806e                CAN5_ORED_IRQHandler
                0x00408074                CAN5_ORED_0_31_MB_IRQHandler
 .mcal_text     0x00408080       0x4c ./RTD/src/Flexio_Mcl_Ip.o
                0x00408080                Flexio_Mcl_Ip_InitDevice
                0x004080b0                Flexio_Mcl_Ip_DeinitDevice
 .mcal_text     0x004080cc      0x192 ./RTD/src/Flexio_Mcl_Ip_HwAccess.o
                0x004080cc                Flexio_Mcl_Ip_SetSoftwareReset
                0x004080f0                Flexio_Mcl_Ip_SetDebugEnable
                0x00408116                Flexio_Mcl_Ip_SetEnable
                0x00408132                Flexio_Mcl_Ip_GetShifterStatus
                0x0040813c                Flexio_Mcl_Ip_GetAllShifterStatus
                0x00408140                Flexio_Mcl_Ip_ClearShifterStatus
                0x0040814a                Flexio_Mcl_Ip_GetShifterErrorStatus
                0x00408154                Flexio_Mcl_Ip_GetAllShifterErrorStatus
                0x00408158                Flexio_Mcl_Ip_ClearShifterErrorStatus
                0x00408162                Flexio_Mcl_Ip_GetTimerStatus
                0x0040816c                Flexio_Mcl_Ip_GetTimerInterruptEnable
                0x00408176                Flexio_Mcl_Ip_GetAllTimerStatus
                0x0040817a                Flexio_Mcl_Ip_ClearTimerStatus
                0x00408184                Flexio_Mcl_Ip_GetAllShifterInterrupt
                0x00408188                Flexio_Mcl_Ip_GetAllShifterErrorInterrupt
                0x0040818c                Flexio_Mcl_Ip_SetShifterErrorInterrupt
                0x004081ae                Flexio_Mcl_Ip_SetShifterInterrupt
                0x004081d0                Flexio_Mcl_Ip_GetAllPinsStatus
                0x004081d4                Flexio_Mcl_Ip_GetAllPinsInterrupt
                0x004081d8                Flexio_Mcl_Ip_SetShifterDMARequest
                0x004081fa                Flexio_Mcl_Ip_GetAllTimerInterrupt
                0x004081fe                Flexio_Mcl_Ip_SetTimerInterrupt
                0x00408220                Flexio_Mcl_Ip_Init
                0x00408230                Flexio_Mcl_Ip_SetTimerDMARequest
                0x00408252                Flexio_Mcl_Ip_ClearPinStatus
 *fill*         0x0040825e        0x2 
 .mcal_text     0x00408260       0x34 ./RTD/src/Flexio_Mcl_Ip_Irq.o
                0x00408260                MCL_FLEXIO_ISR
 .mcal_text     0x00408294      0x278 ./RTD/src/IntCtrl_Ip.o
                0x00408294                IntCtrl_Ip_InstallHandlerPrivileged
                0x004082e8                IntCtrl_Ip_EnableIrqPrivileged
                0x00408318                IntCtrl_Ip_DisableIrqPrivileged
                0x00408348                IntCtrl_Ip_SetPriorityPrivileged
                0x00408380                IntCtrl_Ip_GetPriorityPrivileged
                0x004083a8                IntCtrl_Ip_ClearPendingPrivileged
                0x004083d8                IntCtrl_Ip_SetPendingPrivileged
                0x00408408                IntCtrl_Ip_GetPendingPrivileged
                0x00408438                IntCtrl_Ip_GetActivePrivileged
                0x00408468                IntCtrl_Ip_Init
                0x004084d4                IntCtrl_Ip_InstallHandler
                0x004084d8                IntCtrl_Ip_EnableIrq
                0x004084dc                IntCtrl_Ip_DisableIrq
                0x004084e0                IntCtrl_Ip_SetPriority
                0x004084e4                IntCtrl_Ip_GetPriority
                0x004084e8                IntCtrl_Ip_ClearPending
                0x004084ec                IntCtrl_Ip_SetPending
                0x004084f0                IntCtrl_Ip_GetPending
                0x004084fe                IntCtrl_Ip_GetActive
 .mcal_text     0x0040850c      0xde4 ./RTD/src/Lpuart_Uart_Ip.o
                0x0040877c                Lpuart_Uart_Ip_Init
                0x004088cc                Lpuart_Uart_Ip_Deinit
                0x00408974                Lpuart_Uart_Ip_SyncSend
                0x00408a60                Lpuart_Uart_Ip_AsyncSend
                0x00408b20                Lpuart_Uart_Ip_GetTransmitStatus
                0x00408b88                Lpuart_Uart_Ip_AbortSendingData
                0x00408bf0                Lpuart_Uart_Ip_SyncReceive
                0x00408d64                Lpuart_Uart_Ip_AsyncReceive
                0x00408e5c                Lpuart_Uart_Ip_GetReceiveStatus
                0x00408ec4                Lpuart_Uart_Ip_AbortReceivingData
                0x00408f3c                Lpuart_Uart_Ip_SetBaudRate
                0x0040903c                Lpuart_Uart_Ip_GetBaudRate
                0x00409068                Lpuart_Uart_Ip_SetTxBuffer
                0x0040909c                Lpuart_Uart_Ip_SetRxBuffer
                0x004090d0                Lpuart_Uart_Ip_IrqHandler
 .mcal_text     0x004092f0        0x6 ./RTD/src/Lpuart_Uart_Ip_Irq.o
                0x004092f0                LPUART_UART_IP_0_IRQHandler
 .mcal_text     0x004092f6       0x18 ./RTD/src/OsIf_Timer.o
                0x004092f6                OsIf_Init
                0x004092f8                OsIf_GetCounter
                0x004092fc                OsIf_GetElapsed
                0x00409304                OsIf_SetTimerFrequency
                0x00409306                OsIf_MicrosToTicks
 .mcal_text     0x0040930e       0x42 ./RTD/src/OsIf_Timer_System_Internal_Systick.o
                0x0040930e                OsIf_Timer_System_Internal_Init
                0x00409324                OsIf_Timer_System_Internal_GetCounter
                0x00409330                OsIf_Timer_System_Internal_GetElapsed
 .mcal_text     0x00409350      0x30c ./RTD/src/Pit_Ip.o
                0x0040936c                Pit_Ip_GetLoadValue
                0x00409380                Pit_Ip_Init
                0x004093ac                Pit_Ip_InitChannel
                0x0040941c                Pit_Ip_Deinit
                0x00409478                Pit_Ip_StartChannel
                0x004094b8                Pit_Ip_StopChannel
                0x004094ec                Pit_Ip_GetCurrentTimer
                0x00409504                Pit_Ip_EnableChannelInterrupt
                0x00409534                Pit_Ip_DisableChannelInterrupt
                0x00409568                Pit_Ip_SetLifetimeTimer
                0x004095d4                Pit_Ip_GetLifetimeTimer
                0x004095e8                PIT_0_ISR
 .mcal_text     0x0040965c      0x834 ./RTD/src/SchM_Can_43_FLEXCAN.o
                0x0040965c                SchM_Enter_Can_43_FLEXCAN_CAN_EXCLUSIVE_AREA_00
                0x00409690                SchM_Exit_Can_43_FLEXCAN_CAN_EXCLUSIVE_AREA_00
                0x004096c0                SchM_Enter_Can_43_FLEXCAN_CAN_EXCLUSIVE_AREA_01
                0x004096f4                SchM_Exit_Can_43_FLEXCAN_CAN_EXCLUSIVE_AREA_01
                0x00409724                SchM_Enter_Can_43_FLEXCAN_CAN_EXCLUSIVE_AREA_02
                0x00409758                SchM_Exit_Can_43_FLEXCAN_CAN_EXCLUSIVE_AREA_02
                0x00409788                SchM_Enter_Can_43_FLEXCAN_CAN_EXCLUSIVE_AREA_03
                0x004097bc                SchM_Exit_Can_43_FLEXCAN_CAN_EXCLUSIVE_AREA_03
                0x004097ec                SchM_Enter_Can_43_FLEXCAN_CAN_EXCLUSIVE_AREA_04
                0x00409820                SchM_Exit_Can_43_FLEXCAN_CAN_EXCLUSIVE_AREA_04
                0x00409850                SchM_Enter_Can_43_FLEXCAN_CAN_EXCLUSIVE_AREA_05
                0x00409884                SchM_Exit_Can_43_FLEXCAN_CAN_EXCLUSIVE_AREA_05
                0x004098b4                SchM_Enter_Can_43_FLEXCAN_CAN_EXCLUSIVE_AREA_06
                0x004098e8                SchM_Exit_Can_43_FLEXCAN_CAN_EXCLUSIVE_AREA_06
                0x00409918                SchM_Enter_Can_43_FLEXCAN_CAN_EXCLUSIVE_AREA_07
                0x0040994c                SchM_Exit_Can_43_FLEXCAN_CAN_EXCLUSIVE_AREA_07
                0x0040997c                SchM_Enter_Can_43_FLEXCAN_CAN_EXCLUSIVE_AREA_08
                0x004099b0                SchM_Exit_Can_43_FLEXCAN_CAN_EXCLUSIVE_AREA_08
                0x004099e0                SchM_Enter_Can_43_FLEXCAN_CAN_EXCLUSIVE_AREA_09
                0x00409a14                SchM_Exit_Can_43_FLEXCAN_CAN_EXCLUSIVE_AREA_09
                0x00409a44                SchM_Enter_Can_43_FLEXCAN_CAN_EXCLUSIVE_AREA_10
                0x00409a78                SchM_Exit_Can_43_FLEXCAN_CAN_EXCLUSIVE_AREA_10
                0x00409aa8                SchM_Enter_Can_43_FLEXCAN_CAN_EXCLUSIVE_AREA_11
                0x00409adc                SchM_Exit_Can_43_FLEXCAN_CAN_EXCLUSIVE_AREA_11
                0x00409b0c                SchM_Enter_Can_43_FLEXCAN_CAN_EXCLUSIVE_AREA_12
                0x00409b40                SchM_Exit_Can_43_FLEXCAN_CAN_EXCLUSIVE_AREA_12
                0x00409b70                SchM_Enter_Can_43_FLEXCAN_CAN_EXCLUSIVE_AREA_13
                0x00409ba4                SchM_Exit_Can_43_FLEXCAN_CAN_EXCLUSIVE_AREA_13
                0x00409bd4                SchM_Enter_Can_43_FLEXCAN_CAN_EXCLUSIVE_AREA_14
                0x00409c08                SchM_Exit_Can_43_FLEXCAN_CAN_EXCLUSIVE_AREA_14
                0x00409c38                SchM_Enter_Can_43_FLEXCAN_CAN_EXCLUSIVE_AREA_15
                0x00409c6c                SchM_Exit_Can_43_FLEXCAN_CAN_EXCLUSIVE_AREA_15
                0x00409c9c                SchM_Enter_Can_43_FLEXCAN_CAN_EXCLUSIVE_AREA_16
                0x00409cd0                SchM_Exit_Can_43_FLEXCAN_CAN_EXCLUSIVE_AREA_16
                0x00409d00                SchM_Enter_Can_43_FLEXCAN_CAN_EXCLUSIVE_AREA_17
                0x00409d34                SchM_Exit_Can_43_FLEXCAN_CAN_EXCLUSIVE_AREA_17
                0x00409d64                SchM_Enter_Can_43_FLEXCAN_CAN_EXCLUSIVE_AREA_18
                0x00409d98                SchM_Exit_Can_43_FLEXCAN_CAN_EXCLUSIVE_AREA_18
                0x00409dc8                SchM_Enter_Can_43_FLEXCAN_CAN_EXCLUSIVE_AREA_19
                0x00409dfc                SchM_Exit_Can_43_FLEXCAN_CAN_EXCLUSIVE_AREA_19
                0x00409e2c                SchM_Enter_Can_43_FLEXCAN_CAN_EXCLUSIVE_AREA_20
                0x00409e60                SchM_Exit_Can_43_FLEXCAN_CAN_EXCLUSIVE_AREA_20
 .mcal_text     0x00409e90       0xc8 ./RTD/src/SchM_Dio.o
                0x00409e90                SchM_Enter_Dio_DIO_EXCLUSIVE_AREA_00
                0x00409ec4                SchM_Exit_Dio_DIO_EXCLUSIVE_AREA_00
                0x00409ef4                SchM_Enter_Dio_DIO_EXCLUSIVE_AREA_01
                0x00409f28                SchM_Exit_Dio_DIO_EXCLUSIVE_AREA_01
 .mcal_text     0x00409f58     0x157c ./RTD/src/SchM_Gpt.o
                0x00409f58                SchM_Enter_Gpt_GPT_EXCLUSIVE_AREA_00
                0x00409f8c                SchM_Exit_Gpt_GPT_EXCLUSIVE_AREA_00
                0x00409fbc                SchM_Enter_Gpt_GPT_EXCLUSIVE_AREA_01
                0x00409ff0                SchM_Exit_Gpt_GPT_EXCLUSIVE_AREA_01
                0x0040a020                SchM_Enter_Gpt_GPT_EXCLUSIVE_AREA_02
                0x0040a054                SchM_Exit_Gpt_GPT_EXCLUSIVE_AREA_02
                0x0040a084                SchM_Enter_Gpt_GPT_EXCLUSIVE_AREA_03
                0x0040a0b8                SchM_Exit_Gpt_GPT_EXCLUSIVE_AREA_03
                0x0040a0e8                SchM_Enter_Gpt_GPT_EXCLUSIVE_AREA_04
                0x0040a11c                SchM_Exit_Gpt_GPT_EXCLUSIVE_AREA_04
                0x0040a14c                SchM_Enter_Gpt_GPT_EXCLUSIVE_AREA_05
                0x0040a180                SchM_Exit_Gpt_GPT_EXCLUSIVE_AREA_05
                0x0040a1b0                SchM_Enter_Gpt_GPT_EXCLUSIVE_AREA_06
                0x0040a1e4                SchM_Exit_Gpt_GPT_EXCLUSIVE_AREA_06
                0x0040a214                SchM_Enter_Gpt_GPT_EXCLUSIVE_AREA_07
                0x0040a248                SchM_Exit_Gpt_GPT_EXCLUSIVE_AREA_07
                0x0040a278                SchM_Enter_Gpt_GPT_EXCLUSIVE_AREA_10
                0x0040a2ac                SchM_Exit_Gpt_GPT_EXCLUSIVE_AREA_10
                0x0040a2dc                SchM_Enter_Gpt_GPT_EXCLUSIVE_AREA_11
                0x0040a310                SchM_Exit_Gpt_GPT_EXCLUSIVE_AREA_11
                0x0040a340                SchM_Enter_Gpt_GPT_EXCLUSIVE_AREA_12
                0x0040a374                SchM_Exit_Gpt_GPT_EXCLUSIVE_AREA_12
                0x0040a3a4                SchM_Enter_Gpt_GPT_EXCLUSIVE_AREA_17
                0x0040a3d8                SchM_Exit_Gpt_GPT_EXCLUSIVE_AREA_17
                0x0040a408                SchM_Enter_Gpt_GPT_EXCLUSIVE_AREA_21
                0x0040a43c                SchM_Exit_Gpt_GPT_EXCLUSIVE_AREA_21
                0x0040a46c                SchM_Enter_Gpt_GPT_EXCLUSIVE_AREA_22
                0x0040a4a0                SchM_Exit_Gpt_GPT_EXCLUSIVE_AREA_22
                0x0040a4d0                SchM_Enter_Gpt_GPT_EXCLUSIVE_AREA_23
                0x0040a504                SchM_Exit_Gpt_GPT_EXCLUSIVE_AREA_23
                0x0040a534                SchM_Enter_Gpt_GPT_EXCLUSIVE_AREA_24
                0x0040a568                SchM_Exit_Gpt_GPT_EXCLUSIVE_AREA_24
                0x0040a598                SchM_Enter_Gpt_GPT_EXCLUSIVE_AREA_25
                0x0040a5cc                SchM_Exit_Gpt_GPT_EXCLUSIVE_AREA_25
                0x0040a5fc                SchM_Enter_Gpt_GPT_EXCLUSIVE_AREA_26
                0x0040a630                SchM_Exit_Gpt_GPT_EXCLUSIVE_AREA_26
                0x0040a660                SchM_Enter_Gpt_GPT_EXCLUSIVE_AREA_27
                0x0040a694                SchM_Exit_Gpt_GPT_EXCLUSIVE_AREA_27
                0x0040a6c4                SchM_Enter_Gpt_GPT_EXCLUSIVE_AREA_28
                0x0040a6f8                SchM_Exit_Gpt_GPT_EXCLUSIVE_AREA_28
                0x0040a728                SchM_Enter_Gpt_GPT_EXCLUSIVE_AREA_29
                0x0040a75c                SchM_Exit_Gpt_GPT_EXCLUSIVE_AREA_29
                0x0040a78c                SchM_Enter_Gpt_GPT_EXCLUSIVE_AREA_30
                0x0040a7c0                SchM_Exit_Gpt_GPT_EXCLUSIVE_AREA_30
                0x0040a7f0                SchM_Enter_Gpt_GPT_EXCLUSIVE_AREA_31
                0x0040a824                SchM_Exit_Gpt_GPT_EXCLUSIVE_AREA_31
                0x0040a854                SchM_Enter_Gpt_GPT_EXCLUSIVE_AREA_35
                0x0040a888                SchM_Exit_Gpt_GPT_EXCLUSIVE_AREA_35
                0x0040a8b8                SchM_Enter_Gpt_GPT_EXCLUSIVE_AREA_36
                0x0040a8ec                SchM_Exit_Gpt_GPT_EXCLUSIVE_AREA_36
                0x0040a91c                SchM_Enter_Gpt_GPT_EXCLUSIVE_AREA_38
                0x0040a950                SchM_Exit_Gpt_GPT_EXCLUSIVE_AREA_38
                0x0040a980                SchM_Enter_Gpt_GPT_EXCLUSIVE_AREA_39
                0x0040a9b4                SchM_Exit_Gpt_GPT_EXCLUSIVE_AREA_39
                0x0040a9e4                SchM_Enter_Gpt_GPT_EXCLUSIVE_AREA_40
                0x0040aa18                SchM_Exit_Gpt_GPT_EXCLUSIVE_AREA_40
                0x0040aa48                SchM_Enter_Gpt_GPT_EXCLUSIVE_AREA_41
                0x0040aa7c                SchM_Exit_Gpt_GPT_EXCLUSIVE_AREA_41
                0x0040aaac                SchM_Enter_Gpt_GPT_EXCLUSIVE_AREA_42
                0x0040aae0                SchM_Exit_Gpt_GPT_EXCLUSIVE_AREA_42
                0x0040ab10                SchM_Enter_Gpt_GPT_EXCLUSIVE_AREA_43
                0x0040ab44                SchM_Exit_Gpt_GPT_EXCLUSIVE_AREA_43
                0x0040ab74                SchM_Enter_Gpt_GPT_EXCLUSIVE_AREA_44
                0x0040aba8                SchM_Exit_Gpt_GPT_EXCLUSIVE_AREA_44
                0x0040abd8                SchM_Enter_Gpt_GPT_EXCLUSIVE_AREA_45
                0x0040ac0c                SchM_Exit_Gpt_GPT_EXCLUSIVE_AREA_45
                0x0040ac3c                SchM_Enter_Gpt_GPT_EXCLUSIVE_AREA_46
                0x0040ac70                SchM_Exit_Gpt_GPT_EXCLUSIVE_AREA_46
                0x0040aca0                SchM_Enter_Gpt_GPT_EXCLUSIVE_AREA_50
                0x0040acd4                SchM_Exit_Gpt_GPT_EXCLUSIVE_AREA_50
                0x0040ad04                SchM_Enter_Gpt_GPT_EXCLUSIVE_AREA_51
                0x0040ad38                SchM_Exit_Gpt_GPT_EXCLUSIVE_AREA_51
                0x0040ad68                SchM_Enter_Gpt_GPT_EXCLUSIVE_AREA_52
                0x0040ad9c                SchM_Exit_Gpt_GPT_EXCLUSIVE_AREA_52
                0x0040adcc                SchM_Enter_Gpt_GPT_EXCLUSIVE_AREA_53
                0x0040ae00                SchM_Exit_Gpt_GPT_EXCLUSIVE_AREA_53
                0x0040ae30                SchM_Enter_Gpt_GPT_EXCLUSIVE_AREA_54
                0x0040ae64                SchM_Exit_Gpt_GPT_EXCLUSIVE_AREA_54
                0x0040ae94                SchM_Enter_Gpt_GPT_EXCLUSIVE_AREA_55
                0x0040aec8                SchM_Exit_Gpt_GPT_EXCLUSIVE_AREA_55
                0x0040aef8                SchM_Enter_Gpt_GPT_EXCLUSIVE_AREA_56
                0x0040af2c                SchM_Exit_Gpt_GPT_EXCLUSIVE_AREA_56
                0x0040af5c                SchM_Enter_Gpt_GPT_EXCLUSIVE_AREA_60
                0x0040af90                SchM_Exit_Gpt_GPT_EXCLUSIVE_AREA_60
                0x0040afc0                SchM_Enter_Gpt_GPT_EXCLUSIVE_AREA_61
                0x0040aff4                SchM_Exit_Gpt_GPT_EXCLUSIVE_AREA_61
                0x0040b024                SchM_Enter_Gpt_GPT_EXCLUSIVE_AREA_62
                0x0040b058                SchM_Exit_Gpt_GPT_EXCLUSIVE_AREA_62
                0x0040b088                SchM_Enter_Gpt_GPT_EXCLUSIVE_AREA_63
                0x0040b0bc                SchM_Exit_Gpt_GPT_EXCLUSIVE_AREA_63
                0x0040b0ec                SchM_Enter_Gpt_GPT_EXCLUSIVE_AREA_64
                0x0040b120                SchM_Exit_Gpt_GPT_EXCLUSIVE_AREA_64
                0x0040b150                SchM_Enter_Gpt_GPT_EXCLUSIVE_AREA_65
                0x0040b184                SchM_Exit_Gpt_GPT_EXCLUSIVE_AREA_65
                0x0040b1b4                SchM_Enter_Gpt_GPT_EXCLUSIVE_AREA_66
                0x0040b1e8                SchM_Exit_Gpt_GPT_EXCLUSIVE_AREA_66
                0x0040b218                SchM_Enter_Gpt_GPT_EXCLUSIVE_AREA_67
                0x0040b24c                SchM_Exit_Gpt_GPT_EXCLUSIVE_AREA_67
                0x0040b27c                SchM_Enter_Gpt_GPT_EXCLUSIVE_AREA_68
                0x0040b2b0                SchM_Exit_Gpt_GPT_EXCLUSIVE_AREA_68
                0x0040b2e0                SchM_Enter_Gpt_GPT_EXCLUSIVE_AREA_69
                0x0040b314                SchM_Exit_Gpt_GPT_EXCLUSIVE_AREA_69
                0x0040b344                SchM_Enter_Gpt_GPT_EXCLUSIVE_AREA_70
                0x0040b378                SchM_Exit_Gpt_GPT_EXCLUSIVE_AREA_70
                0x0040b3a8                SchM_Enter_Gpt_GPT_EXCLUSIVE_AREA_71
                0x0040b3dc                SchM_Exit_Gpt_GPT_EXCLUSIVE_AREA_71
                0x0040b40c                SchM_Enter_Gpt_GPT_EXCLUSIVE_AREA_72
                0x0040b440                SchM_Exit_Gpt_GPT_EXCLUSIVE_AREA_72
                0x0040b470                SchM_Enter_Gpt_GPT_EXCLUSIVE_AREA_73
                0x0040b4a4                SchM_Exit_Gpt_GPT_EXCLUSIVE_AREA_73
 .mcal_text     0x0040b4d4     0x125c ./RTD/src/SchM_Mcl.o
                0x0040b4d4                SchM_Enter_Mcl_MCL_EXCLUSIVE_AREA_00
                0x0040b508                SchM_Exit_Mcl_MCL_EXCLUSIVE_AREA_00
                0x0040b538                SchM_Enter_Mcl_MCL_EXCLUSIVE_AREA_01
                0x0040b56c                SchM_Exit_Mcl_MCL_EXCLUSIVE_AREA_01
                0x0040b59c                SchM_Enter_Mcl_MCL_EXCLUSIVE_AREA_02
                0x0040b5d0                SchM_Exit_Mcl_MCL_EXCLUSIVE_AREA_02
                0x0040b600                SchM_Enter_Mcl_MCL_EXCLUSIVE_AREA_03
                0x0040b634                SchM_Exit_Mcl_MCL_EXCLUSIVE_AREA_03
                0x0040b664                SchM_Enter_Mcl_MCL_EXCLUSIVE_AREA_04
                0x0040b698                SchM_Exit_Mcl_MCL_EXCLUSIVE_AREA_04
                0x0040b6c8                SchM_Enter_Mcl_MCL_EXCLUSIVE_AREA_05
                0x0040b6fc                SchM_Exit_Mcl_MCL_EXCLUSIVE_AREA_05
                0x0040b72c                SchM_Enter_Mcl_MCL_EXCLUSIVE_AREA_06
                0x0040b760                SchM_Exit_Mcl_MCL_EXCLUSIVE_AREA_06
                0x0040b790                SchM_Enter_Mcl_MCL_EXCLUSIVE_AREA_07
                0x0040b7c4                SchM_Exit_Mcl_MCL_EXCLUSIVE_AREA_07
                0x0040b7f4                SchM_Enter_Mcl_MCL_EXCLUSIVE_AREA_08
                0x0040b828                SchM_Exit_Mcl_MCL_EXCLUSIVE_AREA_08
                0x0040b858                SchM_Enter_Mcl_MCL_EXCLUSIVE_AREA_09
                0x0040b88c                SchM_Exit_Mcl_MCL_EXCLUSIVE_AREA_09
                0x0040b8bc                SchM_Enter_Mcl_MCL_EXCLUSIVE_AREA_10
                0x0040b8f0                SchM_Exit_Mcl_MCL_EXCLUSIVE_AREA_10
                0x0040b920                SchM_Enter_Mcl_MCL_EXCLUSIVE_AREA_11
                0x0040b954                SchM_Exit_Mcl_MCL_EXCLUSIVE_AREA_11
                0x0040b984                SchM_Enter_Mcl_MCL_EXCLUSIVE_AREA_12
                0x0040b9b8                SchM_Exit_Mcl_MCL_EXCLUSIVE_AREA_12
                0x0040b9e8                SchM_Enter_Mcl_MCL_EXCLUSIVE_AREA_13
                0x0040ba1c                SchM_Exit_Mcl_MCL_EXCLUSIVE_AREA_13
                0x0040ba4c                SchM_Enter_Mcl_MCL_EXCLUSIVE_AREA_14
                0x0040ba80                SchM_Exit_Mcl_MCL_EXCLUSIVE_AREA_14
                0x0040bab0                SchM_Enter_Mcl_MCL_EXCLUSIVE_AREA_15
                0x0040bae4                SchM_Exit_Mcl_MCL_EXCLUSIVE_AREA_15
                0x0040bb14                SchM_Enter_Mcl_MCL_EXCLUSIVE_AREA_16
                0x0040bb48                SchM_Exit_Mcl_MCL_EXCLUSIVE_AREA_16
                0x0040bb78                SchM_Enter_Mcl_MCL_EXCLUSIVE_AREA_17
                0x0040bbac                SchM_Exit_Mcl_MCL_EXCLUSIVE_AREA_17
                0x0040bbdc                SchM_Enter_Mcl_MCL_EXCLUSIVE_AREA_18
                0x0040bc10                SchM_Exit_Mcl_MCL_EXCLUSIVE_AREA_18
                0x0040bc40                SchM_Enter_Mcl_MCL_EXCLUSIVE_AREA_19
                0x0040bc74                SchM_Exit_Mcl_MCL_EXCLUSIVE_AREA_19
                0x0040bca4                SchM_Enter_Mcl_MCL_EXCLUSIVE_AREA_20
                0x0040bcd8                SchM_Exit_Mcl_MCL_EXCLUSIVE_AREA_20
                0x0040bd08                SchM_Enter_Mcl_MCL_EXCLUSIVE_AREA_21
                0x0040bd3c                SchM_Exit_Mcl_MCL_EXCLUSIVE_AREA_21
                0x0040bd6c                SchM_Enter_Mcl_MCL_EXCLUSIVE_AREA_22
                0x0040bda0                SchM_Exit_Mcl_MCL_EXCLUSIVE_AREA_22
                0x0040bdd0                SchM_Enter_Mcl_MCL_EXCLUSIVE_AREA_23
                0x0040be04                SchM_Exit_Mcl_MCL_EXCLUSIVE_AREA_23
                0x0040be34                SchM_Enter_Mcl_MCL_EXCLUSIVE_AREA_24
                0x0040be68                SchM_Exit_Mcl_MCL_EXCLUSIVE_AREA_24
                0x0040be98                SchM_Enter_Mcl_MCL_EXCLUSIVE_AREA_25
                0x0040becc                SchM_Exit_Mcl_MCL_EXCLUSIVE_AREA_25
                0x0040befc                SchM_Enter_Mcl_MCL_EXCLUSIVE_AREA_26
                0x0040bf30                SchM_Exit_Mcl_MCL_EXCLUSIVE_AREA_26
                0x0040bf60                SchM_Enter_Mcl_MCL_EXCLUSIVE_AREA_27
                0x0040bf94                SchM_Exit_Mcl_MCL_EXCLUSIVE_AREA_27
                0x0040bfc4                SchM_Enter_Mcl_MCL_EXCLUSIVE_AREA_28
                0x0040bff8                SchM_Exit_Mcl_MCL_EXCLUSIVE_AREA_28
                0x0040c028                SchM_Enter_Mcl_MCL_EXCLUSIVE_AREA_29
                0x0040c05c                SchM_Exit_Mcl_MCL_EXCLUSIVE_AREA_29
                0x0040c08c                SchM_Enter_Mcl_MCL_EXCLUSIVE_AREA_30
                0x0040c0c0                SchM_Exit_Mcl_MCL_EXCLUSIVE_AREA_30
                0x0040c0f0                SchM_Enter_Mcl_MCL_EXCLUSIVE_AREA_31
                0x0040c124                SchM_Exit_Mcl_MCL_EXCLUSIVE_AREA_31
                0x0040c154                SchM_Enter_Mcl_MCL_EXCLUSIVE_AREA_32
                0x0040c188                SchM_Exit_Mcl_MCL_EXCLUSIVE_AREA_32
                0x0040c1b8                SchM_Enter_Mcl_MCL_EXCLUSIVE_AREA_33
                0x0040c1ec                SchM_Exit_Mcl_MCL_EXCLUSIVE_AREA_33
                0x0040c21c                SchM_Enter_Mcl_MCL_EXCLUSIVE_AREA_34
                0x0040c250                SchM_Exit_Mcl_MCL_EXCLUSIVE_AREA_34
                0x0040c280                SchM_Enter_Mcl_MCL_EXCLUSIVE_AREA_35
                0x0040c2b4                SchM_Exit_Mcl_MCL_EXCLUSIVE_AREA_35
                0x0040c2e4                SchM_Enter_Mcl_MCL_EXCLUSIVE_AREA_36
                0x0040c318                SchM_Exit_Mcl_MCL_EXCLUSIVE_AREA_36
                0x0040c348                SchM_Enter_Mcl_MCL_EXCLUSIVE_AREA_37
                0x0040c37c                SchM_Exit_Mcl_MCL_EXCLUSIVE_AREA_37
                0x0040c3ac                SchM_Enter_Mcl_MCL_EXCLUSIVE_AREA_38
                0x0040c3e0                SchM_Exit_Mcl_MCL_EXCLUSIVE_AREA_38
                0x0040c410                SchM_Enter_Mcl_MCL_EXCLUSIVE_AREA_39
                0x0040c444                SchM_Exit_Mcl_MCL_EXCLUSIVE_AREA_39
                0x0040c474                SchM_Enter_Mcl_MCL_EXCLUSIVE_AREA_40
                0x0040c4a8                SchM_Exit_Mcl_MCL_EXCLUSIVE_AREA_40
                0x0040c4d8                SchM_Enter_Mcl_MCL_EXCLUSIVE_AREA_41
                0x0040c50c                SchM_Exit_Mcl_MCL_EXCLUSIVE_AREA_41
                0x0040c53c                SchM_Enter_Mcl_MCL_EXCLUSIVE_AREA_42
                0x0040c570                SchM_Exit_Mcl_MCL_EXCLUSIVE_AREA_42
                0x0040c5a0                SchM_Enter_Mcl_MCL_EXCLUSIVE_AREA_43
                0x0040c5d4                SchM_Exit_Mcl_MCL_EXCLUSIVE_AREA_43
                0x0040c604                SchM_Enter_Mcl_MCL_EXCLUSIVE_AREA_44
                0x0040c638                SchM_Exit_Mcl_MCL_EXCLUSIVE_AREA_44
                0x0040c668                SchM_Enter_Mcl_MCL_EXCLUSIVE_AREA_45
                0x0040c69c                SchM_Exit_Mcl_MCL_EXCLUSIVE_AREA_45
                0x0040c6cc                SchM_Enter_Mcl_MCL_EXCLUSIVE_AREA_46
                0x0040c700                SchM_Exit_Mcl_MCL_EXCLUSIVE_AREA_46
 .mcal_text     0x0040c730      0x12c ./RTD/src/SchM_Mcu.o
                0x0040c730                SchM_Enter_Mcu_MCU_EXCLUSIVE_AREA_00
                0x0040c764                SchM_Exit_Mcu_MCU_EXCLUSIVE_AREA_00
                0x0040c794                SchM_Enter_Mcu_MCU_EXCLUSIVE_AREA_01
                0x0040c7c8                SchM_Exit_Mcu_MCU_EXCLUSIVE_AREA_01
                0x0040c7f8                SchM_Enter_Mcu_MCU_EXCLUSIVE_AREA_02
                0x0040c82c                SchM_Exit_Mcu_MCU_EXCLUSIVE_AREA_02
 .mcal_text     0x0040c85c      0xaf0 ./RTD/src/SchM_Port.o
                0x0040c85c                SchM_Enter_Port_PORT_EXCLUSIVE_AREA_00
                0x0040c890                SchM_Exit_Port_PORT_EXCLUSIVE_AREA_00
                0x0040c8c0                SchM_Enter_Port_PORT_EXCLUSIVE_AREA_01
                0x0040c8f4                SchM_Exit_Port_PORT_EXCLUSIVE_AREA_01
                0x0040c924                SchM_Enter_Port_PORT_EXCLUSIVE_AREA_02
                0x0040c958                SchM_Exit_Port_PORT_EXCLUSIVE_AREA_02
                0x0040c988                SchM_Enter_Port_PORT_EXCLUSIVE_AREA_03
                0x0040c9bc                SchM_Exit_Port_PORT_EXCLUSIVE_AREA_03
                0x0040c9ec                SchM_Enter_Port_PORT_EXCLUSIVE_AREA_04
                0x0040ca20                SchM_Exit_Port_PORT_EXCLUSIVE_AREA_04
                0x0040ca50                SchM_Enter_Port_PORT_EXCLUSIVE_AREA_05
                0x0040ca84                SchM_Exit_Port_PORT_EXCLUSIVE_AREA_05
                0x0040cab4                SchM_Enter_Port_PORT_EXCLUSIVE_AREA_06
                0x0040cae8                SchM_Exit_Port_PORT_EXCLUSIVE_AREA_06
                0x0040cb18                SchM_Enter_Port_PORT_EXCLUSIVE_AREA_07
                0x0040cb4c                SchM_Exit_Port_PORT_EXCLUSIVE_AREA_07
                0x0040cb7c                SchM_Enter_Port_PORT_EXCLUSIVE_AREA_08
                0x0040cbb0                SchM_Exit_Port_PORT_EXCLUSIVE_AREA_08
                0x0040cbe0                SchM_Enter_Port_PORT_EXCLUSIVE_AREA_09
                0x0040cc14                SchM_Exit_Port_PORT_EXCLUSIVE_AREA_09
                0x0040cc44                SchM_Enter_Port_PORT_EXCLUSIVE_AREA_10
                0x0040cc78                SchM_Exit_Port_PORT_EXCLUSIVE_AREA_10
                0x0040cca8                SchM_Enter_Port_PORT_EXCLUSIVE_AREA_11
                0x0040ccdc                SchM_Exit_Port_PORT_EXCLUSIVE_AREA_11
                0x0040cd0c                SchM_Enter_Port_PORT_EXCLUSIVE_AREA_12
                0x0040cd40                SchM_Exit_Port_PORT_EXCLUSIVE_AREA_12
                0x0040cd70                SchM_Enter_Port_PORT_EXCLUSIVE_AREA_13
                0x0040cda4                SchM_Exit_Port_PORT_EXCLUSIVE_AREA_13
                0x0040cdd4                SchM_Enter_Port_PORT_EXCLUSIVE_AREA_14
                0x0040ce08                SchM_Exit_Port_PORT_EXCLUSIVE_AREA_14
                0x0040ce38                SchM_Enter_Port_PORT_EXCLUSIVE_AREA_15
                0x0040ce6c                SchM_Exit_Port_PORT_EXCLUSIVE_AREA_15
                0x0040ce9c                SchM_Enter_Port_PORT_EXCLUSIVE_AREA_16
                0x0040ced0                SchM_Exit_Port_PORT_EXCLUSIVE_AREA_16
                0x0040cf00                SchM_Enter_Port_PORT_EXCLUSIVE_AREA_17
                0x0040cf34                SchM_Exit_Port_PORT_EXCLUSIVE_AREA_17
                0x0040cf64                SchM_Enter_Port_PORT_EXCLUSIVE_AREA_18
                0x0040cf98                SchM_Exit_Port_PORT_EXCLUSIVE_AREA_18
                0x0040cfc8                SchM_Enter_Port_PORT_EXCLUSIVE_AREA_19
                0x0040cffc                SchM_Exit_Port_PORT_EXCLUSIVE_AREA_19
                0x0040d02c                SchM_Enter_Port_PORT_EXCLUSIVE_AREA_20
                0x0040d060                SchM_Exit_Port_PORT_EXCLUSIVE_AREA_20
                0x0040d090                SchM_Enter_Port_PORT_EXCLUSIVE_AREA_21
                0x0040d0c4                SchM_Exit_Port_PORT_EXCLUSIVE_AREA_21
                0x0040d0f4                SchM_Enter_Port_PORT_EXCLUSIVE_AREA_22
                0x0040d128                SchM_Exit_Port_PORT_EXCLUSIVE_AREA_22
                0x0040d158                SchM_Enter_Port_PORT_EXCLUSIVE_AREA_23
                0x0040d18c                SchM_Exit_Port_PORT_EXCLUSIVE_AREA_23
                0x0040d1bc                SchM_Enter_Port_PORT_EXCLUSIVE_AREA_24
                0x0040d1f0                SchM_Exit_Port_PORT_EXCLUSIVE_AREA_24
                0x0040d220                SchM_Enter_Port_PORT_EXCLUSIVE_AREA_25
                0x0040d254                SchM_Exit_Port_PORT_EXCLUSIVE_AREA_25
                0x0040d284                SchM_Enter_Port_PORT_EXCLUSIVE_AREA_26
                0x0040d2b8                SchM_Exit_Port_PORT_EXCLUSIVE_AREA_26
                0x0040d2e8                SchM_Enter_Port_PORT_EXCLUSIVE_AREA_27
                0x0040d31c                SchM_Exit_Port_PORT_EXCLUSIVE_AREA_27
 .mcal_text     0x0040d34c      0x384 ./RTD/src/SchM_Uart.o
                0x0040d34c                SchM_Enter_Uart_UART_EXCLUSIVE_AREA_00
                0x0040d380                SchM_Exit_Uart_UART_EXCLUSIVE_AREA_00
                0x0040d3b0                SchM_Enter_Uart_UART_EXCLUSIVE_AREA_01
                0x0040d3e4                SchM_Exit_Uart_UART_EXCLUSIVE_AREA_01
                0x0040d414                SchM_Enter_Uart_UART_EXCLUSIVE_AREA_02
                0x0040d448                SchM_Exit_Uart_UART_EXCLUSIVE_AREA_02
                0x0040d478                SchM_Enter_Uart_UART_EXCLUSIVE_AREA_03
                0x0040d4ac                SchM_Exit_Uart_UART_EXCLUSIVE_AREA_03
                0x0040d4dc                SchM_Enter_Uart_UART_EXCLUSIVE_AREA_04
                0x0040d510                SchM_Exit_Uart_UART_EXCLUSIVE_AREA_04
                0x0040d540                SchM_Enter_Uart_UART_EXCLUSIVE_AREA_05
                0x0040d574                SchM_Exit_Uart_UART_EXCLUSIVE_AREA_05
                0x0040d5a4                SchM_Enter_Uart_UART_EXCLUSIVE_AREA_06
                0x0040d5d8                SchM_Exit_Uart_UART_EXCLUSIVE_AREA_06
                0x0040d608                SchM_Enter_Uart_UART_EXCLUSIVE_AREA_07
                0x0040d63c                SchM_Exit_Uart_UART_EXCLUSIVE_AREA_07
                0x0040d66c                SchM_Enter_Uart_UART_EXCLUSIVE_AREA_08
                0x0040d6a0                SchM_Exit_Uart_UART_EXCLUSIVE_AREA_08
 .mcal_text     0x0040d6d0      0x190 ./RTD/src/Siul2_Dio_Ip.o
                0x0040d706                Siul2_Dio_Ip_WritePin
                0x0040d75a                Siul2_Dio_Ip_WritePins
                0x0040d772                Siul2_Dio_Ip_GetPinsOutput
                0x0040d78a                Siul2_Dio_Ip_SetPins
                0x0040d7a8                Siul2_Dio_Ip_ClearPins
                0x0040d7c8                Siul2_Dio_Ip_TogglePins
                0x0040d7e6                Siul2_Dio_Ip_ReadPins
                0x0040d800                Siul2_Dio_Ip_ReadPin
                0x0040d832                Siul2_Dio_Ip_MaskedWritePins
 .mcal_text     0x0040d860      0x45c ./RTD/src/Siul2_Port_Ip.o
                0x0040d9b4                Siul2_Port_Ip_Init
                0x0040d9e4                Siul2_Port_Ip_SetPullSel
                0x0040da44                Siul2_Port_Ip_SetOutputBuffer
                0x0040daaa                Siul2_Port_Ip_SetInputBuffer
                0x0040db1a                Siul2_Port_Ip_SetPinDirection
                0x0040db92                Siul2_Port_Ip_RevertPinConfiguration
                0x0040dbf4                Siul2_Port_Ip_GetPinConfiguration
 .mcal_text     0x0040dcbc       0xe0 ./RTD/src/Tspc_Port_Ip.o
                0x0040dcbc                Tspc_Port_Ip_EnableObeGroup
                0x0040dcf0                Tspc_Port_Ip_ConfigureObeGroup
 *fill*         0x0040dd9c        0x4 
 .mcal_text.__stub
                0x0040dda0        0x8 linker stubs
                0x0040dda8                . = ALIGN (0x4)
 *(.acmcu_code_rom)
                0x0040dda8                . = ALIGN (0x4)
                0x0040dda8                __acfls_code_rom_start = .
 *(.acfls_code_rom)
                0x0040dda8                . = ALIGN (0x4)
                0x0040dda8                __acfls_code_rom_end = .
 *(.init)
                0x0040dda8                . = ALIGN (0x4)
 *(.fini)
                0x0040dda8                . = ALIGN (0x4)
 *(.rodata)
 .rodata        0x0040dda8        0x3 ./RTD/src/Clock_Ip_IntOsc.o
 .rodata        0x0040ddab       0x48 ./RTD/src/FlexCAN_Ip_HwAccess.o
 *fill*         0x0040ddf3        0x1 
 .rodata        0x0040ddf4       0x30 ./RTD/src/Lpuart_Uart_Ip.o
 .rodata        0x0040de24        0x4 ./RTD/src/Siul2_Port_Ip.o
                0x0040de24                Port_au32Siul2BaseAddr
 .rodata        0x0040de28        0x2 ./generate/src/Flexio_Mcl_Ip_PBcfg.o
                0x0040de28                Flexio_Ip_xFlexioInit
 *(.rodata*)
 .rodata.str1.1
                0x0040de2a       0x9e ./src/main.o
                                 0xa1 (size before relaxing)
 .rodata._global_impure_ptr
                0x0040dec8        0x4 c:/nxp/s32ds.3.5/s32ds/build_tools/gcc_v10.2/gcc-10.2-arm32-eabi/bin/../lib/gcc/arm-none-eabi/10.2.0/../../../../arm-none-eabi/lib/thumb/v7e-m+fp/hard\libc_nano.a(lib_a-impure.o)
                0x0040dec8                _global_impure_ptr
 .rodata._svfprintf_r.str1.1
                0x0040decc       0x11 c:/nxp/s32ds.3.5/s32ds/build_tools/gcc_v10.2/gcc-10.2-arm32-eabi/bin/../lib/gcc/arm-none-eabi/10.2.0/../../../../arm-none-eabi/lib/thumb/v7e-m+fp/hard\libc_nano.a(lib_a-nano-svfprintf.o)
 .rodata._printf_i.str1.1
                0x0040dedd       0x22 c:/nxp/s32ds.3.5/s32ds/build_tools/gcc_v10.2/gcc-10.2-arm32-eabi/bin/../lib/gcc/arm-none-eabi/10.2.0/../../../../arm-none-eabi/lib/thumb/v7e-m+fp/hard\libc_nano.a(lib_a-nano-vfprintf_i.o)
                0x0040df00                . = ALIGN (0x4)
 *fill*         0x0040deff        0x1 
 *(.mcal_const_cfg)
 .mcal_const_cfg
                0x0040df00      0x5e0 ./board/Siul2_Port_Ip_Cfg.o
                0x0040df00                g_pin_mux_InitConfigArr0
 .mcal_const_cfg
                0x0040e4e0      0x40c ./generate/src/Clock_Ip_Cfg.o
                0x0040e4e0                Clock_Ip_aClockConfig
 .mcal_const_cfg
                0x0040e8ec       0x64 ./generate/src/FlexCAN_Ip_Sa_PBcfg.o
                0x0040e8ec                FlexCAN_Config0
 .mcal_const_cfg
                0x0040e950       0x20 ./generate/src/IntCtrl_Ip_Cfg.o
                0x0040e950                IntCtrlConfig_0
 .mcal_const_cfg
                0x0040e970       0x28 ./generate/src/Lpuart_Uart_Ip_Sa_PBcfg.o
                0x0040e970                Lpuart_Uart_Ip_xHwConfigPB_0
 .mcal_const_cfg
                0x0040e998       0x12 ./generate/src/Pit_Ip_PBcfg.o
                0x0040e998                PIT_0_ChannelConfig_PB
                0x0040e9a8                PIT_0_InitConfig_PB
                0x0040e9ac                . = ALIGN (0x4)
 *fill*         0x0040e9aa        0x2 
 *(.mcal_const)
 .mcal_const    0x0040e9ac      0xe94 ./RTD/src/Clock_Ip_Data.o
                0x0040e9ac                Clock_Ip_axGateInfo
                0x0040f084                Clock_Ip_axFeatureExtensions
                0x0040f2a4                Clock_Ip_aeHwDfsName
                0x0040f2a8                Clock_Ip_aeHwPllName
                0x0040f2ac                Clock_Ip_aeSourceTypeClockName
                0x0040f2f4                Clock_Ip_apxMcMeTriggerPartitions
                0x0040f304                Clock_Ip_apxMcMeGetPartitions
                0x0040f314                Clock_Ip_apxMcMeSetPartitions
                0x0040f324                Clock_Ip_axCmuInfo
                0x0040f394                Clock_Ip_aeCmuNames
                0x0040f3b0                Clock_Ip_apxCmu
                0x0040f3cc                Clock_Ip_apxPll
                0x0040f3dc                Clock_Ip_apxXosc
                0x0040f3e4                Clock_Ip_apxCgmPcfs
                0x0040f3e8                Clock_Ip_apxCgm
                0x0040f438                Clock_Ip_au16SelectorEntryRtcHardwareValue
                0x0040f45c                Clock_Ip_au16SelectorEntryHardwareValue
                0x0040f480                Clock_Ip_au8SoftwareMuxResetValue
                0x0040f4d7                Clock_Ip_au8ClockFeatures
                0x0040f7e6                Clock_Ip_au8CmuCallbackIndex
                0x0040f7ef                Clock_Ip_au8PcfsCallbackIndex
                0x0040f7f8                Clock_Ip_au8SelectorCallbackIndex
                0x0040f801                Clock_Ip_au8PllCallbackIndex
                0x0040f80a                Clock_Ip_au8FractionalDividerCallbackIndex
                0x0040f813                Clock_Ip_au8GateCallbackIndex
                0x0040f81c                Clock_Ip_au8IrcoscCallbackIndex
                0x0040f825                Clock_Ip_au8XoscCallbackIndex
                0x0040f82e                Clock_Ip_au8DividerTriggerCallbackIndex
                0x0040f837                Clock_Ip_au8DividerCallbackIndex
 .mcal_const    0x0040f840       0x10 ./RTD/src/Clock_Ip_Divider.o
                0x0040f840                Clock_Ip_axDividerCallbacks
 .mcal_const    0x0040f850       0x10 ./RTD/src/Clock_Ip_DividerTrigger.o
                0x0040f850                Clock_Ip_axDividerTriggerCallbacks
 .mcal_const    0x0040f860       0x3c ./RTD/src/Clock_Ip_ExtOsc.o
                0x0040f860                Clock_Ip_axExtOscCallbacks
 .mcal_const    0x0040f89c        0xc ./RTD/src/Clock_Ip_FracDiv.o
                0x0040f89c                Clock_Ip_axFracDivCallbacks
 .mcal_const    0x0040f8a8      0x204 ./RTD/src/Clock_Ip_Frequency.o
 .mcal_const    0x0040faac       0x10 ./RTD/src/Clock_Ip_Gate.o
                0x0040faac                Clock_Ip_axGateCallbacks
 .mcal_const    0x0040fabc       0x30 ./RTD/src/Clock_Ip_IntOsc.o
                0x0040fabc                Clock_Ip_axIntOscCallbacks
 .mcal_const    0x0040faec       0x20 ./RTD/src/Clock_Ip_Monitor.o
                0x0040faec                Clock_Ip_axCmuCallbacks
 .mcal_const    0x0040fb0c       0x28 ./RTD/src/Clock_Ip_Pll.o
                0x0040fb0c                Clock_Ip_axPllCallbacks
 .mcal_const    0x0040fb34        0x8 ./RTD/src/Clock_Ip_ProgFreqSwitch.o
                0x0040fb34                Clock_Ip_axPcfsCallbacks
 .mcal_const    0x0040fb3c       0x28 ./RTD/src/Clock_Ip_Selector.o
                0x0040fb3c                Clock_Ip_axSelectorCallbacks
 .mcal_const    0x0040fb64       0x18 ./RTD/src/FlexCAN_Ip.o
 .mcal_const    0x0040fb7c        0x4 ./RTD/src/Flexio_Mcl_Ip.o
                0x0040fb7c                Flexio_Ip_paxBase
 .mcal_const    0x0040fb80       0x20 ./RTD/src/Lpuart_Uart_Ip.o
 .mcal_const    0x0040fba0        0x8 ./RTD/src/Pit_Ip.o
                0x0040fba0                pitBase
                0x0040fba8                . = ALIGN (0x4)
                0x0040fba8                __init_table = .
 *(.init_table)
 .init_table    0x0040fba8       0x4c ./Project_Settings/Startup_Code/startup_cm7.o
                0x0040fbf4                . = ALIGN (0x4)
                0x0040fbf4                __zero_table = .
 *(.zero_table)
 .zero_table    0x0040fbf4       0x1c ./Project_Settings/Startup_Code/startup_cm7.o

.glue_7         0x0040fc10        0x0
 .glue_7        0x0040fc10        0x0 linker stubs

.glue_7t        0x0040fc10        0x0
 .glue_7t       0x0040fc10        0x0 linker stubs

.vfp11_veneer   0x0040fc10        0x0
 .vfp11_veneer  0x0040fc10        0x0 linker stubs

.v4_bx          0x0040fc10        0x0
 .v4_bx         0x0040fc10        0x0 linker stubs

.iplt           0x0040fc10        0x0
 .iplt          0x0040fc10        0x0 ./Project_Settings/Startup_Code/Vector_Table.o

.rel.dyn        0x0040fc10        0x0
 .rel.iplt      0x0040fc10        0x0 ./Project_Settings/Startup_Code/Vector_Table.o
                0x0040fc10                . = ALIGN (0x4)
                0x0040fc10                __text_end = .
                0x0040fc10                __sram_data_rom = __text_end

.sram_bss       0x20400000      0x9c8
                0x20400000                . = ALIGN (0x8)
                0x20400000                __standby_ram_begin__ = .
 *(.standby_data)
                0x20400000                . = ALIGN (0x8)
                0x20400000                __standby_ram_end__ = .
                0x20400000                . = ALIGN (0x10)
                0x20400000                __sram_bss_start = .
 *(.bss)
 .bss           0x20400000        0x0 ./Project_Settings/Startup_Code/Vector_Table.o
 .bss           0x20400000        0x0 ./Project_Settings/Startup_Code/exceptions.o
 .bss           0x20400000        0x0 ./Project_Settings/Startup_Code/nvic.o
 .bss           0x20400000        0x0 ./Project_Settings/Startup_Code/startup.o
 .bss           0x20400000        0x0 ./Project_Settings/Startup_Code/startup_cm7.o
 .bss           0x20400000       0x78 ./Project_Settings/Startup_Code/system.o
                0x20400000                rbar
                0x2040003c                rasr
 .bss           0x20400078        0x0 ./RTD/src/Clock_Ip.o
 .bss           0x20400078        0x0 ./RTD/src/Clock_Ip_Data.o
 .bss           0x20400078        0x0 ./RTD/src/Clock_Ip_Divider.o
 .bss           0x20400078        0x0 ./RTD/src/Clock_Ip_DividerTrigger.o
 .bss           0x20400078        0x0 ./RTD/src/Clock_Ip_ExtOsc.o
 .bss           0x20400078        0x0 ./RTD/src/Clock_Ip_FracDiv.o
 .bss           0x20400078        0x0 ./RTD/src/Clock_Ip_Frequency.o
 .bss           0x20400078        0x0 ./RTD/src/Clock_Ip_Gate.o
 .bss           0x20400078        0x0 ./RTD/src/Clock_Ip_IntOsc.o
 .bss           0x20400078        0x0 ./RTD/src/Clock_Ip_Irq.o
 .bss           0x20400078        0x0 ./RTD/src/Clock_Ip_Monitor.o
 .bss           0x20400078        0x0 ./RTD/src/Clock_Ip_Pll.o
 .bss           0x20400078        0x0 ./RTD/src/Clock_Ip_ProgFreqSwitch.o
 .bss           0x20400078        0x0 ./RTD/src/Clock_Ip_Selector.o
 .bss           0x20400078        0x0 ./RTD/src/Clock_Ip_Specific.o
 .bss           0x20400078        0x0 ./RTD/src/Det.o
 .bss           0x20400078        0x0 ./RTD/src/Det_stub.o
 .bss           0x20400078        0x0 ./RTD/src/FlexCAN_Ip.o
 .bss           0x20400078        0x0 ./RTD/src/FlexCAN_Ip_HwAccess.o
 .bss           0x20400078        0x0 ./RTD/src/FlexCAN_Ip_Irq.o
 .bss           0x20400078        0x0 ./RTD/src/Flexio_Mcl_Ip.o
 .bss           0x20400078        0x0 ./RTD/src/Flexio_Mcl_Ip_HwAccess.o
 .bss           0x20400078        0x0 ./RTD/src/Flexio_Mcl_Ip_Irq.o
 .bss           0x20400078        0x0 ./RTD/src/Igf_Port_Ip.o
 .bss           0x20400078        0x0 ./RTD/src/IntCtrl_Ip.o
 .bss           0x20400078        0x0 ./RTD/src/Lpuart_Uart_Ip.o
 .bss           0x20400078        0x0 ./RTD/src/Lpuart_Uart_Ip_Irq.o
 .bss           0x20400078        0x0 ./RTD/src/OsIf_Interrupts.o
 .bss           0x20400078        0x0 ./RTD/src/OsIf_Timer.o
 .bss           0x20400078        0x0 ./RTD/src/OsIf_Timer_System.o
 .bss           0x20400078        0x0 ./RTD/src/OsIf_Timer_System_Internal_Systick.o
 .bss           0x20400078        0x0 ./RTD/src/Pit_Ip.o
 .bss           0x20400078        0x0 ./RTD/src/SchM_Can_43_FLEXCAN.o
 .bss           0x20400078        0x0 ./RTD/src/SchM_Dio.o
 .bss           0x20400078        0x0 ./RTD/src/SchM_Gpt.o
 .bss           0x20400078        0x0 ./RTD/src/SchM_Mcl.o
 .bss           0x20400078        0x0 ./RTD/src/SchM_Mcu.o
 .bss           0x20400078        0x0 ./RTD/src/SchM_Port.o
 .bss           0x20400078        0x0 ./RTD/src/SchM_Uart.o
 .bss           0x20400078        0x0 ./RTD/src/Siul2_Dio_Ip.o
 .bss           0x20400078        0x0 ./RTD/src/Siul2_Port_Ip.o
 .bss           0x20400078        0x0 ./RTD/src/Tspc_Port_Ip.o
 .bss           0x20400078        0x0 ./board/Siul2_Port_Ip_Cfg.o
 .bss           0x20400078        0x0 ./board/Tspc_Port_Ip_Cfg.o
 .bss           0x20400078        0x0 ./generate/src/Clock_Ip_Cfg.o
 .bss           0x20400078        0x0 ./generate/src/FlexCAN_Ip_Sa_PBcfg.o
 .bss           0x20400078        0x0 ./generate/src/Flexio_Mcl_Ip_PBcfg.o
 .bss           0x20400078        0x0 ./generate/src/Igf_Port_Ip_Cfg.o
 .bss           0x20400078        0x0 ./generate/src/IntCtrl_Ip_Cfg.o
 .bss           0x20400078        0x0 ./generate/src/Lpuart_Uart_Ip_Sa_PBcfg.o
 .bss           0x20400078        0x0 ./generate/src/OsIf_Cfg.o
 .bss           0x20400078        0x0 ./generate/src/Pit_Ip_PBcfg.o
 .bss           0x20400078        0x0 ./src/butl/evcc_ecudb-binutil.o
 .bss           0x20400078        0x0 ./src/butl/vector__xxx_ecudb-binutil.o
 .bss           0x20400078        0x0 ./src/lib/ecudb.o
 .bss           0x20400078      0x334 ./src/main.o
                0x20400078                U8_counter
                0x20400079                toggleLed
                0x2040007c                exit_code
                0x20400080                rx_info
                0x20400090                uartString
                0x204000f4                rxData1
                0x20400144                rxData2
                0x20400194                rxData3
                0x204001e4                rxData4
                0x20400234                rxData5
                0x20400284                rxData
                0x204002d4                rxBuffer
                0x20400338                txBuffer
                0x2040039c                tx_info
 .bss           0x204003ac        0x0 ./src/usr/ecudb-fmon.o
 .bss           0x204003ac        0x0 c:/nxp/s32ds.3.5/s32ds/build_tools/gcc_v10.2/gcc-10.2-arm32-eabi/bin/../lib/gcc/arm-none-eabi/10.2.0/../../../../arm-none-eabi/lib/thumb/v7e-m+fp/hard\libc_nano.a(lib_a-memmove.o)
 .bss           0x204003ac        0x0 c:/nxp/s32ds.3.5/s32ds/build_tools/gcc_v10.2/gcc-10.2-arm32-eabi/bin/../lib/gcc/arm-none-eabi/10.2.0/../../../../arm-none-eabi/lib/thumb/v7e-m+fp/hard\libc_nano.a(lib_a-memset.o)
 .bss           0x204003ac        0x0 c:/nxp/s32ds.3.5/s32ds/build_tools/gcc_v10.2/gcc-10.2-arm32-eabi/bin/../lib/gcc/arm-none-eabi/10.2.0/../../../../arm-none-eabi/lib/thumb/v7e-m+fp/hard\libc_nano.a(lib_a-snprintf.o)
 .bss           0x204003ac        0x0 c:/nxp/s32ds.3.5/s32ds/build_tools/gcc_v10.2/gcc-10.2-arm32-eabi/bin/../lib/gcc/arm-none-eabi/10.2.0/../../../../arm-none-eabi/lib/thumb/v7e-m+fp/hard\libc_nano.a(lib_a-strlen.o)
 .bss           0x204003ac        0x0 c:/nxp/s32ds.3.5/s32ds/build_tools/gcc_v10.2/gcc-10.2-arm32-eabi/bin/../lib/gcc/arm-none-eabi/10.2.0/../../../../arm-none-eabi/lib/thumb/v7e-m+fp/hard\libc_nano.a(lib_a-strncat.o)
 .bss           0x204003ac        0x0 c:/nxp/s32ds.3.5/s32ds/build_tools/gcc_v10.2/gcc-10.2-arm32-eabi/bin/../lib/gcc/arm-none-eabi/10.2.0/../../../../arm-none-eabi/lib/thumb/v7e-m+fp/hard\libc_nano.a(lib_a-impure.o)
 .bss           0x204003ac        0x0 c:/nxp/s32ds.3.5/s32ds/build_tools/gcc_v10.2/gcc-10.2-arm32-eabi/bin/../lib/gcc/arm-none-eabi/10.2.0/../../../../arm-none-eabi/lib/thumb/v7e-m+fp/hard\libc_nano.a(lib_a-nano-svfprintf.o)
 .bss           0x204003ac        0x0 c:/nxp/s32ds.3.5/s32ds/build_tools/gcc_v10.2/gcc-10.2-arm32-eabi/bin/../lib/gcc/arm-none-eabi/10.2.0/../../../../arm-none-eabi/lib/thumb/v7e-m+fp/hard\libc_nano.a(lib_a-nano-vfprintf_i.o)
 .bss           0x204003ac        0x0 c:/nxp/s32ds.3.5/s32ds/build_tools/gcc_v10.2/gcc-10.2-arm32-eabi/bin/../lib/gcc/arm-none-eabi/10.2.0/../../../../arm-none-eabi/lib/thumb/v7e-m+fp/hard\libc_nano.a(lib_a-memchr.o)
 .bss           0x204003ac        0x0 c:/nxp/s32ds.3.5/s32ds/build_tools/gcc_v10.2/gcc-10.2-arm32-eabi/bin/../lib/gcc/arm-none-eabi/10.2.0/../../../../arm-none-eabi/lib/thumb/v7e-m+fp/hard\libc_nano.a(lib_a-memcpy-stub.o)
 .bss           0x204003ac        0x0 c:/nxp/s32ds.3.5/s32ds/build_tools/gcc_v10.2/gcc-10.2-arm32-eabi/bin/../lib/gcc/arm-none-eabi/10.2.0/../../../../arm-none-eabi/lib/thumb/v7e-m+fp/hard\libc_nano.a(lib_a-nano-freer.o)
 .bss           0x204003ac        0x0 c:/nxp/s32ds.3.5/s32ds/build_tools/gcc_v10.2/gcc-10.2-arm32-eabi/bin/../lib/gcc/arm-none-eabi/10.2.0/../../../../arm-none-eabi/lib/thumb/v7e-m+fp/hard\libc_nano.a(lib_a-nano-mallocr.o)
 .bss           0x204003ac        0x0 c:/nxp/s32ds.3.5/s32ds/build_tools/gcc_v10.2/gcc-10.2-arm32-eabi/bin/../lib/gcc/arm-none-eabi/10.2.0/../../../../arm-none-eabi/lib/thumb/v7e-m+fp/hard\libc_nano.a(lib_a-nano-reallocr.o)
 .bss           0x204003ac        0x0 c:/nxp/s32ds.3.5/s32ds/build_tools/gcc_v10.2/gcc-10.2-arm32-eabi/bin/../lib/gcc/arm-none-eabi/10.2.0/../../../../arm-none-eabi/lib/thumb/v7e-m+fp/hard\libc_nano.a(lib_a-sbrkr.o)
 .bss           0x204003ac        0x0 c:/nxp/s32ds.3.5/s32ds/build_tools/gcc_v10.2/gcc-10.2-arm32-eabi/bin/../lib/gcc/arm-none-eabi/10.2.0/../../../../arm-none-eabi/lib/thumb/v7e-m+fp/hard\libc_nano.a(lib_a-mlock.o)
 .bss           0x204003ac        0x0 c:/nxp/s32ds.3.5/s32ds/build_tools/gcc_v10.2/gcc-10.2-arm32-eabi/bin/../lib/gcc/arm-none-eabi/10.2.0/../../../../arm-none-eabi/lib/thumb/v7e-m+fp/hard\libc_nano.a(lib_a-nano-msizer.o)
 .bss           0x204003ac        0x0 c:/nxp/s32ds.3.5/s32ds/build_tools/gcc_v10.2/gcc-10.2-arm32-eabi/bin/../lib/gcc/arm-none-eabi/10.2.0/../../../../arm-none-eabi/lib/thumb/v7e-m+fp/hard\libc_nano.a(lib_a-reent.o)
 .bss           0x204003ac        0x0 c:/nxp/s32ds.3.5/s32ds/build_tools/gcc_v10.2/gcc-10.2-arm32-eabi/bin/../lib/gcc/arm-none-eabi/10.2.0/../../../../arm-none-eabi/lib/thumb/v7e-m+fp/hard\libnosys.a(sbrk.o)
 *(.bss*)
 .bss.__malloc_free_list
                0x204003ac        0x4 c:/nxp/s32ds.3.5/s32ds/build_tools/gcc_v10.2/gcc-10.2-arm32-eabi/bin/../lib/gcc/arm-none-eabi/10.2.0/../../../../arm-none-eabi/lib/thumb/v7e-m+fp/hard\libc_nano.a(lib_a-nano-mallocr.o)
                0x204003ac                __malloc_free_list
 .bss.__malloc_sbrk_start
                0x204003b0        0x4 c:/nxp/s32ds.3.5/s32ds/build_tools/gcc_v10.2/gcc-10.2-arm32-eabi/bin/../lib/gcc/arm-none-eabi/10.2.0/../../../../arm-none-eabi/lib/thumb/v7e-m+fp/hard\libc_nano.a(lib_a-nano-mallocr.o)
                0x204003b0                __malloc_sbrk_start
 .bss.errno     0x204003b4        0x4 c:/nxp/s32ds.3.5/s32ds/build_tools/gcc_v10.2/gcc-10.2-arm32-eabi/bin/../lib/gcc/arm-none-eabi/10.2.0/../../../../arm-none-eabi/lib/thumb/v7e-m+fp/hard\libc_nano.a(lib_a-reent.o)
                0x204003b4                errno
 .bss.heap_end.0
                0x204003b8        0x4 c:/nxp/s32ds.3.5/s32ds/build_tools/gcc_v10.2/gcc-10.2-arm32-eabi/bin/../lib/gcc/arm-none-eabi/10.2.0/../../../../arm-none-eabi/lib/thumb/v7e-m+fp/hard\libnosys.a(sbrk.o)
                0x204003c0                . = ALIGN (0x10)
 *fill*         0x204003bc        0x4 
 *(.mcal_bss)
 .mcal_bss      0x204003c0        0x4 ./Project_Settings/Startup_Code/system.o
                0x204003c0                RESET_CATCH_CORE
 .mcal_bss      0x204003c4       0x61 ./RTD/src/Clock_Ip.o
                0x204003c8                Clock_Ip_FreqIds
                0x20400420                Clock_Ip_pxConfig
 *fill*         0x20400425        0x3 
 .mcal_bss      0x20400428       0x10 ./RTD/src/Clock_Ip_Monitor.o
 .mcal_bss      0x20400438        0x4 ./RTD/src/Clock_Ip_ProgFreqSwitch.o
 .mcal_bss      0x2040043c        0xc ./RTD/src/Clock_Ip_Specific.o
 .mcal_bss      0x20400448       0x18 ./RTD/src/FlexCAN_Ip.o
 .mcal_bss      0x20400460       0xb0 ./RTD/src/FlexCAN_Ip_HwAccess.o
 .mcal_bss      0x20400510       0x80 ./RTD/src/Pit_Ip.o
 .mcal_bss      0x20400590        0x8 ./RTD/src/Siul2_Port_Ip.o
 .mcal_bss      0x20400598      0x430 ./generate/src/FlexCAN_Ip_Sa_PBcfg.o
                0x20400598                FlexCAN_State0
                0x204009c8                . = ALIGN (0x4)
                0x204009c8                __sram_bss_end = .

.sram_data      0x204009c8      0x140 load address 0x0040fc10
                0x204009c8                . = ALIGN (0x4)
                0x204009c8                __sram_data_begin__ = .
                0x204009c8                . = ALIGN (0x4)
 *(.ramcode)
 .ramcode       0x204009c8       0x90 ./RTD/src/Clock_Ip_Specific.o
                0x20400a58                . = ALIGN (0x4)
 *(.data)
 .data          0x20400a58        0x0 ./Project_Settings/Startup_Code/Vector_Table.o
 .data          0x20400a58        0x0 ./Project_Settings/Startup_Code/exceptions.o
 .data          0x20400a58        0x0 ./Project_Settings/Startup_Code/nvic.o
 .data          0x20400a58        0x0 ./Project_Settings/Startup_Code/startup.o
 .data          0x20400a58        0x0 ./Project_Settings/Startup_Code/startup_cm7.o
 .data          0x20400a58        0x0 ./Project_Settings/Startup_Code/system.o
 .data          0x20400a58        0x4 ./RTD/src/Clock_Ip.o
 .data          0x20400a5c        0x0 ./RTD/src/Clock_Ip_Data.o
 .data          0x20400a5c        0x0 ./RTD/src/Clock_Ip_Divider.o
 .data          0x20400a5c        0x0 ./RTD/src/Clock_Ip_DividerTrigger.o
 .data          0x20400a5c        0x0 ./RTD/src/Clock_Ip_ExtOsc.o
 .data          0x20400a5c        0x0 ./RTD/src/Clock_Ip_FracDiv.o
 .data          0x20400a5c        0x0 ./RTD/src/Clock_Ip_Frequency.o
 .data          0x20400a5c        0x0 ./RTD/src/Clock_Ip_Gate.o
 .data          0x20400a5c        0x0 ./RTD/src/Clock_Ip_IntOsc.o
 .data          0x20400a5c        0x0 ./RTD/src/Clock_Ip_Irq.o
 .data          0x20400a5c        0x0 ./RTD/src/Clock_Ip_Monitor.o
 .data          0x20400a5c        0x0 ./RTD/src/Clock_Ip_Pll.o
 .data          0x20400a5c        0x0 ./RTD/src/Clock_Ip_ProgFreqSwitch.o
 .data          0x20400a5c        0x0 ./RTD/src/Clock_Ip_Selector.o
 .data          0x20400a5c        0x0 ./RTD/src/Clock_Ip_Specific.o
 .data          0x20400a5c        0x0 ./RTD/src/Det.o
 .data          0x20400a5c        0x0 ./RTD/src/Det_stub.o
 .data          0x20400a5c        0x0 ./RTD/src/FlexCAN_Ip.o
 .data          0x20400a5c        0x0 ./RTD/src/FlexCAN_Ip_HwAccess.o
 .data          0x20400a5c        0x0 ./RTD/src/FlexCAN_Ip_Irq.o
 .data          0x20400a5c        0x0 ./RTD/src/Flexio_Mcl_Ip.o
 .data          0x20400a5c        0x0 ./RTD/src/Flexio_Mcl_Ip_HwAccess.o
 .data          0x20400a5c        0x0 ./RTD/src/Flexio_Mcl_Ip_Irq.o
 .data          0x20400a5c        0x0 ./RTD/src/Igf_Port_Ip.o
 .data          0x20400a5c        0x0 ./RTD/src/IntCtrl_Ip.o
 .data          0x20400a5c        0x0 ./RTD/src/Lpuart_Uart_Ip.o
 .data          0x20400a5c        0x0 ./RTD/src/Lpuart_Uart_Ip_Irq.o
 .data          0x20400a5c        0x0 ./RTD/src/OsIf_Interrupts.o
 .data          0x20400a5c        0x0 ./RTD/src/OsIf_Timer.o
 .data          0x20400a5c        0x0 ./RTD/src/OsIf_Timer_System.o
 .data          0x20400a5c        0x0 ./RTD/src/OsIf_Timer_System_Internal_Systick.o
 .data          0x20400a5c        0x0 ./RTD/src/Pit_Ip.o
 .data          0x20400a5c        0x0 ./RTD/src/SchM_Can_43_FLEXCAN.o
 .data          0x20400a5c        0x0 ./RTD/src/SchM_Dio.o
 .data          0x20400a5c        0x0 ./RTD/src/SchM_Gpt.o
 .data          0x20400a5c        0x0 ./RTD/src/SchM_Mcl.o
 .data          0x20400a5c        0x0 ./RTD/src/SchM_Mcu.o
 .data          0x20400a5c        0x0 ./RTD/src/SchM_Port.o
 .data          0x20400a5c        0x0 ./RTD/src/SchM_Uart.o
 .data          0x20400a5c        0x0 ./RTD/src/Siul2_Dio_Ip.o
 .data          0x20400a5c        0x0 ./RTD/src/Siul2_Port_Ip.o
 .data          0x20400a5c        0x0 ./RTD/src/Tspc_Port_Ip.o
 .data          0x20400a5c        0x0 ./board/Siul2_Port_Ip_Cfg.o
 .data          0x20400a5c        0x0 ./board/Tspc_Port_Ip_Cfg.o
 .data          0x20400a5c        0x0 ./generate/src/Clock_Ip_Cfg.o
 .data          0x20400a5c        0x0 ./generate/src/FlexCAN_Ip_Sa_PBcfg.o
 .data          0x20400a5c        0x0 ./generate/src/Flexio_Mcl_Ip_PBcfg.o
 .data          0x20400a5c        0x0 ./generate/src/Igf_Port_Ip_Cfg.o
 .data          0x20400a5c        0x0 ./generate/src/IntCtrl_Ip_Cfg.o