Archive member included to satisfy reference by file (symbol)

c:/nxp/s32ds.3.5/s32ds/build_tools/gcc_v10.2/gcc-10.2-arm32-eabi/bin/../lib/gcc/arm-none-eabi/10.2.0/../../../../arm-none-eabi/lib/thumb/v7e-m+fp/hard\libc_nano.a(lib_a-memmove.o)
                              ./RTD/src/Siul2_Port_Ip.o (memmove)
c:/nxp/s32ds.3.5/s32ds/build_tools/gcc_v10.2/gcc-10.2-arm32-eabi/bin/../lib/gcc/arm-none-eabi/10.2.0/../../../../arm-none-eabi/lib/thumb/v7e-m+fp/hard\libc_nano.a(lib_a-memset.o)
                              ./Project_Settings/Startup_Code/startup.o (memset)
c:/nxp/s32ds.3.5/s32ds/build_tools/gcc_v10.2/gcc-10.2-arm32-eabi/bin/../lib/gcc/arm-none-eabi/10.2.0/../../../../arm-none-eabi/lib/thumb/v7e-m+fp/hard\libc_nano.a(lib_a-snprintf.o)
                              ./src/main.o (snprintf)
c:/nxp/s32ds.3.5/s32ds/build_tools/gcc_v10.2/gcc-10.2-arm32-eabi/bin/../lib/gcc/arm-none-eabi/10.2.0/../../../../arm-none-eabi/lib/thumb/v7e-m+fp/hard\libc_nano.a(lib_a-strlen.o)
                              ./src/main.o (strlen)
c:/nxp/s32ds.3.5/s32ds/build_tools/gcc_v10.2/gcc-10.2-arm32-eabi/bin/../lib/gcc/arm-none-eabi/10.2.0/../../../../arm-none-eabi/lib/thumb/v7e-m+fp/hard\libc_nano.a(lib_a-strncat.o)
                              ./src/main.o (strncat)
c:/nxp/s32ds.3.5/s32ds/build_tools/gcc_v10.2/gcc-10.2-arm32-eabi/bin/../lib/gcc/arm-none-eabi/10.2.0/../../../../arm-none-eabi/lib/thumb/v7e-m+fp/hard\libc_nano.a(lib_a-impure.o)
                              c:/nxp/s32ds.3.5/s32ds/build_tools/gcc_v10.2/gcc-10.2-arm32-eabi/bin/../lib/gcc/arm-none-eabi/10.2.0/../../../../arm-none-eabi/lib/thumb/v7e-m+fp/hard\libc_nano.a(lib_a-snprintf.o) (_impure_ptr)
c:/nxp/s32ds.3.5/s32ds/build_tools/gcc_v10.2/gcc-10.2-arm32-eabi/bin/../lib/gcc/arm-none-eabi/10.2.0/../../../../arm-none-eabi/lib/thumb/v7e-m+fp/hard\libc_nano.a(lib_a-nano-svfprintf.o)
                              c:/nxp/s32ds.3.5/s32ds/build_tools/gcc_v10.2/gcc-10.2-arm32-eabi/bin/../lib/gcc/arm-none-eabi/10.2.0/../../../../arm-none-eabi/lib/thumb/v7e-m+fp/hard\libc_nano.a(lib_a-snprintf.o) (_svfprintf_r)
c:/nxp/s32ds.3.5/s32ds/build_tools/gcc_v10.2/gcc-10.2-arm32-eabi/bin/../lib/gcc/arm-none-eabi/10.2.0/../../../../arm-none-eabi/lib/thumb/v7e-m+fp/hard\libc_nano.a(lib_a-nano-vfprintf_i.o)
                              c:/nxp/s32ds.3.5/s32ds/build_tools/gcc_v10.2/gcc-10.2-arm32-eabi/bin/../lib/gcc/arm-none-eabi/10.2.0/../../../../arm-none-eabi/lib/thumb/v7e-m+fp/hard\libc_nano.a(lib_a-nano-svfprintf.o) (_printf_i)
c:/nxp/s32ds.3.5/s32ds/build_tools/gcc_v10.2/gcc-10.2-arm32-eabi/bin/../lib/gcc/arm-none-eabi/10.2.0/../../../../arm-none-eabi/lib/thumb/v7e-m+fp/hard\libc_nano.a(lib_a-memchr.o)
                              c:/nxp/s32ds.3.5/s32ds/build_tools/gcc_v10.2/gcc-10.2-arm32-eabi/bin/../lib/gcc/arm-none-eabi/10.2.0/../../../../arm-none-eabi/lib/thumb/v7e-m+fp/hard\libc_nano.a(lib_a-nano-svfprintf.o) (memchr)
c:/nxp/s32ds.3.5/s32ds/build_tools/gcc_v10.2/gcc-10.2-arm32-eabi/bin/../lib/gcc/arm-none-eabi/10.2.0/../../../../arm-none-eabi/lib/thumb/v7e-m+fp/hard\libc_nano.a(lib_a-memcpy-stub.o)
                              c:/nxp/s32ds.3.5/s32ds/build_tools/gcc_v10.2/gcc-10.2-arm32-eabi/bin/../lib/gcc/arm-none-eabi/10.2.0/../../../../arm-none-eabi/lib/thumb/v7e-m+fp/hard\libc_nano.a(lib_a-nano-svfprintf.o) (memcpy)
c:/nxp/s32ds.3.5/s32ds/build_tools/gcc_v10.2/gcc-10.2-arm32-eabi/bin/../lib/gcc/arm-none-eabi/10.2.0/../../../../arm-none-eabi/lib/thumb/v7e-m+fp/hard\libc_nano.a(lib_a-nano-freer.o)
                              c:/nxp/s32ds.3.5/s32ds/build_tools/gcc_v10.2/gcc-10.2-arm32-eabi/bin/../lib/gcc/arm-none-eabi/10.2.0/../../../../arm-none-eabi/lib/thumb/v7e-m+fp/hard\libc_nano.a(lib_a-nano-svfprintf.o) (_free_r)
c:/nxp/s32ds.3.5/s32ds/build_tools/gcc_v10.2/gcc-10.2-arm32-eabi/bin/../lib/gcc/arm-none-eabi/10.2.0/../../../../arm-none-eabi/lib/thumb/v7e-m+fp/hard\libc_nano.a(lib_a-nano-mallocr.o)
                              c:/nxp/s32ds.3.5/s32ds/build_tools/gcc_v10.2/gcc-10.2-arm32-eabi/bin/../lib/gcc/arm-none-eabi/10.2.0/../../../../arm-none-eabi/lib/thumb/v7e-m+fp/hard\libc_nano.a(lib_a-nano-svfprintf.o) (_malloc_r)
c:/nxp/s32ds.3.5/s32ds/build_tools/gcc_v10.2/gcc-10.2-arm32-eabi/bin/../lib/gcc/arm-none-eabi/10.2.0/../../../../arm-none-eabi/lib/thumb/v7e-m+fp/hard\libc_nano.a(lib_a-nano-reallocr.o)
                              c:/nxp/s32ds.3.5/s32ds/build_tools/gcc_v10.2/gcc-10.2-arm32-eabi/bin/../lib/gcc/arm-none-eabi/10.2.0/../../../../arm-none-eabi/lib/thumb/v7e-m+fp/hard\libc_nano.a(lib_a-nano-svfprintf.o) (_realloc_r)
c:/nxp/s32ds.3.5/s32ds/build_tools/gcc_v10.2/gcc-10.2-arm32-eabi/bin/../lib/gcc/arm-none-eabi/10.2.0/../../../../arm-none-eabi/lib/thumb/v7e-m+fp/hard\libc_nano.a(lib_a-sbrkr.o)
                              c:/nxp/s32ds.3.5/s32ds/build_tools/gcc_v10.2/gcc-10.2-arm32-eabi/bin/../lib/gcc/arm-none-eabi/10.2.0/../../../../arm-none-eabi/lib/thumb/v7e-m+fp/hard\libc_nano.a(lib_a-nano-mallocr.o) (_sbrk_r)
[...]
Memory Configuration

Name             Origin             Length             Attributes
int_pflash       0x00400000         0x001d4000
int_dflash       0x10000000         0x00020000
int_itcm         0x00000000         0x00008000
int_dtcm         0x20000000         0x0000f000
int_stack_dtcm   0x2000f000         0x00001000
int_sram         0x20400000         0x00007f00
int_sram_fls_rsv 0x20407f00         0x00000100
int_sram_no_cacheable 0x20408000         0x00007f00
int_sram_results 0x2040ff00         0x00000100
int_sram_shareable 0x20410000         0x00008000
ram_rsvd2        0x20418000         0x00000000
*default*        0x00000000         0xffffffff

Linker script and memory map

LOAD ./Project_Settings/Startup_Code/Vector_Table.o
LOAD ./Project_Settings/Startup_Code/exceptions.o
LOAD ./Project_Settings/Startup_Code/nvic.o
LOAD ./Project_Settings/Startup_Code/startup.o
LOAD ./Project_Settings/Startup_Code/startup_cm7.o
LOAD ./Project_Settings/Startup_Code/system.o
LOAD ./RTD/src/Clock_Ip.o
LOAD ./RTD/src/Clock_Ip_Data.o
LOAD ./RTD/src/Clock_Ip_Divider.o
LOAD ./RTD/src/Clock_Ip_DividerTrigger.o
LOAD ./RTD/src/Clock_Ip_ExtOsc.o
LOAD ./RTD/src/Clock_Ip_FracDiv.o
LOAD ./RTD/src/Clock_Ip_Frequency.o
LOAD ./RTD/src/Clock_Ip_Gate.o
LOAD ./RTD/src/Clock_Ip_IntOsc.o
LOAD ./RTD/src/Clock_Ip_Irq.o
LOAD ./RTD/src/Clock_Ip_Monitor.o
LOAD ./RTD/src/Clock_Ip_Pll.o
LOAD ./RTD/src/Clock_Ip_ProgFreqSwitch.o
LOAD ./RTD/src/Clock_Ip_Selector.o
LOAD ./RTD/src/Clock_Ip_Specific.o
LOAD ./RTD/src/Det.o
LOAD ./RTD/src/Det_stub.o
LOAD ./RTD/src/FlexCAN_Ip.o
LOAD ./RTD/src/FlexCAN_Ip_HwAccess.o
LOAD ./RTD/src/FlexCAN_Ip_Irq.o
LOAD ./RTD/src/Flexio_Mcl_Ip.o
LOAD ./RTD/src/Flexio_Mcl_Ip_HwAccess.o
LOAD ./RTD/src/Flexio_Mcl_Ip_Irq.o
LOAD ./RTD/src/Igf_Port_Ip.o
LOAD ./RTD/src/IntCtrl_Ip.o
LOAD ./RTD/src/Lpuart_Uart_Ip.o
LOAD ./RTD/src/Lpuart_Uart_Ip_Irq.o
LOAD ./RTD/src/OsIf_Interrupts.o
LOAD ./RTD/src/OsIf_Timer.o
LOAD ./RTD/src/OsIf_Timer_System.o
LOAD ./RTD/src/OsIf_Timer_System_Internal_Systick.o
LOAD ./RTD/src/Pit_Ip.o
LOAD ./RTD/src/SchM_Can_43_FLEXCAN.o
LOAD ./RTD/src/SchM_Dio.o
LOAD ./RTD/src/SchM_Gpt.o
LOAD ./RTD/src/SchM_Mcl.o
LOAD ./RTD/src/SchM_Mcu.o
LOAD ./RTD/src/SchM_Port.o
LOAD ./RTD/src/SchM_Uart.o
LOAD ./RTD/src/Siul2_Dio_Ip.o
LOAD ./RTD/src/Siul2_Port_Ip.o
LOAD ./RTD/src/Tspc_Port_Ip.o
LOAD ./board/Siul2_Port_Ip_Cfg.o
LOAD ./board/Tspc_Port_Ip_Cfg.o
LOAD ./generate/src/Clock_Ip_Cfg.o
LOAD ./generate/src/FlexCAN_Ip_Sa_PBcfg.o
LOAD ./generate/src/Flexio_Mcl_Ip_PBcfg.o
LOAD ./generate/src/Igf_Port_Ip_Cfg.o
LOAD ./generate/src/IntCtrl_Ip_Cfg.o
LOAD ./generate/src/Lpuart_Uart_Ip_Sa_PBcfg.o
LOAD ./generate/src/OsIf_Cfg.o
LOAD ./generate/src/Pit_Ip_PBcfg.o
LOAD ./src/main.o
LOAD c:/nxp/s32ds.3.5/s32ds/build_tools/gcc_v10.2/gcc-10.2-arm32-eabi/bin/../lib/gcc/arm-none-eabi/10.2.0/../../../../arm-none-eabi/lib/thumb/v7e-m+fp/hard\libc_nano.a
LOAD c:/nxp/s32ds.3.5/s32ds/build_tools/gcc_v10.2/gcc-10.2-arm32-eabi/bin/../lib/gcc/arm-none-eabi/10.2.0/../../../../arm-none-eabi/lib/thumb/v7e-m+fp/hard\libm.a
LOAD c:/nxp/s32ds.3.5/s32ds/build_tools/gcc_v10.2/gcc-10.2-arm32-eabi/bin/../lib/gcc/arm-none-eabi/10.2.0/thumb/v7e-m+fp/hard\libgcc.a
START GROUP
LOAD c:/nxp/s32ds.3.5/s32ds/build_tools/gcc_v10.2/gcc-10.2-arm32-eabi/bin/../lib/gcc/arm-none-eabi/10.2.0/thumb/v7e-m+fp/hard\libgcc.a
LOAD c:/nxp/s32ds.3.5/s32ds/build_tools/gcc_v10.2/gcc-10.2-arm32-eabi/bin/../lib/gcc/arm-none-eabi/10.2.0/../../../../arm-none-eabi/lib/thumb/v7e-m+fp/hard\libg_nano.a
LOAD c:/nxp/s32ds.3.5/s32ds/build_tools/gcc_v10.2/gcc-10.2-arm32-eabi/bin/../lib/gcc/arm-none-eabi/10.2.0/../../../../arm-none-eabi/lib/thumb/v7e-m+fp/hard\libc_nano.a
END GROUP
START GROUP
LOAD c:/nxp/s32ds.3.5/s32ds/build_tools/gcc_v10.2/gcc-10.2-arm32-eabi/bin/../lib/gcc/arm-none-eabi/10.2.0/thumb/v7e-m+fp/hard\libgcc.a
LOAD c:/nxp/s32ds.3.5/s32ds/build_tools/gcc_v10.2/gcc-10.2-arm32-eabi/bin/../lib/gcc/arm-none-eabi/10.2.0/../../../../arm-none-eabi/lib/thumb/v7e-m+fp/hard\libc_nano.a
LOAD c:/nxp/s32ds.3.5/s32ds/build_tools/gcc_v10.2/gcc-10.2-arm32-eabi/bin/../lib/gcc/arm-none-eabi/10.2.0/../../../../arm-none-eabi/lib/thumb/v7e-m+fp/hard\libnosys.a
END GROUP
START GROUP
LOAD c:/nxp/s32ds.3.5/s32ds/build_tools/gcc_v10.2/gcc-10.2-arm32-eabi/bin/../lib/gcc/arm-none-eabi/10.2.0/thumb/v7e-m+fp/hard\libgcc.a
LOAD c:/nxp/s32ds.3.5/s32ds/build_tools/gcc_v10.2/gcc-10.2-arm32-eabi/bin/../lib/gcc/arm-none-eabi/10.2.0/../../../../arm-none-eabi/lib/thumb/v7e-m+fp/hard\libc_nano.a
LOAD c:/nxp/s32ds.3.5/s32ds/build_tools/gcc_v10.2/gcc-10.2-arm32-eabi/bin/../lib/gcc/arm-none-eabi/10.2.0/../../../../arm-none-eabi/lib/thumb/v7e-m+fp/hard\libnosys.a
END GROUP
                0x00000200                HEAP_SIZE = DEFINED (__heap_size__)?__heap_size__:0x200
                0x20407fff                __STANDBY_RAM_LIMIT_END = 0x20407fff

.pflash         0x00400000     0xf820
 *(.boot_header)
 .boot_header   0x00400000       0x30 ./Project_Settings/Startup_Code/startup_cm7.o
                0x00400800                . = ALIGN (0x800)
 *fill*         0x00400030      0x7d0 
                0x00400800                __text_start = .
                0x00400800                __interrupts_init_start = .
 *(.intc_vector)
 .intc_vector   0x00400800      0x408 ./Project_Settings/Startup_Code/Vector_Table.o
                0x00400800                VTABLE
                0x00400c08                . = ALIGN (0x4)
                0x00400c08                __interrupts_init_end = .
 *(.core_loop)
 .core_loop     0x00400c08        0xc ./Project_Settings/Startup_Code/startup_cm7.o
                0x00400c08                _core_loop
                0x00400c14                . = ALIGN (0x4)
 *(.startup)
 *fill*         0x00400c14        0xc 
 .startup       0x00400c20      0x1dc ./Project_Settings/Startup_Code/startup_cm7.o
                0x00400c20                Reset_Handler
                0x00400c20                _start
                0x00400d8c                MCAL_LTB_TRACE_OFF
                0x00400d8e                _end_of_eunit_test
                0x00400dfc                . = ALIGN (0x4)
 *(.systeminit)
                0x00400dfc                . = ALIGN (0x4)
 *(.text.startup)
 .text.startup  0x00400dfc       0x68 ./src/main.o
                0x00400dfc                main
                0x00400e64                . = ALIGN (0x4)
 *(.text)
 .text          0x00400e64        0x0 ./Project_Settings/Startup_Code/Vector_Table.o
 .text          0x00400e64        0x0 ./Project_Settings/Startup_Code/exceptions.o
 .text          0x00400e64        0x0 ./Project_Settings/Startup_Code/nvic.o
 .text          0x00400e64        0x0 ./Project_Settings/Startup_Code/startup.o
 .text          0x00400e64        0x0 ./Project_Settings/Startup_Code/startup_cm7.o
 .text          0x00400e64       0x10 ./Project_Settings/Startup_Code/system.o
                0x00400e64                Sys_GetCoreID
 .text          0x00400e74        0x0 ./RTD/src/Clock_Ip.o
 .text          0x00400e74        0x0 ./RTD/src/Clock_Ip_Data.o
 .text          0x00400e74        0x0 ./RTD/src/Clock_Ip_Divider.o
 .text          0x00400e74        0x0 ./RTD/src/Clock_Ip_DividerTrigger.o
 .text          0x00400e74        0x0 ./RTD/src/Clock_Ip_ExtOsc.o
 .text          0x00400e74        0x0 ./RTD/src/Clock_Ip_FracDiv.o
 .text          0x00400e74        0x0 ./RTD/src/Clock_Ip_Frequency.o
 .text          0x00400e74        0x0 ./RTD/src/Clock_Ip_Gate.o
 .text          0x00400e74        0x0 ./RTD/src/Clock_Ip_IntOsc.o
 .text          0x00400e74        0x0 ./RTD/src/Clock_Ip_Irq.o
 .text          0x00400e74        0x0 ./RTD/src/Clock_Ip_Monitor.o
 .text          0x00400e74        0x0 ./RTD/src/Clock_Ip_Pll.o
 .text          0x00400e74        0x0 ./RTD/src/Clock_Ip_ProgFreqSwitch.o
 .text          0x00400e74        0x0 ./RTD/src/Clock_Ip_Selector.o
 .text          0x00400e74        0x0 ./RTD/src/Clock_Ip_Specific.o
 .text          0x00400e74        0x0 ./RTD/src/Det.o
 .text          0x00400e74        0x0 ./RTD/src/Det_stub.o
 .text          0x00400e74       0x1a ./RTD/src/FlexCAN_Ip.o
 .text          0x00400e8e       0x1a ./RTD/src/FlexCAN_Ip_HwAccess.o
 .text          0x00400ea8        0x0 ./RTD/src/FlexCAN_Ip_Irq.o
 .text          0x00400ea8        0x0 ./RTD/src/Flexio_Mcl_Ip.o
 .text          0x00400ea8        0x0 ./RTD/src/Flexio_Mcl_Ip_HwAccess.o
 .text          0x00400ea8        0x0 ./RTD/src/Flexio_Mcl_Ip_Irq.o
 .text          0x00400ea8        0x0 ./RTD/src/Igf_Port_Ip.o
 .text          0x00400ea8       0x1a ./RTD/src/IntCtrl_Ip.o
 .text          0x00400ec2       0x1a ./RTD/src/Lpuart_Uart_Ip.o
 .text          0x00400edc        0x0 ./RTD/src/Lpuart_Uart_Ip_Irq.o
 .text          0x00400edc        0x0 ./RTD/src/OsIf_Interrupts.o
 .text          0x00400edc        0x0 ./RTD/src/OsIf_Timer.o
 .text          0x00400edc        0x0 ./RTD/src/OsIf_Timer_System.o
 .text          0x00400edc        0x0 ./RTD/src/OsIf_Timer_System_Internal_Systick.o
 .text          0x00400edc        0x0 ./RTD/src/Pit_Ip.o
 .text          0x00400edc        0x6 ./RTD/src/SchM_Can_43_FLEXCAN.o
                0x00400edc                Can_43_FLEXCAN_schm_read_msr
 .text          0x00400ee2        0x6 ./RTD/src/SchM_Dio.o
                0x00400ee2                Dio_schm_read_msr
 .text          0x00400ee8        0x6 ./RTD/src/SchM_Gpt.o
                0x00400ee8                Gpt_schm_read_msr
 .text          0x00400eee        0x6 ./RTD/src/SchM_Mcl.o
                0x00400eee                Mcl_schm_read_msr
 .text          0x00400ef4        0x6 ./RTD/src/SchM_Mcu.o
                0x00400ef4                Mcu_schm_read_msr
 .text          0x00400efa        0x6 ./RTD/src/SchM_Port.o
                0x00400efa                Port_schm_read_msr
 .text          0x00400f00        0x6 ./RTD/src/SchM_Uart.o
                0x00400f00                Uart_schm_read_msr
 .text          0x00400f06       0x1a ./RTD/src/Siul2_Dio_Ip.o
 .text          0x00400f20       0x1a ./RTD/src/Siul2_Port_Ip.o
 .text          0x00400f3a       0x1a ./RTD/src/Tspc_Port_Ip.o
 .text          0x00400f54        0x0 ./board/Siul2_Port_Ip_Cfg.o
 .text          0x00400f54        0x0 ./board/Tspc_Port_Ip_Cfg.o
 .text          0x00400f54        0x0 ./generate/src/Clock_Ip_Cfg.o
 .text          0x00400f54        0x0 ./generate/src/FlexCAN_Ip_Sa_PBcfg.o
 .text          0x00400f54        0x0 ./generate/src/Flexio_Mcl_Ip_PBcfg.o
 .text          0x00400f54        0x0 ./generate/src/Igf_Port_Ip_Cfg.o
 .text          0x00400f54        0x0 ./generate/src/IntCtrl_Ip_Cfg.o
 .text          0x00400f54        0x0 ./generate/src/Lpuart_Uart_Ip_Sa_PBcfg.o
 .text          0x00400f54        0x0 ./generate/src/OsIf_Cfg.o
 .text          0x00400f54        0x0 ./generate/src/Pit_Ip_PBcfg.o
 .text          0x00400f54      0x398 ./src/main.o
                0x00400f54                PitNotification
                0x00400f88                Clock_Init
                0x00400fc4                LED_Init
                0x00400ff4                LPUART_Init
                0x0040100c                UART_Error_Handler
                0x00401058                CAN_Init
                0x004010dc                processCANMessage
                0x0040119c                sendCANMessage
                0x004011de                receiveCANMessage
                0x004012b0                PIT_Init
 .text          0x004012ec        0x0 c:/nxp/s32ds.3.5/s32ds/build_tools/gcc_v10.2/gcc-10.2-arm32-eabi/bin/../lib/gcc/arm-none-eabi/10.2.0/../../../../arm-none-eabi/lib/thumb/v7e-m+fp/hard\libc_nano.a(lib_a-memmove.o)
 .text          0x004012ec        0x0 c:/nxp/s32ds.3.5/s32ds/build_tools/gcc_v10.2/gcc-10.2-arm32-eabi/bin/../lib/gcc/arm-none-eabi/10.2.0/../../../../arm-none-eabi/lib/thumb/v7e-m+fp/hard\libc_nano.a(lib_a-memset.o)
 .text          0x004012ec        0x0 c:/nxp/s32ds.3.5/s32ds/build_tools/gcc_v10.2/gcc-10.2-arm32-eabi/bin/../lib/gcc/arm-none-eabi/10.2.0/../../../../arm-none-eabi/lib/thumb/v7e-m+fp/hard\libc_nano.a(lib_a-snprintf.o)
 .text          0x004012ec       0x10 c:/nxp/s32ds.3.5/s32ds/build_tools/gcc_v10.2/gcc-10.2-arm32-eabi/bin/../lib/gcc/arm-none-eabi/10.2.0/../../../../arm-none-eabi/lib/thumb/v7e-m+fp/hard\libc_nano.a(lib_a-strlen.o)
                0x004012ec                strlen
 .text          0x004012fc        0x0 c:/nxp/s32ds.3.5/s32ds/build_tools/gcc_v10.2/gcc-10.2-arm32-eabi/bin/../lib/gcc/arm-none-eabi/10.2.0/../../../../arm-none-eabi/lib/thumb/v7e-m+fp/hard\libc_nano.a(lib_a-strncat.o)
 .text          0x004012fc        0x0 c:/nxp/s32ds.3.5/s32ds/build_tools/gcc_v10.2/gcc-10.2-arm32-eabi/bin/../lib/gcc/arm-none-eabi/10.2.0/../../../../arm-none-eabi/lib/thumb/v7e-m+fp/hard\libc_nano.a(lib_a-impure.o)
 .text          0x004012fc        0x0 c:/nxp/s32ds.3.5/s32ds/build_tools/gcc_v10.2/gcc-10.2-arm32-eabi/bin/../lib/gcc/arm-none-eabi/10.2.0/../../../../arm-none-eabi/lib/thumb/v7e-m+fp/hard\libc_nano.a(lib_a-nano-svfprintf.o)
 .text          0x004012fc        0x0 c:/nxp/s32ds.3.5/s32ds/build_tools/gcc_v10.2/gcc-10.2-arm32-eabi/bin/../lib/gcc/arm-none-eabi/10.2.0/../../../../arm-none-eabi/lib/thumb/v7e-m+fp/hard\libc_nano.a(lib_a-nano-vfprintf_i.o)
 *fill*         0x004012fc        0x4 
 .text          0x00401300       0xa0 c:/nxp/s32ds.3.5/s32ds/build_tools/gcc_v10.2/gcc-10.2-arm32-eabi/bin/../lib/gcc/arm-none-eabi/10.2.0/../../../../arm-none-eabi/lib/thumb/v7e-m+fp/hard\libc_nano.a(lib_a-memchr.o)
                0x00401300                memchr
 .text          0x004013a0        0x0 c:/nxp/s32ds.3.5/s32ds/build_tools/gcc_v10.2/gcc-10.2-arm32-eabi/bin/../lib/gcc/arm-none-eabi/10.2.0/../../../../arm-none-eabi/lib/thumb/v7e-m+fp/hard\libc_nano.a(lib_a-memcpy-stub.o)
 .text          0x004013a0        0x0 c:/nxp/s32ds.3.5/s32ds/build_tools/gcc_v10.2/gcc-10.2-arm32-eabi/bin/../lib/gcc/arm-none-eabi/10.2.0/../../../../arm-none-eabi/lib/thumb/v7e-m+fp/hard\libc_nano.a(lib_a-nano-freer.o)
 .text          0x004013a0        0x0 c:/nxp/s32ds.3.5/s32ds/build_tools/gcc_v10.2/gcc-10.2-arm32-eabi/bin/../lib/gcc/arm-none-eabi/10.2.0/../../../../arm-none-eabi/lib/thumb/v7e-m+fp/hard\libc_nano.a(lib_a-nano-mallocr.o)
 .text          0x004013a0        0x0 c:/nxp/s32ds.3.5/s32ds/build_tools/gcc_v10.2/gcc-10.2-arm32-eabi/bin/../lib/gcc/arm-none-eabi/10.2.0/../../../../arm-none-eabi/lib/thumb/v7e-m+fp/hard\libc_nano.a(lib_a-nano-reallocr.o)
 .text          0x004013a0        0x0 c:/nxp/s32ds.3.5/s32ds/build_tools/gcc_v10.2/gcc-10.2-arm32-eabi/bin/../lib/gcc/arm-none-eabi/10.2.0/../../../../arm-none-eabi/lib/thumb/v7e-m+fp/hard\libc_nano.a(lib_a-sbrkr.o)
 .text          0x004013a0        0x0 c:/nxp/s32ds.3.5/s32ds/build_tools/gcc_v10.2/gcc-10.2-arm32-eabi/bin/../lib/gcc/arm-none-eabi/10.2.0/../../../../arm-none-eabi/lib/thumb/v7e-m+fp/hard\libc_nano.a(lib_a-mlock.o)
 .text          0x004013a0        0x0 c:/nxp/s32ds.3.5/s32ds/build_tools/gcc_v10.2/gcc-10.2-arm32-eabi/bin/../lib/gcc/arm-none-eabi/10.2.0/../../../../arm-none-eabi/lib/thumb/v7e-m+fp/hard\libc_nano.a(lib_a-nano-msizer.o)
 .text          0x004013a0        0x0 c:/nxp/s32ds.3.5/s32ds/build_tools/gcc_v10.2/gcc-10.2-arm32-eabi/bin/../lib/gcc/arm-none-eabi/10.2.0/../../../../arm-none-eabi/lib/thumb/v7e-m+fp/hard\libc_nano.a(lib_a-reent.o)
 .text          0x004013a0        0x0 c:/nxp/s32ds.3.5/s32ds/build_tools/gcc_v10.2/gcc-10.2-arm32-eabi/bin/../lib/gcc/arm-none-eabi/10.2.0/../../../../arm-none-eabi/lib/thumb/v7e-m+fp/hard\libnosys.a(sbrk.o)
 *(.text*)
 .text.memmove  0x004013a0       0x34 c:/nxp/s32ds.3.5/s32ds/build_tools/gcc_v10.2/gcc-10.2-arm32-eabi/bin/../lib/gcc/arm-none-eabi/10.2.0/../../../../arm-none-eabi/lib/thumb/v7e-m+fp/hard\libc_nano.a(lib_a-memmove.o)
                0x004013a0                memmove
 .text.memset   0x004013d4       0x10 c:/nxp/s32ds.3.5/s32ds/build_tools/gcc_v10.2/gcc-10.2-arm32-eabi/bin/../lib/gcc/arm-none-eabi/10.2.0/../../../../arm-none-eabi/lib/thumb/v7e-m+fp/hard\libc_nano.a(lib_a-memset.o)
                0x004013d4                memset
 .text._snprintf_r
                0x004013e4       0x5e c:/nxp/s32ds.3.5/s32ds/build_tools/gcc_v10.2/gcc-10.2-arm32-eabi/bin/../lib/gcc/arm-none-eabi/10.2.0/../../../../arm-none-eabi/lib/thumb/v7e-m+fp/hard\libc_nano.a(lib_a-snprintf.o)
                0x004013e4                _snprintf_r
                0x004013e4                _sniprintf_r
 *fill*         0x00401442        0x2 
 .text.snprintf
                0x00401444       0x68 c:/nxp/s32ds.3.5/s32ds/build_tools/gcc_v10.2/gcc-10.2-arm32-eabi/bin/../lib/gcc/arm-none-eabi/10.2.0/../../../../arm-none-eabi/lib/thumb/v7e-m+fp/hard\libc_nano.a(lib_a-snprintf.o)
                0x00401444                sniprintf
                0x00401444                snprintf
 .text.strncat  0x004014ac       0x26 c:/nxp/s32ds.3.5/s32ds/build_tools/gcc_v10.2/gcc-10.2-arm32-eabi/bin/../lib/gcc/arm-none-eabi/10.2.0/../../../../arm-none-eabi/lib/thumb/v7e-m+fp/hard\libc_nano.a(lib_a-strncat.o)
                0x004014ac                strncat
 .text.__ssputs_r
                0x004014d2       0xb6 c:/nxp/s32ds.3.5/s32ds/build_tools/gcc_v10.2/gcc-10.2-arm32-eabi/bin/../lib/gcc/arm-none-eabi/10.2.0/../../../../arm-none-eabi/lib/thumb/v7e-m+fp/hard\libc_nano.a(lib_a-nano-svfprintf.o)
                0x004014d2                __ssputs_r
 .text.__ssprint_r
                0x00401588       0xf6 c:/nxp/s32ds.3.5/s32ds/build_tools/gcc_v10.2/gcc-10.2-arm32-eabi/bin/../lib/gcc/arm-none-eabi/10.2.0/../../../../arm-none-eabi/lib/thumb/v7e-m+fp/hard\libc_nano.a(lib_a-nano-svfprintf.o)
                0x00401588                __ssprint_r
 *fill*         0x0040167e        0x2 
 .text._svfprintf_r
                0x00401680      0x200 c:/nxp/s32ds.3.5/s32ds/build_tools/gcc_v10.2/gcc-10.2-arm32-eabi/bin/../lib/gcc/arm-none-eabi/10.2.0/../../../../arm-none-eabi/lib/thumb/v7e-m+fp/hard\libc_nano.a(lib_a-nano-svfprintf.o)
                0x00401680                _svfiprintf_r
                0x00401680                _svfprintf_r
 .text._printf_common
                0x00401880       0xda c:/nxp/s32ds.3.5/s32ds/build_tools/gcc_v10.2/gcc-10.2-arm32-eabi/bin/../lib/gcc/arm-none-eabi/10.2.0/../../../../arm-none-eabi/lib/thumb/v7e-m+fp/hard\libc_nano.a(lib_a-nano-vfprintf_i.o)
                0x00401880                _printf_common
 *fill*         0x0040195a        0x2 
 .text._printf_i
                0x0040195c      0x24c c:/nxp/s32ds.3.5/s32ds/build_tools/gcc_v10.2/gcc-10.2-arm32-eabi/bin/../lib/gcc/arm-none-eabi/10.2.0/../../../../arm-none-eabi/lib/thumb/v7e-m+fp/hard\libc_nano.a(lib_a-nano-vfprintf_i.o)
                0x0040195c                _printf_i
 .text.memcpy   0x00401ba8       0x1c c:/nxp/s32ds.3.5/s32ds/build_tools/gcc_v10.2/gcc-10.2-arm32-eabi/bin/../lib/gcc/arm-none-eabi/10.2.0/../../../../arm-none-eabi/lib/thumb/v7e-m+fp/hard\libc_nano.a(lib_a-memcpy-stub.o)
                0x00401ba8                memcpy
 .text._free_r  0x00401bc4       0x98 c:/nxp/s32ds.3.5/s32ds/build_tools/gcc_v10.2/gcc-10.2-arm32-eabi/bin/../lib/gcc/arm-none-eabi/10.2.0/../../../../arm-none-eabi/lib/thumb/v7e-m+fp/hard\libc_nano.a(lib_a-nano-freer.o)
                0x00401bc4                _free_r
 .text._malloc_r
                0x00401c5c       0xb4 c:/nxp/s32ds.3.5/s32ds/build_tools/gcc_v10.2/gcc-10.2-arm32-eabi/bin/../lib/gcc/arm-none-eabi/10.2.0/../../../../arm-none-eabi/lib/thumb/v7e-m+fp/hard\libc_nano.a(lib_a-nano-mallocr.o)
                0x00401c5c                _malloc_r
 .text._realloc_r
                0x00401d10       0x4c c:/nxp/s32ds.3.5/s32ds/build_tools/gcc_v10.2/gcc-10.2-arm32-eabi/bin/../lib/gcc/arm-none-eabi/10.2.0/../../../../arm-none-eabi/lib/thumb/v7e-m+fp/hard\libc_nano.a(lib_a-nano-reallocr.o)
                0x00401d10                _realloc_r
 .text._sbrk_r  0x00401d5c       0x20 c:/nxp/s32ds.3.5/s32ds/build_tools/gcc_v10.2/gcc-10.2-arm32-eabi/bin/../lib/gcc/arm-none-eabi/10.2.0/../../../../arm-none-eabi/lib/thumb/v7e-m+fp/hard\libc_nano.a(lib_a-sbrkr.o)
                0x00401d5c                _sbrk_r
 .text.__malloc_lock
                0x00401d7c        0x2 c:/nxp/s32ds.3.5/s32ds/build_tools/gcc_v10.2/gcc-10.2-arm32-eabi/bin/../lib/gcc/arm-none-eabi/10.2.0/../../../../arm-none-eabi/lib/thumb/v7e-m+fp/hard\libc_nano.a(lib_a-mlock.o)
                0x00401d7c                __malloc_lock
 .text.__malloc_unlock
                0x00401d7e        0x2 c:/nxp/s32ds.3.5/s32ds/build_tools/gcc_v10.2/gcc-10.2-arm32-eabi/bin/../lib/gcc/arm-none-eabi/10.2.0/../../../../arm-none-eabi/lib/thumb/v7e-m+fp/hard\libc_nano.a(lib_a-mlock.o)
                0x00401d7e                __malloc_unlock
 .text._malloc_usable_size_r
                0x00401d80       0x10 c:/nxp/s32ds.3.5/s32ds/build_tools/gcc_v10.2/gcc-10.2-arm32-eabi/bin/../lib/gcc/arm-none-eabi/10.2.0/../../../../arm-none-eabi/lib/thumb/v7e-m+fp/hard\libc_nano.a(lib_a-nano-msizer.o)
                0x00401d80                _malloc_usable_size_r
 .text.cleanup_glue
                0x00401d90       0x1a c:/nxp/s32ds.3.5/s32ds/build_tools/gcc_v10.2/gcc-10.2-arm32-eabi/bin/../lib/gcc/arm-none-eabi/10.2.0/../../../../arm-none-eabi/lib/thumb/v7e-m+fp/hard\libc_nano.a(lib_a-reent.o)
                0x00401d90                cleanup_glue
 *fill*         0x00401daa        0x2 
 .text._reclaim_reent
                0x00401dac       0xb8 c:/nxp/s32ds.3.5/s32ds/build_tools/gcc_v10.2/gcc-10.2-arm32-eabi/bin/../lib/gcc/arm-none-eabi/10.2.0/../../../../arm-none-eabi/lib/thumb/v7e-m+fp/hard\libc_nano.a(lib_a-reent.o)
                0x00401dac                _reclaim_reent
 .text._sbrk    0x00401e64       0x1c c:/nxp/s32ds.3.5/s32ds/build_tools/gcc_v10.2/gcc-10.2-arm32-eabi/bin/../lib/gcc/arm-none-eabi/10.2.0/../../../../arm-none-eabi/lib/thumb/v7e-m+fp/hard\libnosys.a(sbrk.o)
                0x00401e64                _sbrk
                0x00401e80                . = ALIGN (0x4)
 *(.mcal_text)
 .mcal_text     0x00401e80       0x14 ./Project_Settings/Startup_Code/exceptions.o
                0x00401e80                NMI_Handler
                0x00401e82                HardFault_Handler
                0x00401e84                MemManage_Handler
                0x00401e86                BusFault_Handler
                0x00401e88                UsageFault_Handler
                0x00401e8a                SVC_Handler
                0x00401e8c                DebugMon_Handler
                0x00401e8e                PendSV_Handler
                0x00401e90                SysTick_Handler
                0x00401e92                undefined_handler
 .mcal_text     0x00401e94       0x52 ./Project_Settings/Startup_Code/nvic.o
                0x00401e94                NVIC_SetPriorityGrouping
                0x00401ea8                NVIC_EnableIRQ
                0x00401ec0                NVIC_DisableIRQ
                0x00401ed8                NVIC_SetPriority
 *fill*         0x00401ee6        0x2 
 .mcal_text     0x00401ee8       0xe8 ./Project_Settings/Startup_Code/startup.o
                0x00401ee8                init_data_bss
                0x00401f74                init_data_bss_core2
 .mcal_text     0x00401fd0      0x2ec ./Project_Settings/Startup_Code/system.o
                0x00401fd0                startup_go_to_user_mode
                0x00401fd2                default_interrupt_routine
                0x00401fd4                SystemInit
 .mcal_text     0x004022bc      0x874 ./RTD/src/Clock_Ip.o
                0x004022be                Clock_Ip_InitClock
                0x00402850                Clock_Ip_GetPllStatus
                0x004028f4                Clock_Ip_DistributePll
                0x004029e0                Clock_Ip_Init
                0x00402a04                Clock_Ip_DisableClockMonitor
                0x00402a28                Clock_Ip_InstallNotificationsCallback
                0x00402a34                Clock_Ip_DisableModuleClock
                0x00402a5c                Clock_Ip_EnableModuleClock
                0x00402a84                Clock_Ip_GetClockFrequency
                0x00402a88                Clock_Ip_DisableFircInStandby
                0x00402aa0                Clock_Ip_EnableFircInStandby
                0x00402ab8                Clock_Ip_DisableSircInStandby
                0x00402ad0                Clock_Ip_EnableSircInStandby
                0x00402ae8                Clock_Ip_ReportClockErrors
                0x00402af4                Clock_Ip_StartTimeout
                0x00402b14                Clock_Ip_TimeoutExpired
 .mcal_text     0x00402b30      0x120 ./RTD/src/Clock_Ip_Divider.o
 .mcal_text     0x00402c50       0x9c ./RTD/src/Clock_Ip_DividerTrigger.o
 .mcal_text     0x00402cec      0x1dc ./RTD/src/Clock_Ip_ExtOsc.o
 .mcal_text     0x00402ec8        0x6 ./RTD/src/Clock_Ip_FracDiv.o
 *fill*         0x00402ece        0x2 
 .mcal_text     0x00402ed0      0xdac ./RTD/src/Clock_Ip_Frequency.o
                0x00403bf0                Clock_Ip_Get_RTC_CLK_Frequency_TrustedCall
                0x00403c30                Clock_Ip_SetExternalOscillatorFrequency
                0x00403c4c                Clock_Ip_GetFreq
                0x00403c58                Clock_Ip_SetExternalSignalFrequency
 .mcal_text     0x00403c7c      0x128 ./RTD/src/Clock_Ip_Gate.o
 .mcal_text     0x00403da4      0x104 ./RTD/src/Clock_Ip_IntOsc.o
 .mcal_text     0x00403ea8        0x4 ./RTD/src/Clock_Ip_Irq.o
                0x00403ea8                Mcu_Cmu_ClockFail_IRQHandler
 .mcal_text     0x00403eac      0x204 ./RTD/src/Clock_Ip_Monitor.o
                0x00404058                Clock_Ip_CMU_GetInterruptStatus
                0x0040406c                Clock_Ip_CMU_ClockFailInt
 .mcal_text     0x004040b0      0x17c ./RTD/src/Clock_Ip_Pll.o
 .mcal_text     0x0040422c      0x154 ./RTD/src/Clock_Ip_ProgFreqSwitch.o
 .mcal_text     0x00404380      0x3dc ./RTD/src/Clock_Ip_Selector.o
                0x00404730                Clock_Ip_SetRtcRtccClksel_TrustedCall
 .mcal_text     0x0040475c      0x2c4 ./RTD/src/Clock_Ip_Specific.o
                0x0040475c                Clock_Ip_McMeEnterKey
                0x00404770                Clock_Ip_PowerClockIpModules
                0x00404970                DisableFircInStandbyMode
                0x00404980                EnableFircInStandbyMode
                0x0040499c                DisableSircInStandbyMode
                0x004049ac                EnableSircInStandbyMode
                0x004049c8                Clock_Ip_Command
                0x00404a18                Clock_Ip_FLASH_SetFlashIWS
                0x00404a1c                Clock_Ip_SetFlashWaitStates
 .mcal_text     0x00404a20       0xa4 ./RTD/src/Det.o
                0x00404a20                Det_Init
                0x00404a22                Det_ReportError
                0x00404a58                Det_ReportRuntimeError
                0x00404a8c                Det_ReportTransientFault
                0x00404ac0                Det_Start
 .mcal_text     0x00404ac4      0x21c ./RTD/src/Det_stub.o
                0x00404ac4                Det_TestLastReportError
                0x00404b2c                Det_TestLastReportRuntimeError
                0x00404b94                Det_TestLastReportTransientFault
                0x00404bfc                Det_TestNoError
                0x00404c48                Det_TestNoRuntimeError
                0x00404c94                Det_TestNoTransientFault
 .mcal_text     0x00404ce0     0x2138 ./RTD/src/FlexCAN_Ip.o
                0x004054a4                FlexCAN_Ip_Init_Privileged
                0x004056ac                FlexCAN_Ip_Send
                0x00405724                FlexCAN_Ip_ConfigRxMb
                0x004057b8                FlexCAN_Ip_Receive
                0x00405808                FlexCAN_Ip_ReceiveBlocking
                0x004058f4                FlexCAN_Ip_RxFifo
                0x0040593c                FlexCAN_Ip_RxFifoBlocking
                0x00405a2c                FlexCAN_Ip_ConfigRxFifo_Privileged
                0x00405a98                FlexCAN_Ip_ConfigEnhancedRxFifo_Privileged
                0x00405b08                FlexCAN_Ip_ConfigRemoteResponseMb
                0x00405bc8                FlexCAN_Ip_GetTransferStatus
                0x00405c0c                FlexCAN_IRQHandler
                0x00405dd4                FlexCAN_Ip_ClearErrorStatus
                0x00405df0                FlexCAN_Ip_GetErrorStatus
                0x00405e0c                FlexCAN_Ip_GetControllerTxErrorCounter
                0x00405e2c                FlexCAN_Ip_GetControllerRxErrorCounter
                0x00405e4c                FlexCAN_Busoff_Error_IRQHandler
                0x00405f24                FlexCAN_Ip_SendBlocking
                0x0040601c                FlexCAN_Ip_SetRxMbGlobalMask_Privileged
                0x00406070                FlexCAN_Ip_EnterFreezeMode_Privileged
                0x00406080                FlexCAN_Ip_ExitFreezeMode_Privileged
                0x00406090                FlexCAN_Ip_SetRxIndividualMask_Privileged
                0x00406108                FlexCAN_Ip_SetRxFifoGlobalMask_Privileged
                0x00406160                FlexCAN_Ip_Deinit_Privileged
                0x00406250                FlexCAN_Ip_MainFunctionRead
                0x004062f0                FlexCAN_Ip_MainFunctionBusOff_Privileged
                0x00406334                FlexCAN_Ip_MainFunctionWrite
                0x004063e4                FlexCAN_Ip_GetStopMode_Privileged
                0x004063f8                FlexCAN_Ip_GetStartMode_Privileged
                0x00406410                FlexCAN_Ip_SetStartMode_Privileged
                0x00406444                FlexCAN_Ip_SetStopMode_Privileged
                0x00406474                FlexCAN_Ip_SetRxMaskType_Privileged
                0x004064e0                FlexCAN_Ip_SetBitrate_Privileged
                0x00406584                FlexCAN_Ip_GetBitrate
                0x00406638                FlexCAN_Ip_ClearTDCFail
                0x00406680                FlexCAN_Ip_GetTDCFail
                0x004066b4                FlexCAN_Ip_GetTDCValue
                0x004066e8                FlexCAN_Ip_SetBitrateCbt_Privileged
                0x004067b0                FlexCAN_Ip_GetBitrateFD
                0x0040684c                FlexCAN_Ip_SetTDCOffset_Privileged
                0x004068f8                FlexCAN_Ip_SetTxArbitrationStartDelay_Privileged
                0x00406964                FlexCAN_Ip_GetBuffStatusFlag
                0x00406998                FlexCAN_Ip_ClearBuffStatusFlag
                0x004069c8                FlexCAN_Ip_EnableInterrupts_Privileged
                0x00406a24                FlexCAN_Ip_DisableInterrupts_Privileged
                0x00406a74                FlexCAN_Ip_SetErrorInt_Privileged
                0x00406b10                FlexCAN_Ip_AbortTransfer
                0x00406c6c                FlexCAN_Ip_SetRxMb14Mask_Privileged
                0x00406cc4                FlexCAN_Ip_SetRxMb15Mask_Privileged
                0x00406d1c                FlexCAN_Ip_SetListenOnlyMode_Privileged
                0x00406d8c                FlexCAN_Ip_GetListenOnlyMode
                0x00406da0                FlexCAN_Ip_ManualBusOffRecovery
 .mcal_text     0x00406e18      0xde8 ./RTD/src/FlexCAN_Ip_HwAccess.o
                0x00406e4a                FlexCAN_ComputePayloadSize
                0x00406e64                FlexCAN_GetMsgBuffRegion
                0x00406ec0                FlexCAN_GetMaxMbNum
                0x00406f08                FlexCAN_EnterFreezeMode
                0x00406f68                FlexCAN_Enable
                0x00406fb2                FlexCAN_ExitFreezeMode
                0x00407004                FlexCAN_Disable
                0x00407054                FlexCAN_SetErrIntCmd
                0x004070bc                FlexCAN_Init
                0x0040719c                FlexCAN_EnableRxFifo
                0x004071ea                FlexCAN_SetPayloadSize
                0x0040723a                FlexCAN_GetMbPayloadSize
                0x00407266                FlexCAN_LockRxMsgBuff
                0x00407270                FlexCAN_SetMsgBuffIntCmd
                0x00407300                FLEXCAN_ClearMsgBuffIntCmd
                0x00407360                FlexCAN_DisableInterrupts
                0x00407374                FlexCAN_EnableInterrupts
                0x00407398                FlexCAN_SetRxMsgBuff
                0x00407424                FlexCAN_GetMsgBuffTimestamp
                0x00407430                FlexCAN_GetMsgBuff
                0x004074c6                FlexCAN_SetTxMsgBuff
                0x004075d4                FlexCAN_SetMaxMsgBuffNum
                0x0040766a                FlexCAN_SetOperationMode
                0x004076a8                FlexCAN_SetRxFifoFilter
                0x00407850                FlexCAN_ReadRxFifo
                0x004078b8                FlexCAN_ReadEnhancedRxFifo
                0x00407948                FlexCAN_IsMbOutOfRange
                0x0040796a                FlexCAN_IsEnhancedRxFifoAvailable
                0x00407978                FlexCAN_EnableEnhancedRxFifo
                0x00407a06                FlexCAN_SetEnhancedRxFifoFilter
                0x00407b70                FlexCAN_ConfigCtrlOptions
                0x00407bec                FlexCAN_ResetImaskBuff
 .mcal_text     0x00407c00       0x90 ./RTD/src/FlexCAN_Ip_Irq.o
                0x00407c00                CAN0_ORED_IRQHandler
                0x00407c06                CAN0_ORED_0_31_MB_IRQHandler
                0x00407c12                CAN0_ORED_32_63_MB_IRQHandler
                0x00407c1e                CAN1_ORED_IRQHandler
                0x00407c24                CAN1_ORED_0_31_MB_IRQHandler
                0x00407c30                CAN1_ORED_32_63_MB_IRQHandler
                0x00407c3c                CAN2_ORED_IRQHandler
                0x00407c42                CAN2_ORED_0_31_MB_IRQHandler
                0x00407c4e                CAN2_ORED_32_63_MB_IRQHandler
                0x00407c5a                CAN3_ORED_IRQHandler
                0x00407c60                CAN3_ORED_0_31_MB_IRQHandler
                0x00407c6c                CAN4_ORED_IRQHandler
                0x00407c72                CAN4_ORED_0_31_MB_IRQHandler
                0x00407c7e                CAN5_ORED_IRQHandler
                0x00407c84                CAN5_ORED_0_31_MB_IRQHandler
 .mcal_text     0x00407c90       0x4c ./RTD/src/Flexio_Mcl_Ip.o
                0x00407c90                Flexio_Mcl_Ip_InitDevice
                0x00407cc0                Flexio_Mcl_Ip_DeinitDevice
 .mcal_text     0x00407cdc      0x192 ./RTD/src/Flexio_Mcl_Ip_HwAccess.o
                0x00407cdc                Flexio_Mcl_Ip_SetSoftwareReset
                0x00407d00                Flexio_Mcl_Ip_SetDebugEnable
                0x00407d26                Flexio_Mcl_Ip_SetEnable
                0x00407d42                Flexio_Mcl_Ip_GetShifterStatus
                0x00407d4c                Flexio_Mcl_Ip_GetAllShifterStatus
                0x00407d50                Flexio_Mcl_Ip_ClearShifterStatus
                0x00407d5a                Flexio_Mcl_Ip_GetShifterErrorStatus
                0x00407d64                Flexio_Mcl_Ip_GetAllShifterErrorStatus
                0x00407d68                Flexio_Mcl_Ip_ClearShifterErrorStatus
                0x00407d72                Flexio_Mcl_Ip_GetTimerStatus
                0x00407d7c                Flexio_Mcl_Ip_GetTimerInterruptEnable
                0x00407d86                Flexio_Mcl_Ip_GetAllTimerStatus
                0x00407d8a                Flexio_Mcl_Ip_ClearTimerStatus
                0x00407d94                Flexio_Mcl_Ip_GetAllShifterInterrupt
                0x00407d98                Flexio_Mcl_Ip_GetAllShifterErrorInterrupt
                0x00407d9c                Flexio_Mcl_Ip_SetShifterErrorInterrupt
                0x00407dbe                Flexio_Mcl_Ip_SetShifterInterrupt
                0x00407de0                Flexio_Mcl_Ip_GetAllPinsStatus
                0x00407de4                Flexio_Mcl_Ip_GetAllPinsInterrupt
                0x00407de8                Flexio_Mcl_Ip_SetShifterDMARequest
                0x00407e0a                Flexio_Mcl_Ip_GetAllTimerInterrupt
                0x00407e0e                Flexio_Mcl_Ip_SetTimerInterrupt
                0x00407e30                Flexio_Mcl_Ip_Init
                0x00407e40                Flexio_Mcl_Ip_SetTimerDMARequest
                0x00407e62                Flexio_Mcl_Ip_ClearPinStatus
 *fill*         0x00407e6e        0x2 
 .mcal_text     0x00407e70       0x34 ./RTD/src/Flexio_Mcl_Ip_Irq.o
                0x00407e70                MCL_FLEXIO_ISR
 .mcal_text     0x00407ea4      0x278 ./RTD/src/IntCtrl_Ip.o
                0x00407ea4                IntCtrl_Ip_InstallHandlerPrivileged
                0x00407ef8                IntCtrl_Ip_EnableIrqPrivileged
                0x00407f28                IntCtrl_Ip_DisableIrqPrivileged
                0x00407f58                IntCtrl_Ip_SetPriorityPrivileged
                0x00407f90                IntCtrl_Ip_GetPriorityPrivileged
                0x00407fb8                IntCtrl_Ip_ClearPendingPrivileged
                0x00407fe8                IntCtrl_Ip_SetPendingPrivileged
                0x00408018                IntCtrl_Ip_GetPendingPrivileged
                0x00408048                IntCtrl_Ip_GetActivePrivileged
                0x00408078                IntCtrl_Ip_Init
                0x004080e4                IntCtrl_Ip_InstallHandler
                0x004080e8                IntCtrl_Ip_EnableIrq
                0x004080ec                IntCtrl_Ip_DisableIrq
                0x004080f0                IntCtrl_Ip_SetPriority
                0x004080f4                IntCtrl_Ip_GetPriority
                0x004080f8                IntCtrl_Ip_ClearPending
                0x004080fc                IntCtrl_Ip_SetPending
                0x00408100                IntCtrl_Ip_GetPending
                0x0040810e                IntCtrl_Ip_GetActive
 .mcal_text     0x0040811c      0xde4 ./RTD/src/Lpuart_Uart_Ip.o
                0x0040838c                Lpuart_Uart_Ip_Init
                0x004084dc                Lpuart_Uart_Ip_Deinit
                0x00408584                Lpuart_Uart_Ip_SyncSend
                0x00408670                Lpuart_Uart_Ip_AsyncSend
                0x00408730                Lpuart_Uart_Ip_GetTransmitStatus
                0x00408798                Lpuart_Uart_Ip_AbortSendingData
                0x00408800                Lpuart_Uart_Ip_SyncReceive
                0x00408974                Lpuart_Uart_Ip_AsyncReceive
                0x00408a6c                Lpuart_Uart_Ip_GetReceiveStatus
                0x00408ad4                Lpuart_Uart_Ip_AbortReceivingData
                0x00408b4c                Lpuart_Uart_Ip_SetBaudRate
                0x00408c4c                Lpuart_Uart_Ip_GetBaudRate
                0x00408c78                Lpuart_Uart_Ip_SetTxBuffer
                0x00408cac                Lpuart_Uart_Ip_SetRxBuffer
                0x00408ce0                Lpuart_Uart_Ip_IrqHandler
 .mcal_text     0x00408f00        0x6 ./RTD/src/Lpuart_Uart_Ip_Irq.o
                0x00408f00                LPUART_UART_IP_0_IRQHandler
 .mcal_text     0x00408f06       0x18 ./RTD/src/OsIf_Timer.o
                0x00408f06                OsIf_Init
                0x00408f08                OsIf_GetCounter
                0x00408f0c                OsIf_GetElapsed
                0x00408f14                OsIf_SetTimerFrequency
                0x00408f16                OsIf_MicrosToTicks
 .mcal_text     0x00408f1e       0x42 ./RTD/src/OsIf_Timer_System_Internal_Systick.o
                0x00408f1e                OsIf_Timer_System_Internal_Init
                0x00408f34                OsIf_Timer_System_Internal_GetCounter
                0x00408f40                OsIf_Timer_System_Internal_GetElapsed
 .mcal_text     0x00408f60      0x30c ./RTD/src/Pit_Ip.o
                0x00408f7c                Pit_Ip_GetLoadValue
                0x00408f90                Pit_Ip_Init
                0x00408fbc                Pit_Ip_InitChannel
                0x0040902c                Pit_Ip_Deinit
                0x00409088                Pit_Ip_StartChannel
                0x004090c8                Pit_Ip_StopChannel
                0x004090fc                Pit_Ip_GetCurrentTimer
                0x00409114                Pit_Ip_EnableChannelInterrupt
                0x00409144                Pit_Ip_DisableChannelInterrupt
                0x00409178                Pit_Ip_SetLifetimeTimer
                0x004091e4                Pit_Ip_GetLifetimeTimer
                0x004091f8                PIT_0_ISR
 .mcal_text     0x0040926c      0x834 ./RTD/src/SchM_Can_43_FLEXCAN.o
                0x0040926c                SchM_Enter_Can_43_FLEXCAN_CAN_EXCLUSIVE_AREA_00
                0x004092a0                SchM_Exit_Can_43_FLEXCAN_CAN_EXCLUSIVE_AREA_00
                0x004092d0                SchM_Enter_Can_43_FLEXCAN_CAN_EXCLUSIVE_AREA_01
                0x00409304                SchM_Exit_Can_43_FLEXCAN_CAN_EXCLUSIVE_AREA_01
                0x00409334                SchM_Enter_Can_43_FLEXCAN_CAN_EXCLUSIVE_AREA_02
                0x00409368                SchM_Exit_Can_43_FLEXCAN_CAN_EXCLUSIVE_AREA_02
                0x00409398                SchM_Enter_Can_43_FLEXCAN_CAN_EXCLUSIVE_AREA_03
                0x004093cc                SchM_Exit_Can_43_FLEXCAN_CAN_EXCLUSIVE_AREA_03
                0x004093fc                SchM_Enter_Can_43_FLEXCAN_CAN_EXCLUSIVE_AREA_04
                0x00409430                SchM_Exit_Can_43_FLEXCAN_CAN_EXCLUSIVE_AREA_04
                0x00409460                SchM_Enter_Can_43_FLEXCAN_CAN_EXCLUSIVE_AREA_05
                0x00409494                SchM_Exit_Can_43_FLEXCAN_CAN_EXCLUSIVE_AREA_05
                0x004094c4                SchM_Enter_Can_43_FLEXCAN_CAN_EXCLUSIVE_AREA_06
                0x004094f8                SchM_Exit_Can_43_FLEXCAN_CAN_EXCLUSIVE_AREA_06
                0x00409528                SchM_Enter_Can_43_FLEXCAN_CAN_EXCLUSIVE_AREA_07
                0x0040955c                SchM_Exit_Can_43_FLEXCAN_CAN_EXCLUSIVE_AREA_07
                0x0040958c                SchM_Enter_Can_43_FLEXCAN_CAN_EXCLUSIVE_AREA_08
                0x004095c0                SchM_Exit_Can_43_FLEXCAN_CAN_EXCLUSIVE_AREA_08
                0x004095f0                SchM_Enter_Can_43_FLEXCAN_CAN_EXCLUSIVE_AREA_09
                0x00409624                SchM_Exit_Can_43_FLEXCAN_CAN_EXCLUSIVE_AREA_09
                0x00409654                SchM_Enter_Can_43_FLEXCAN_CAN_EXCLUSIVE_AREA_10
                0x00409688                SchM_Exit_Can_43_FLEXCAN_CAN_EXCLUSIVE_AREA_10
                0x004096b8                SchM_Enter_Can_43_FLEXCAN_CAN_EXCLUSIVE_AREA_11
                0x004096ec                SchM_Exit_Can_43_FLEXCAN_CAN_EXCLUSIVE_AREA_11
                0x0040971c                SchM_Enter_Can_43_FLEXCAN_CAN_EXCLUSIVE_AREA_12
                0x00409750                SchM_Exit_Can_43_FLEXCAN_CAN_EXCLUSIVE_AREA_12
                0x00409780                SchM_Enter_Can_43_FLEXCAN_CAN_EXCLUSIVE_AREA_13
                0x004097b4                SchM_Exit_Can_43_FLEXCAN_CAN_EXCLUSIVE_AREA_13
                0x004097e4                SchM_Enter_Can_43_FLEXCAN_CAN_EXCLUSIVE_AREA_14
                0x00409818                SchM_Exit_Can_43_FLEXCAN_CAN_EXCLUSIVE_AREA_14
                0x00409848                SchM_Enter_Can_43_FLEXCAN_CAN_EXCLUSIVE_AREA_15
                0x0040987c                SchM_Exit_Can_43_FLEXCAN_CAN_EXCLUSIVE_AREA_15
                0x004098ac                SchM_Enter_Can_43_FLEXCAN_CAN_EXCLUSIVE_AREA_16
                0x004098e0                SchM_Exit_Can_43_FLEXCAN_CAN_EXCLUSIVE_AREA_16
                0x00409910                SchM_Enter_Can_43_FLEXCAN_CAN_EXCLUSIVE_AREA_17
                0x00409944                SchM_Exit_Can_43_FLEXCAN_CAN_EXCLUSIVE_AREA_17
                0x00409974                SchM_Enter_Can_43_FLEXCAN_CAN_EXCLUSIVE_AREA_18
                0x004099a8                SchM_Exit_Can_43_FLEXCAN_CAN_EXCLUSIVE_AREA_18
                0x004099d8                SchM_Enter_Can_43_FLEXCAN_CAN_EXCLUSIVE_AREA_19
                0x00409a0c                SchM_Exit_Can_43_FLEXCAN_CAN_EXCLUSIVE_AREA_19
                0x00409a3c                SchM_Enter_Can_43_FLEXCAN_CAN_EXCLUSIVE_AREA_20
                0x00409a70                SchM_Exit_Can_43_FLEXCAN_CAN_EXCLUSIVE_AREA_20
 .mcal_text     0x00409aa0       0xc8 ./RTD/src/SchM_Dio.o
                0x00409aa0                SchM_Enter_Dio_DIO_EXCLUSIVE_AREA_00
                0x00409ad4                SchM_Exit_Dio_DIO_EXCLUSIVE_AREA_00
                0x00409b04                SchM_Enter_Dio_DIO_EXCLUSIVE_AREA_01
                0x00409b38                SchM_Exit_Dio_DIO_EXCLUSIVE_AREA_01
 .mcal_text     0x00409b68     0x157c ./RTD/src/SchM_Gpt.o
                0x00409b68                SchM_Enter_Gpt_GPT_EXCLUSIVE_AREA_00
                0x00409b9c                SchM_Exit_Gpt_GPT_EXCLUSIVE_AREA_00
                0x00409bcc                SchM_Enter_Gpt_GPT_EXCLUSIVE_AREA_01
                0x00409c00                SchM_Exit_Gpt_GPT_EXCLUSIVE_AREA_01
                0x00409c30                SchM_Enter_Gpt_GPT_EXCLUSIVE_AREA_02
                0x00409c64                SchM_Exit_Gpt_GPT_EXCLUSIVE_AREA_02
                0x00409c94                SchM_Enter_Gpt_GPT_EXCLUSIVE_AREA_03
                0x00409cc8                SchM_Exit_Gpt_GPT_EXCLUSIVE_AREA_03
                0x00409cf8                SchM_Enter_Gpt_GPT_EXCLUSIVE_AREA_04
                0x00409d2c                SchM_Exit_Gpt_GPT_EXCLUSIVE_AREA_04
                0x00409d5c                SchM_Enter_Gpt_GPT_EXCLUSIVE_AREA_05
                0x00409d90                SchM_Exit_Gpt_GPT_EXCLUSIVE_AREA_05
                0x00409dc0                SchM_Enter_Gpt_GPT_EXCLUSIVE_AREA_06
                0x00409df4                SchM_Exit_Gpt_GPT_EXCLUSIVE_AREA_06
                0x00409e24                SchM_Enter_Gpt_GPT_EXCLUSIVE_AREA_07
                0x00409e58                SchM_Exit_Gpt_GPT_EXCLUSIVE_AREA_07
                0x00409e88                SchM_Enter_Gpt_GPT_EXCLUSIVE_AREA_10
                0x00409ebc                SchM_Exit_Gpt_GPT_EXCLUSIVE_AREA_10
                0x00409eec                SchM_Enter_Gpt_GPT_EXCLUSIVE_AREA_11
                0x00409f20                SchM_Exit_Gpt_GPT_EXCLUSIVE_AREA_11
                0x00409f50                SchM_Enter_Gpt_GPT_EXCLUSIVE_AREA_12
                0x00409f84                SchM_Exit_Gpt_GPT_EXCLUSIVE_AREA_12
                0x00409fb4                SchM_Enter_Gpt_GPT_EXCLUSIVE_AREA_17
                0x00409fe8                SchM_Exit_Gpt_GPT_EXCLUSIVE_AREA_17
                0x0040a018                SchM_Enter_Gpt_GPT_EXCLUSIVE_AREA_21
                0x0040a04c                SchM_Exit_Gpt_GPT_EXCLUSIVE_AREA_21
                0x0040a07c                SchM_Enter_Gpt_GPT_EXCLUSIVE_AREA_22
                0x0040a0b0                SchM_Exit_Gpt_GPT_EXCLUSIVE_AREA_22
                0x0040a0e0                SchM_Enter_Gpt_GPT_EXCLUSIVE_AREA_23
                0x0040a114                SchM_Exit_Gpt_GPT_EXCLUSIVE_AREA_23
                0x0040a144                SchM_Enter_Gpt_GPT_EXCLUSIVE_AREA_24
                0x0040a178                SchM_Exit_Gpt_GPT_EXCLUSIVE_AREA_24
                0x0040a1a8                SchM_Enter_Gpt_GPT_EXCLUSIVE_AREA_25
                0x0040a1dc                SchM_Exit_Gpt_GPT_EXCLUSIVE_AREA_25
                0x0040a20c                SchM_Enter_Gpt_GPT_EXCLUSIVE_AREA_26
                0x0040a240                SchM_Exit_Gpt_GPT_EXCLUSIVE_AREA_26
                0x0040a270                SchM_Enter_Gpt_GPT_EXCLUSIVE_AREA_27
                0x0040a2a4                SchM_Exit_Gpt_GPT_EXCLUSIVE_AREA_27
                0x0040a2d4                SchM_Enter_Gpt_GPT_EXCLUSIVE_AREA_28
                0x0040a308                SchM_Exit_Gpt_GPT_EXCLUSIVE_AREA_28
                0x0040a338                SchM_Enter_Gpt_GPT_EXCLUSIVE_AREA_29
                0x0040a36c                SchM_Exit_Gpt_GPT_EXCLUSIVE_AREA_29
                0x0040a39c                SchM_Enter_Gpt_GPT_EXCLUSIVE_AREA_30
                0x0040a3d0                SchM_Exit_Gpt_GPT_EXCLUSIVE_AREA_30
                0x0040a400                SchM_Enter_Gpt_GPT_EXCLUSIVE_AREA_31
                0x0040a434                SchM_Exit_Gpt_GPT_EXCLUSIVE_AREA_31
                0x0040a464                SchM_Enter_Gpt_GPT_EXCLUSIVE_AREA_35
                0x0040a498                SchM_Exit_Gpt_GPT_EXCLUSIVE_AREA_35
                0x0040a4c8                SchM_Enter_Gpt_GPT_EXCLUSIVE_AREA_36
                0x0040a4fc                SchM_Exit_Gpt_GPT_EXCLUSIVE_AREA_36
                0x0040a52c                SchM_Enter_Gpt_GPT_EXCLUSIVE_AREA_38
                0x0040a560                SchM_Exit_Gpt_GPT_EXCLUSIVE_AREA_38
                0x0040a590                SchM_Enter_Gpt_GPT_EXCLUSIVE_AREA_39
                0x0040a5c4                SchM_Exit_Gpt_GPT_EXCLUSIVE_AREA_39
                0x0040a5f4                SchM_Enter_Gpt_GPT_EXCLUSIVE_AREA_40
                0x0040a628                SchM_Exit_Gpt_GPT_EXCLUSIVE_AREA_40
                0x0040a658                SchM_Enter_Gpt_GPT_EXCLUSIVE_AREA_41
                0x0040a68c                SchM_Exit_Gpt_GPT_EXCLUSIVE_AREA_41
                0x0040a6bc                SchM_Enter_Gpt_GPT_EXCLUSIVE_AREA_42
                0x0040a6f0                SchM_Exit_Gpt_GPT_EXCLUSIVE_AREA_42
                0x0040a720                SchM_Enter_Gpt_GPT_EXCLUSIVE_AREA_43
                0x0040a754                SchM_Exit_Gpt_GPT_EXCLUSIVE_AREA_43
                0x0040a784                SchM_Enter_Gpt_GPT_EXCLUSIVE_AREA_44
                0x0040a7b8                SchM_Exit_Gpt_GPT_EXCLUSIVE_AREA_44
                0x0040a7e8                SchM_Enter_Gpt_GPT_EXCLUSIVE_AREA_45
                0x0040a81c                SchM_Exit_Gpt_GPT_EXCLUSIVE_AREA_45
                0x0040a84c                SchM_Enter_Gpt_GPT_EXCLUSIVE_AREA_46
                0x0040a880                SchM_Exit_Gpt_GPT_EXCLUSIVE_AREA_46
                0x0040a8b0                SchM_Enter_Gpt_GPT_EXCLUSIVE_AREA_50
                0x0040a8e4                SchM_Exit_Gpt_GPT_EXCLUSIVE_AREA_50
                0x0040a914                SchM_Enter_Gpt_GPT_EXCLUSIVE_AREA_51
                0x0040a948                SchM_Exit_Gpt_GPT_EXCLUSIVE_AREA_51
                0x0040a978                SchM_Enter_Gpt_GPT_EXCLUSIVE_AREA_52
                0x0040a9ac                SchM_Exit_Gpt_GPT_EXCLUSIVE_AREA_52
                0x0040a9dc                SchM_Enter_Gpt_GPT_EXCLUSIVE_AREA_53
                0x0040aa10                SchM_Exit_Gpt_GPT_EXCLUSIVE_AREA_53
                0x0040aa40                SchM_Enter_Gpt_GPT_EXCLUSIVE_AREA_54
                0x0040aa74                SchM_Exit_Gpt_GPT_EXCLUSIVE_AREA_54
                0x0040aaa4                SchM_Enter_Gpt_GPT_EXCLUSIVE_AREA_55
                0x0040aad8                SchM_Exit_Gpt_GPT_EXCLUSIVE_AREA_55
                0x0040ab08                SchM_Enter_Gpt_GPT_EXCLUSIVE_AREA_56
                0x0040ab3c                SchM_Exit_Gpt_GPT_EXCLUSIVE_AREA_56
                0x0040ab6c                SchM_Enter_Gpt_GPT_EXCLUSIVE_AREA_60
                0x0040aba0                SchM_Exit_Gpt_GPT_EXCLUSIVE_AREA_60
                0x0040abd0                SchM_Enter_Gpt_GPT_EXCLUSIVE_AREA_61
                0x0040ac04                SchM_Exit_Gpt_GPT_EXCLUSIVE_AREA_61
                0x0040ac34                SchM_Enter_Gpt_GPT_EXCLUSIVE_AREA_62
                0x0040ac68                SchM_Exit_Gpt_GPT_EXCLUSIVE_AREA_62
                0x0040ac98                SchM_Enter_Gpt_GPT_EXCLUSIVE_AREA_63
                0x0040accc                SchM_Exit_Gpt_GPT_EXCLUSIVE_AREA_63
                0x0040acfc                SchM_Enter_Gpt_GPT_EXCLUSIVE_AREA_64
                0x0040ad30                SchM_Exit_Gpt_GPT_EXCLUSIVE_AREA_64
                0x0040ad60                SchM_Enter_Gpt_GPT_EXCLUSIVE_AREA_65
                0x0040ad94                SchM_Exit_Gpt_GPT_EXCLUSIVE_AREA_65
                0x0040adc4                SchM_Enter_Gpt_GPT_EXCLUSIVE_AREA_66
                0x0040adf8                SchM_Exit_Gpt_GPT_EXCLUSIVE_AREA_66
                0x0040ae28                SchM_Enter_Gpt_GPT_EXCLUSIVE_AREA_67
                0x0040ae5c                SchM_Exit_Gpt_GPT_EXCLUSIVE_AREA_67
                0x0040ae8c                SchM_Enter_Gpt_GPT_EXCLUSIVE_AREA_68
                0x0040aec0                SchM_Exit_Gpt_GPT_EXCLUSIVE_AREA_68
                0x0040aef0                SchM_Enter_Gpt_GPT_EXCLUSIVE_AREA_69
                0x0040af24                SchM_Exit_Gpt_GPT_EXCLUSIVE_AREA_69
                0x0040af54                SchM_Enter_Gpt_GPT_EXCLUSIVE_AREA_70
                0x0040af88                SchM_Exit_Gpt_GPT_EXCLUSIVE_AREA_70
                0x0040afb8                SchM_Enter_Gpt_GPT_EXCLUSIVE_AREA_71
                0x0040afec                SchM_Exit_Gpt_GPT_EXCLUSIVE_AREA_71
                0x0040b01c                SchM_Enter_Gpt_GPT_EXCLUSIVE_AREA_72
                0x0040b050                SchM_Exit_Gpt_GPT_EXCLUSIVE_AREA_72
                0x0040b080                SchM_Enter_Gpt_GPT_EXCLUSIVE_AREA_73
                0x0040b0b4                SchM_Exit_Gpt_GPT_EXCLUSIVE_AREA_73
 .mcal_text     0x0040b0e4     0x125c ./RTD/src/SchM_Mcl.o
                0x0040b0e4                SchM_Enter_Mcl_MCL_EXCLUSIVE_AREA_00
                0x0040b118                SchM_Exit_Mcl_MCL_EXCLUSIVE_AREA_00
                0x0040b148                SchM_Enter_Mcl_MCL_EXCLUSIVE_AREA_01
                0x0040b17c                SchM_Exit_Mcl_MCL_EXCLUSIVE_AREA_01
                0x0040b1ac                SchM_Enter_Mcl_MCL_EXCLUSIVE_AREA_02
                0x0040b1e0                SchM_Exit_Mcl_MCL_EXCLUSIVE_AREA_02
                0x0040b210                SchM_Enter_Mcl_MCL_EXCLUSIVE_AREA_03
                0x0040b244                SchM_Exit_Mcl_MCL_EXCLUSIVE_AREA_03
                0x0040b274                SchM_Enter_Mcl_MCL_EXCLUSIVE_AREA_04
                0x0040b2a8                SchM_Exit_Mcl_MCL_EXCLUSIVE_AREA_04
                0x0040b2d8                SchM_Enter_Mcl_MCL_EXCLUSIVE_AREA_05
                0x0040b30c                SchM_Exit_Mcl_MCL_EXCLUSIVE_AREA_05
                0x0040b33c                SchM_Enter_Mcl_MCL_EXCLUSIVE_AREA_06
                0x0040b370                SchM_Exit_Mcl_MCL_EXCLUSIVE_AREA_06
                0x0040b3a0                SchM_Enter_Mcl_MCL_EXCLUSIVE_AREA_07
                0x0040b3d4                SchM_Exit_Mcl_MCL_EXCLUSIVE_AREA_07
                0x0040b404                SchM_Enter_Mcl_MCL_EXCLUSIVE_AREA_08
                0x0040b438                SchM_Exit_Mcl_MCL_EXCLUSIVE_AREA_08
                0x0040b468                SchM_Enter_Mcl_MCL_EXCLUSIVE_AREA_09
                0x0040b49c                SchM_Exit_Mcl_MCL_EXCLUSIVE_AREA_09
                0x0040b4cc                SchM_Enter_Mcl_MCL_EXCLUSIVE_AREA_10
                0x0040b500                SchM_Exit_Mcl_MCL_EXCLUSIVE_AREA_10
                0x0040b530                SchM_Enter_Mcl_MCL_EXCLUSIVE_AREA_11
                0x0040b564                SchM_Exit_Mcl_MCL_EXCLUSIVE_AREA_11
                0x0040b594                SchM_Enter_Mcl_MCL_EXCLUSIVE_AREA_12
                0x0040b5c8                SchM_Exit_Mcl_MCL_EXCLUSIVE_AREA_12
                0x0040b5f8                SchM_Enter_Mcl_MCL_EXCLUSIVE_AREA_13
                0x0040b62c                SchM_Exit_Mcl_MCL_EXCLUSIVE_AREA_13
                0x0040b65c                SchM_Enter_Mcl_MCL_EXCLUSIVE_AREA_14
                0x0040b690                SchM_Exit_Mcl_MCL_EXCLUSIVE_AREA_14
                0x0040b6c0                SchM_Enter_Mcl_MCL_EXCLUSIVE_AREA_15
                0x0040b6f4                SchM_Exit_Mcl_MCL_EXCLUSIVE_AREA_15
                0x0040b724                SchM_Enter_Mcl_MCL_EXCLUSIVE_AREA_16
                0x0040b758                SchM_Exit_Mcl_MCL_EXCLUSIVE_AREA_16
                0x0040b788                SchM_Enter_Mcl_MCL_EXCLUSIVE_AREA_17
                0x0040b7bc                SchM_Exit_Mcl_MCL_EXCLUSIVE_AREA_17
                0x0040b7ec                SchM_Enter_Mcl_MCL_EXCLUSIVE_AREA_18
                0x0040b820                SchM_Exit_Mcl_MCL_EXCLUSIVE_AREA_18
                0x0040b850                SchM_Enter_Mcl_MCL_EXCLUSIVE_AREA_19
                0x0040b884                SchM_Exit_Mcl_MCL_EXCLUSIVE_AREA_19
                0x0040b8b4                SchM_Enter_Mcl_MCL_EXCLUSIVE_AREA_20
                0x0040b8e8                SchM_Exit_Mcl_MCL_EXCLUSIVE_AREA_20
                0x0040b918                SchM_Enter_Mcl_MCL_EXCLUSIVE_AREA_21
                0x0040b94c                SchM_Exit_Mcl_MCL_EXCLUSIVE_AREA_21
                0x0040b97c                SchM_Enter_Mcl_MCL_EXCLUSIVE_AREA_22
                0x0040b9b0                SchM_Exit_Mcl_MCL_EXCLUSIVE_AREA_22
                0x0040b9e0                SchM_Enter_Mcl_MCL_EXCLUSIVE_AREA_23
                0x0040ba14                SchM_Exit_Mcl_MCL_EXCLUSIVE_AREA_23
                0x0040ba44                SchM_Enter_Mcl_MCL_EXCLUSIVE_AREA_24
                0x0040ba78                SchM_Exit_Mcl_MCL_EXCLUSIVE_AREA_24
                0x0040baa8                SchM_Enter_Mcl_MCL_EXCLUSIVE_AREA_25
                0x0040badc                SchM_Exit_Mcl_MCL_EXCLUSIVE_AREA_25
                0x0040bb0c                SchM_Enter_Mcl_MCL_EXCLUSIVE_AREA_26
                0x0040bb40                SchM_Exit_Mcl_MCL_EXCLUSIVE_AREA_26
                0x0040bb70                SchM_Enter_Mcl_MCL_EXCLUSIVE_AREA_27
                0x0040bba4                SchM_Exit_Mcl_MCL_EXCLUSIVE_AREA_27
                0x0040bbd4                SchM_Enter_Mcl_MCL_EXCLUSIVE_AREA_28
                0x0040bc08                SchM_Exit_Mcl_MCL_EXCLUSIVE_AREA_28
                0x0040bc38                SchM_Enter_Mcl_MCL_EXCLUSIVE_AREA_29
                0x0040bc6c                SchM_Exit_Mcl_MCL_EXCLUSIVE_AREA_29
                0x0040bc9c                SchM_Enter_Mcl_MCL_EXCLUSIVE_AREA_30
                0x0040bcd0                SchM_Exit_Mcl_MCL_EXCLUSIVE_AREA_30
                0x0040bd00                SchM_Enter_Mcl_MCL_EXCLUSIVE_AREA_31
                0x0040bd34                SchM_Exit_Mcl_MCL_EXCLUSIVE_AREA_31
                0x0040bd64                SchM_Enter_Mcl_MCL_EXCLUSIVE_AREA_32
                0x0040bd98                SchM_Exit_Mcl_MCL_EXCLUSIVE_AREA_32
                0x0040bdc8                SchM_Enter_Mcl_MCL_EXCLUSIVE_AREA_33
                0x0040bdfc                SchM_Exit_Mcl_MCL_EXCLUSIVE_AREA_33
                0x0040be2c                SchM_Enter_Mcl_MCL_EXCLUSIVE_AREA_34
                0x0040be60                SchM_Exit_Mcl_MCL_EXCLUSIVE_AREA_34
                0x0040be90                SchM_Enter_Mcl_MCL_EXCLUSIVE_AREA_35
                0x0040bec4                SchM_Exit_Mcl_MCL_EXCLUSIVE_AREA_35
                0x0040bef4                SchM_Enter_Mcl_MCL_EXCLUSIVE_AREA_36
                0x0040bf28                SchM_Exit_Mcl_MCL_EXCLUSIVE_AREA_36
                0x0040bf58                SchM_Enter_Mcl_MCL_EXCLUSIVE_AREA_37
                0x0040bf8c                SchM_Exit_Mcl_MCL_EXCLUSIVE_AREA_37
                0x0040bfbc                SchM_Enter_Mcl_MCL_EXCLUSIVE_AREA_38
                0x0040bff0                SchM_Exit_Mcl_MCL_EXCLUSIVE_AREA_38
                0x0040c020                SchM_Enter_Mcl_MCL_EXCLUSIVE_AREA_39
                0x0040c054                SchM_Exit_Mcl_MCL_EXCLUSIVE_AREA_39
                0x0040c084                SchM_Enter_Mcl_MCL_EXCLUSIVE_AREA_40
                0x0040c0b8                SchM_Exit_Mcl_MCL_EXCLUSIVE_AREA_40
                0x0040c0e8                SchM_Enter_Mcl_MCL_EXCLUSIVE_AREA_41
                0x0040c11c                SchM_Exit_Mcl_MCL_EXCLUSIVE_AREA_41
                0x0040c14c                SchM_Enter_Mcl_MCL_EXCLUSIVE_AREA_42
                0x0040c180                SchM_Exit_Mcl_MCL_EXCLUSIVE_AREA_42
                0x0040c1b0                SchM_Enter_Mcl_MCL_EXCLUSIVE_AREA_43
                0x0040c1e4                SchM_Exit_Mcl_MCL_EXCLUSIVE_AREA_43
                0x0040c214                SchM_Enter_Mcl_MCL_EXCLUSIVE_AREA_44
                0x0040c248                SchM_Exit_Mcl_MCL_EXCLUSIVE_AREA_44
                0x0040c278                SchM_Enter_Mcl_MCL_EXCLUSIVE_AREA_45
                0x0040c2ac                SchM_Exit_Mcl_MCL_EXCLUSIVE_AREA_45
                0x0040c2dc                SchM_Enter_Mcl_MCL_EXCLUSIVE_AREA_46
                0x0040c310                SchM_Exit_Mcl_MCL_EXCLUSIVE_AREA_46
 .mcal_text     0x0040c340      0x12c ./RTD/src/SchM_Mcu.o
                0x0040c340                SchM_Enter_Mcu_MCU_EXCLUSIVE_AREA_00
                0x0040c374                SchM_Exit_Mcu_MCU_EXCLUSIVE_AREA_00
                0x0040c3a4                SchM_Enter_Mcu_MCU_EXCLUSIVE_AREA_01
                0x0040c3d8                SchM_Exit_Mcu_MCU_EXCLUSIVE_AREA_01
                0x0040c408                SchM_Enter_Mcu_MCU_EXCLUSIVE_AREA_02
                0x0040c43c                SchM_Exit_Mcu_MCU_EXCLUSIVE_AREA_02
 .mcal_text     0x0040c46c      0xaf0 ./RTD/src/SchM_Port.o
                0x0040c46c                SchM_Enter_Port_PORT_EXCLUSIVE_AREA_00
                0x0040c4a0                SchM_Exit_Port_PORT_EXCLUSIVE_AREA_00
                0x0040c4d0                SchM_Enter_Port_PORT_EXCLUSIVE_AREA_01
                0x0040c504                SchM_Exit_Port_PORT_EXCLUSIVE_AREA_01
                0x0040c534                SchM_Enter_Port_PORT_EXCLUSIVE_AREA_02
                0x0040c568                SchM_Exit_Port_PORT_EXCLUSIVE_AREA_02
                0x0040c598                SchM_Enter_Port_PORT_EXCLUSIVE_AREA_03
                0x0040c5cc                SchM_Exit_Port_PORT_EXCLUSIVE_AREA_03
                0x0040c5fc                SchM_Enter_Port_PORT_EXCLUSIVE_AREA_04
                0x0040c630                SchM_Exit_Port_PORT_EXCLUSIVE_AREA_04
                0x0040c660                SchM_Enter_Port_PORT_EXCLUSIVE_AREA_05
                0x0040c694                SchM_Exit_Port_PORT_EXCLUSIVE_AREA_05
                0x0040c6c4                SchM_Enter_Port_PORT_EXCLUSIVE_AREA_06
                0x0040c6f8                SchM_Exit_Port_PORT_EXCLUSIVE_AREA_06
                0x0040c728                SchM_Enter_Port_PORT_EXCLUSIVE_AREA_07
                0x0040c75c                SchM_Exit_Port_PORT_EXCLUSIVE_AREA_07
                0x0040c78c                SchM_Enter_Port_PORT_EXCLUSIVE_AREA_08
                0x0040c7c0                SchM_Exit_Port_PORT_EXCLUSIVE_AREA_08
                0x0040c7f0                SchM_Enter_Port_PORT_EXCLUSIVE_AREA_09
                0x0040c824                SchM_Exit_Port_PORT_EXCLUSIVE_AREA_09
                0x0040c854                SchM_Enter_Port_PORT_EXCLUSIVE_AREA_10
                0x0040c888                SchM_Exit_Port_PORT_EXCLUSIVE_AREA_10
                0x0040c8b8                SchM_Enter_Port_PORT_EXCLUSIVE_AREA_11
                0x0040c8ec                SchM_Exit_Port_PORT_EXCLUSIVE_AREA_11
                0x0040c91c                SchM_Enter_Port_PORT_EXCLUSIVE_AREA_12
                0x0040c950                SchM_Exit_Port_PORT_EXCLUSIVE_AREA_12
                0x0040c980                SchM_Enter_Port_PORT_EXCLUSIVE_AREA_13
                0x0040c9b4                SchM_Exit_Port_PORT_EXCLUSIVE_AREA_13
                0x0040c9e4                SchM_Enter_Port_PORT_EXCLUSIVE_AREA_14
                0x0040ca18                SchM_Exit_Port_PORT_EXCLUSIVE_AREA_14
                0x0040ca48                SchM_Enter_Port_PORT_EXCLUSIVE_AREA_15
                0x0040ca7c                SchM_Exit_Port_PORT_EXCLUSIVE_AREA_15
                0x0040caac                SchM_Enter_Port_PORT_EXCLUSIVE_AREA_16
                0x0040cae0                SchM_Exit_Port_PORT_EXCLUSIVE_AREA_16
                0x0040cb10                SchM_Enter_Port_PORT_EXCLUSIVE_AREA_17
                0x0040cb44                SchM_Exit_Port_PORT_EXCLUSIVE_AREA_17
                0x0040cb74                SchM_Enter_Port_PORT_EXCLUSIVE_AREA_18
                0x0040cba8                SchM_Exit_Port_PORT_EXCLUSIVE_AREA_18
                0x0040cbd8                SchM_Enter_Port_PORT_EXCLUSIVE_AREA_19
                0x0040cc0c                SchM_Exit_Port_PORT_EXCLUSIVE_AREA_19
                0x0040cc3c                SchM_Enter_Port_PORT_EXCLUSIVE_AREA_20
                0x0040cc70                SchM_Exit_Port_PORT_EXCLUSIVE_AREA_20
                0x0040cca0                SchM_Enter_Port_PORT_EXCLUSIVE_AREA_21
                0x0040ccd4                SchM_Exit_Port_PORT_EXCLUSIVE_AREA_21
                0x0040cd04                SchM_Enter_Port_PORT_EXCLUSIVE_AREA_22
                0x0040cd38                SchM_Exit_Port_PORT_EXCLUSIVE_AREA_22
                0x0040cd68                SchM_Enter_Port_PORT_EXCLUSIVE_AREA_23
                0x0040cd9c                SchM_Exit_Port_PORT_EXCLUSIVE_AREA_23
                0x0040cdcc                SchM_Enter_Port_PORT_EXCLUSIVE_AREA_24
                0x0040ce00                SchM_Exit_Port_PORT_EXCLUSIVE_AREA_24
                0x0040ce30                SchM_Enter_Port_PORT_EXCLUSIVE_AREA_25
                0x0040ce64                SchM_Exit_Port_PORT_EXCLUSIVE_AREA_25
                0x0040ce94                SchM_Enter_Port_PORT_EXCLUSIVE_AREA_26
                0x0040cec8                SchM_Exit_Port_PORT_EXCLUSIVE_AREA_26
                0x0040cef8                SchM_Enter_Port_PORT_EXCLUSIVE_AREA_27
                0x0040cf2c                SchM_Exit_Port_PORT_EXCLUSIVE_AREA_27
 .mcal_text     0x0040cf5c      0x384 ./RTD/src/SchM_Uart.o
                0x0040cf5c                SchM_Enter_Uart_UART_EXCLUSIVE_AREA_00
                0x0040cf90                SchM_Exit_Uart_UART_EXCLUSIVE_AREA_00
                0x0040cfc0                SchM_Enter_Uart_UART_EXCLUSIVE_AREA_01
                0x0040cff4                SchM_Exit_Uart_UART_EXCLUSIVE_AREA_01
                0x0040d024                SchM_Enter_Uart_UART_EXCLUSIVE_AREA_02
                0x0040d058                SchM_Exit_Uart_UART_EXCLUSIVE_AREA_02
                0x0040d088                SchM_Enter_Uart_UART_EXCLUSIVE_AREA_03
                0x0040d0bc                SchM_Exit_Uart_UART_EXCLUSIVE_AREA_03
                0x0040d0ec                SchM_Enter_Uart_UART_EXCLUSIVE_AREA_04
                0x0040d120                SchM_Exit_Uart_UART_EXCLUSIVE_AREA_04
                0x0040d150                SchM_Enter_Uart_UART_EXCLUSIVE_AREA_05
                0x0040d184                SchM_Exit_Uart_UART_EXCLUSIVE_AREA_05
                0x0040d1b4                SchM_Enter_Uart_UART_EXCLUSIVE_AREA_06
                0x0040d1e8                SchM_Exit_Uart_UART_EXCLUSIVE_AREA_06
                0x0040d218                SchM_Enter_Uart_UART_EXCLUSIVE_AREA_07
                0x0040d24c                SchM_Exit_Uart_UART_EXCLUSIVE_AREA_07
                0x0040d27c                SchM_Enter_Uart_UART_EXCLUSIVE_AREA_08
                0x0040d2b0                SchM_Exit_Uart_UART_EXCLUSIVE_AREA_08
 .mcal_text     0x0040d2e0      0x190 ./RTD/src/Siul2_Dio_Ip.o
                0x0040d316                Siul2_Dio_Ip_WritePin
                0x0040d36a                Siul2_Dio_Ip_WritePins
                0x0040d382                Siul2_Dio_Ip_GetPinsOutput
                0x0040d39a                Siul2_Dio_Ip_SetPins
                0x0040d3b8                Siul2_Dio_Ip_ClearPins
                0x0040d3d8                Siul2_Dio_Ip_TogglePins
                0x0040d3f6                Siul2_Dio_Ip_ReadPins
                0x0040d410                Siul2_Dio_Ip_ReadPin
                0x0040d442                Siul2_Dio_Ip_MaskedWritePins
 .mcal_text     0x0040d470      0x45c ./RTD/src/Siul2_Port_Ip.o
                0x0040d5c4                Siul2_Port_Ip_Init
                0x0040d5f4                Siul2_Port_Ip_SetPullSel
                0x0040d654                Siul2_Port_Ip_SetOutputBuffer
                0x0040d6ba                Siul2_Port_Ip_SetInputBuffer
                0x0040d72a                Siul2_Port_Ip_SetPinDirection
                0x0040d7a2                Siul2_Port_Ip_RevertPinConfiguration
                0x0040d804                Siul2_Port_Ip_GetPinConfiguration
 .mcal_text     0x0040d8cc       0xe0 ./RTD/src/Tspc_Port_Ip.o
                0x0040d8cc                Tspc_Port_Ip_EnableObeGroup
                0x0040d900                Tspc_Port_Ip_ConfigureObeGroup
 *fill*         0x0040d9ac        0x4 
 .mcal_text.__stub
                0x0040d9b0        0x8 linker stubs
                0x0040d9b8                . = ALIGN (0x4)
 *(.acmcu_code_rom)
                0x0040d9b8                . = ALIGN (0x4)
                0x0040d9b8                __acfls_code_rom_start = .
 *(.acfls_code_rom)
                0x0040d9b8                . = ALIGN (0x4)
                0x0040d9b8                __acfls_code_rom_end = .
 *(.init)
                0x0040d9b8                . = ALIGN (0x4)
 *(.fini)
                0x0040d9b8                . = ALIGN (0x4)
 *(.rodata)
 .rodata        0x0040d9b8        0x3 ./RTD/src/Clock_Ip_IntOsc.o
 .rodata        0x0040d9bb       0x48 ./RTD/src/FlexCAN_Ip_HwAccess.o
 *fill*         0x0040da03        0x1 
 .rodata        0x0040da04       0x30 ./RTD/src/Lpuart_Uart_Ip.o
 .rodata        0x0040da34        0x4 ./RTD/src/Siul2_Port_Ip.o
                0x0040da34                Port_au32Siul2BaseAddr
 .rodata        0x0040da38        0x2 ./generate/src/Flexio_Mcl_Ip_PBcfg.o
                0x0040da38                Flexio_Ip_xFlexioInit
 *(.rodata*)
 .rodata.str1.1
                0x0040da3a       0x9e ./src/main.o
                                 0xa1 (size before relaxing)
 .rodata._global_impure_ptr
                0x0040dad8        0x4 c:/nxp/s32ds.3.5/s32ds/build_tools/gcc_v10.2/gcc-10.2-arm32-eabi/bin/../lib/gcc/arm-none-eabi/10.2.0/../../../../arm-none-eabi/lib/thumb/v7e-m+fp/hard\libc_nano.a(lib_a-impure.o)
                0x0040dad8                _global_impure_ptr
 .rodata._svfprintf_r.str1.1
                0x0040dadc       0x11 c:/nxp/s32ds.3.5/s32ds/build_tools/gcc_v10.2/gcc-10.2-arm32-eabi/bin/../lib/gcc/arm-none-eabi/10.2.0/../../../../arm-none-eabi/lib/thumb/v7e-m+fp/hard\libc_nano.a(lib_a-nano-svfprintf.o)
 .rodata._printf_i.str1.1
                0x0040daed       0x22 c:/nxp/s32ds.3.5/s32ds/build_tools/gcc_v10.2/gcc-10.2-arm32-eabi/bin/../lib/gcc/arm-none-eabi/10.2.0/../../../../arm-none-eabi/lib/thumb/v7e-m+fp/hard\libc_nano.a(lib_a-nano-vfprintf_i.o)
                0x0040db10                . = ALIGN (0x4)
 *fill*         0x0040db0f        0x1 
 *(.mcal_const_cfg)
 .mcal_const_cfg
                0x0040db10      0x5e0 ./board/Siul2_Port_Ip_Cfg.o
                0x0040db10                g_pin_mux_InitConfigArr0
 .mcal_const_cfg
                0x0040e0f0      0x40c ./generate/src/Clock_Ip_Cfg.o
                0x0040e0f0                Clock_Ip_aClockConfig
 .mcal_const_cfg
                0x0040e4fc       0x64 ./generate/src/FlexCAN_Ip_Sa_PBcfg.o
                0x0040e4fc                FlexCAN_Config0
 .mcal_const_cfg
                0x0040e560       0x20 ./generate/src/IntCtrl_Ip_Cfg.o
                0x0040e560                IntCtrlConfig_0
 .mcal_const_cfg
                0x0040e580       0x28 ./generate/src/Lpuart_Uart_Ip_Sa_PBcfg.o
                0x0040e580                Lpuart_Uart_Ip_xHwConfigPB_0
 .mcal_const_cfg
                0x0040e5a8       0x12 ./generate/src/Pit_Ip_PBcfg.o
                0x0040e5a8                PIT_0_ChannelConfig_PB
                0x0040e5b8                PIT_0_InitConfig_PB
                0x0040e5bc                . = ALIGN (0x4)
 *fill*         0x0040e5ba        0x2 
 *(.mcal_const)
 .mcal_const    0x0040e5bc      0xe94 ./RTD/src/Clock_Ip_Data.o
                0x0040e5bc                Clock_Ip_axGateInfo
                0x0040ec94                Clock_Ip_axFeatureExtensions
                0x0040eeb4                Clock_Ip_aeHwDfsName
                0x0040eeb8                Clock_Ip_aeHwPllName
                0x0040eebc                Clock_Ip_aeSourceTypeClockName
                0x0040ef04                Clock_Ip_apxMcMeTriggerPartitions
                0x0040ef14                Clock_Ip_apxMcMeGetPartitions
                0x0040ef24                Clock_Ip_apxMcMeSetPartitions
                0x0040ef34                Clock_Ip_axCmuInfo
                0x0040efa4                Clock_Ip_aeCmuNames
                0x0040efc0                Clock_Ip_apxCmu
                0x0040efdc                Clock_Ip_apxPll
                0x0040efec                Clock_Ip_apxXosc
                0x0040eff4                Clock_Ip_apxCgmPcfs
                0x0040eff8                Clock_Ip_apxCgm
                0x0040f048                Clock_Ip_au16SelectorEntryRtcHardwareValue
                0x0040f06c                Clock_Ip_au16SelectorEntryHardwareValue
                0x0040f090                Clock_Ip_au8SoftwareMuxResetValue
                0x0040f0e7                Clock_Ip_au8ClockFeatures
                0x0040f3f6                Clock_Ip_au8CmuCallbackIndex
                0x0040f3ff                Clock_Ip_au8PcfsCallbackIndex
                0x0040f408                Clock_Ip_au8SelectorCallbackIndex
                0x0040f411                Clock_Ip_au8PllCallbackIndex
                0x0040f41a                Clock_Ip_au8FractionalDividerCallbackIndex
                0x0040f423                Clock_Ip_au8GateCallbackIndex
                0x0040f42c                Clock_Ip_au8IrcoscCallbackIndex
                0x0040f435                Clock_Ip_au8XoscCallbackIndex
                0x0040f43e                Clock_Ip_au8DividerTriggerCallbackIndex
                0x0040f447                Clock_Ip_au8DividerCallbackIndex
 .mcal_const    0x0040f450       0x10 ./RTD/src/Clock_Ip_Divider.o
                0x0040f450                Clock_Ip_axDividerCallbacks
 .mcal_const    0x0040f460       0x10 ./RTD/src/Clock_Ip_DividerTrigger.o
                0x0040f460                Clock_Ip_axDividerTriggerCallbacks
 .mcal_const    0x0040f470       0x3c ./RTD/src/Clock_Ip_ExtOsc.o
                0x0040f470                Clock_Ip_axExtOscCallbacks
 .mcal_const    0x0040f4ac        0xc ./RTD/src/Clock_Ip_FracDiv.o
                0x0040f4ac                Clock_Ip_axFracDivCallbacks
 .mcal_const    0x0040f4b8      0x204 ./RTD/src/Clock_Ip_Frequency.o
 .mcal_const    0x0040f6bc       0x10 ./RTD/src/Clock_Ip_Gate.o
                0x0040f6bc                Clock_Ip_axGateCallbacks
 .mcal_const    0x0040f6cc       0x30 ./RTD/src/Clock_Ip_IntOsc.o
                0x0040f6cc                Clock_Ip_axIntOscCallbacks
 .mcal_const    0x0040f6fc       0x20 ./RTD/src/Clock_Ip_Monitor.o
                0x0040f6fc                Clock_Ip_axCmuCallbacks
 .mcal_const    0x0040f71c       0x28 ./RTD/src/Clock_Ip_Pll.o
                0x0040f71c                Clock_Ip_axPllCallbacks
 .mcal_const    0x0040f744        0x8 ./RTD/src/Clock_Ip_ProgFreqSwitch.o
                0x0040f744                Clock_Ip_axPcfsCallbacks
 .mcal_const    0x0040f74c       0x28 ./RTD/src/Clock_Ip_Selector.o
                0x0040f74c                Clock_Ip_axSelectorCallbacks
 .mcal_const    0x0040f774       0x18 ./RTD/src/FlexCAN_Ip.o
 .mcal_const    0x0040f78c        0x4 ./RTD/src/Flexio_Mcl_Ip.o
                0x0040f78c                Flexio_Ip_paxBase
 .mcal_const    0x0040f790       0x20 ./RTD/src/Lpuart_Uart_Ip.o
 .mcal_const    0x0040f7b0        0x8 ./RTD/src/Pit_Ip.o
                0x0040f7b0                pitBase
                0x0040f7b8                . = ALIGN (0x4)
                0x0040f7b8                __init_table = .
 *(.init_table)
 .init_table    0x0040f7b8       0x4c ./Project_Settings/Startup_Code/startup_cm7.o
                0x0040f804                . = ALIGN (0x4)
                0x0040f804                __zero_table = .
 *(.zero_table)
 .zero_table    0x0040f804       0x1c ./Project_Settings/Startup_Code/startup_cm7.o

.glue_7         0x0040f820        0x0
 .glue_7        0x0040f820        0x0 linker stubs

.glue_7t        0x0040f820        0x0
 .glue_7t       0x0040f820        0x0 linker stubs

.vfp11_veneer   0x0040f820        0x0
 .vfp11_veneer  0x0040f820        0x0 linker stubs

.v4_bx          0x0040f820        0x0
 .v4_bx         0x0040f820        0x0 linker stubs

.iplt           0x0040f820        0x0
 .iplt          0x0040f820        0x0 ./Project_Settings/Startup_Code/Vector_Table.o

.rel.dyn        0x0040f820        0x0
 .rel.iplt      0x0040f820        0x0 ./Project_Settings/Startup_Code/Vector_Table.o
                0x0040f820                . = ALIGN (0x4)
                0x0040f820                __text_end = .
                0x0040f820                __sram_data_rom = __text_end

.sram_bss       0x20400000      0x9c8
                0x20400000                . = ALIGN (0x8)
                0x20400000                __standby_ram_begin__ = .
 *(.standby_data)
                0x20400000                . = ALIGN (0x8)
                0x20400000                __standby_ram_end__ = .
                0x20400000                . = ALIGN (0x10)
                0x20400000                __sram_bss_start = .
 *(.bss)
 .bss           0x20400000        0x0 ./Project_Settings/Startup_Code/Vector_Table.o
 .bss           0x20400000        0x0 ./Project_Settings/Startup_Code/exceptions.o
 .bss           0x20400000        0x0 ./Project_Settings/Startup_Code/nvic.o
 .bss           0x20400000        0x0 ./Project_Settings/Startup_Code/startup.o
 .bss           0x20400000        0x0 ./Project_Settings/Startup_Code/startup_cm7.o
 .bss           0x20400000       0x78 ./Project_Settings/Startup_Code/system.o
                0x20400000                rbar
                0x2040003c                rasr
 .bss           0x20400078        0x0 ./RTD/src/Clock_Ip.o
 .bss           0x20400078        0x0 ./RTD/src/Clock_Ip_Data.o
 .bss           0x20400078        0x0 ./RTD/src/Clock_Ip_Divider.o
 .bss           0x20400078        0x0 ./RTD/src/Clock_Ip_DividerTrigger.o
 .bss           0x20400078        0x0 ./RTD/src/Clock_Ip_ExtOsc.o
 .bss           0x20400078        0x0 ./RTD/src/Clock_Ip_FracDiv.o
 .bss           0x20400078        0x0 ./RTD/src/Clock_Ip_Frequency.o
 .bss           0x20400078        0x0 ./RTD/src/Clock_Ip_Gate.o
 .bss           0x20400078        0x0 ./RTD/src/Clock_Ip_IntOsc.o
 .bss           0x20400078        0x0 ./RTD/src/Clock_Ip_Irq.o
 .bss           0x20400078        0x0 ./RTD/src/Clock_Ip_Monitor.o
 .bss           0x20400078        0x0 ./RTD/src/Clock_Ip_Pll.o
 .bss           0x20400078        0x0 ./RTD/src/Clock_Ip_ProgFreqSwitch.o
 .bss           0x20400078        0x0 ./RTD/src/Clock_Ip_Selector.o
 .bss           0x20400078        0x0 ./RTD/src/Clock_Ip_Specific.o
 .bss           0x20400078        0x0 ./RTD/src/Det.o
 .bss           0x20400078        0x0 ./RTD/src/Det_stub.o
 .bss           0x20400078        0x0 ./RTD/src/FlexCAN_Ip.o
 .bss           0x20400078        0x0 ./RTD/src/FlexCAN_Ip_HwAccess.o
 .bss           0x20400078        0x0 ./RTD/src/FlexCAN_Ip_Irq.o
 .bss           0x20400078        0x0 ./RTD/src/Flexio_Mcl_Ip.o
 .bss           0x20400078        0x0 ./RTD/src/Flexio_Mcl_Ip_HwAccess.o
 .bss           0x20400078        0x0 ./RTD/src/Flexio_Mcl_Ip_Irq.o
 .bss           0x20400078        0x0 ./RTD/src/Igf_Port_Ip.o
 .bss           0x20400078        0x0 ./RTD/src/IntCtrl_Ip.o
 .bss           0x20400078        0x0 ./RTD/src/Lpuart_Uart_Ip.o
 .bss           0x20400078        0x0 ./RTD/src/Lpuart_Uart_Ip_Irq.o
 .bss           0x20400078        0x0 ./RTD/src/OsIf_Interrupts.o
 .bss           0x20400078        0x0 ./RTD/src/OsIf_Timer.o
 .bss           0x20400078        0x0 ./RTD/src/OsIf_Timer_System.o
 .bss           0x20400078        0x0 ./RTD/src/OsIf_Timer_System_Internal_Systick.o
 .bss           0x20400078        0x0 ./RTD/src/Pit_Ip.o
 .bss           0x20400078        0x0 ./RTD/src/SchM_Can_43_FLEXCAN.o
 .bss           0x20400078        0x0 ./RTD/src/SchM_Dio.o
 .bss           0x20400078        0x0 ./RTD/src/SchM_Gpt.o
 .bss           0x20400078        0x0 ./RTD/src/SchM_Mcl.o
 .bss           0x20400078        0x0 ./RTD/src/SchM_Mcu.o
 .bss           0x20400078        0x0 ./RTD/src/SchM_Port.o
 .bss           0x20400078        0x0 ./RTD/src/SchM_Uart.o
 .bss           0x20400078        0x0 ./RTD/src/Siul2_Dio_Ip.o
 .bss           0x20400078        0x0 ./RTD/src/Siul2_Port_Ip.o
 .bss           0x20400078        0x0 ./RTD/src/Tspc_Port_Ip.o
 .bss           0x20400078        0x0 ./board/Siul2_Port_Ip_Cfg.o
 .bss           0x20400078        0x0 ./board/Tspc_Port_Ip_Cfg.o
 .bss           0x20400078        0x0 ./generate/src/Clock_Ip_Cfg.o
 .bss           0x20400078        0x0 ./generate/src/FlexCAN_Ip_Sa_PBcfg.o
 .bss           0x20400078        0x0 ./generate/src/Flexio_Mcl_Ip_PBcfg.o
 .bss           0x20400078        0x0 ./generate/src/Igf_Port_Ip_Cfg.o
 .bss           0x20400078        0x0 ./generate/src/IntCtrl_Ip_Cfg.o
 .bss           0x20400078        0x0 ./generate/src/Lpuart_Uart_Ip_Sa_PBcfg.o
 .bss           0x20400078        0x0 ./generate/src/OsIf_Cfg.o
 .bss           0x20400078        0x0 ./generate/src/Pit_Ip_PBcfg.o
 .bss           0x20400078      0x334 ./src/main.o
                0x20400078                U8_counter
                0x20400079                toggleLed
                0x2040007c                exit_code
                0x20400080                rx_info
                0x20400090                uartString
                0x204000f4                rxData1
                0x20400144                rxData2
                0x20400194                rxData3
                0x204001e4                rxData4
                0x20400234                rxData5
                0x20400284                rxData
                0x204002d4                rxBuffer
                0x20400338                txBuffer
                0x2040039c                tx_info
 .bss           0x204003ac        0x0 c:/nxp/s32ds.3.5/s32ds/build_tools/gcc_v10.2/gcc-10.2-arm32-eabi/bin/../lib/gcc/arm-none-eabi/10.2.0/../../../../arm-none-eabi/lib/thumb/v7e-m+fp/hard\libc_nano.a(lib_a-memmove.o)
 .bss           0x204003ac        0x0 c:/nxp/s32ds.3.5/s32ds/build_tools/gcc_v10.2/gcc-10.2-arm32-eabi/bin/../lib/gcc/arm-none-eabi/10.2.0/../../../../arm-none-eabi/lib/thumb/v7e-m+fp/hard\libc_nano.a(lib_a-memset.o)
 .bss           0x204003ac        0x0 c:/nxp/s32ds.3.5/s32ds/build_tools/gcc_v10.2/gcc-10.2-arm32-eabi/bin/../lib/gcc/arm-none-eabi/10.2.0/../../../../arm-none-eabi/lib/thumb/v7e-m+fp/hard\libc_nano.a(lib_a-snprintf.o)
 .bss           0x204003ac        0x0 c:/nxp/s32ds.3.5/s32ds/build_tools/gcc_v10.2/gcc-10.2-arm32-eabi/bin/../lib/gcc/arm-none-eabi/10.2.0/../../../../arm-none-eabi/lib/thumb/v7e-m+fp/hard\libc_nano.a(lib_a-strlen.o)
 .bss           0x204003ac        0x0 c:/nxp/s32ds.3.5/s32ds/build_tools/gcc_v10.2/gcc-10.2-arm32-eabi/bin/../lib/gcc/arm-none-eabi/10.2.0/../../../../arm-none-eabi/lib/thumb/v7e-m+fp/hard\libc_nano.a(lib_a-strncat.o)
 .bss           0x204003ac        0x0 c:/nxp/s32ds.3.5/s32ds/build_tools/gcc_v10.2/gcc-10.2-arm32-eabi/bin/../lib/gcc/arm-none-eabi/10.2.0/../../../../arm-none-eabi/lib/thumb/v7e-m+fp/hard\libc_nano.a(lib_a-impure.o)
 .bss           0x204003ac        0x0 c:/nxp/s32ds.3.5/s32ds/build_tools/gcc_v10.2/gcc-10.2-arm32-eabi/bin/../lib/gcc/arm-none-eabi/10.2.0/../../../../arm-none-eabi/lib/thumb/v7e-m+fp/hard\libc_nano.a(lib_a-nano-svfprintf.o)
 .bss           0x204003ac        0x0 c:/nxp/s32ds.3.5/s32ds/build_tools/gcc_v10.2/gcc-10.2-arm32-eabi/bin/../lib/gcc/arm-none-eabi/10.2.0/../../../../arm-none-eabi/lib/thumb/v7e-m+fp/hard\libc_nano.a(lib_a-nano-vfprintf_i.o)
 .bss           0x204003ac        0x0 c:/nxp/s32ds.3.5/s32ds/build_tools/gcc_v10.2/gcc-10.2-arm32-eabi/bin/../lib/gcc/arm-none-eabi/10.2.0/../../../../arm-none-eabi/lib/thumb/v7e-m+fp/hard\libc_nano.a(lib_a-memchr.o)
 .bss           0x204003ac        0x0 c:/nxp/s32ds.3.5/s32ds/build_tools/gcc_v10.2/gcc-10.2-arm32-eabi/bin/../lib/gcc/arm-none-eabi/10.2.0/../../../../arm-none-eabi/lib/thumb/v7e-m+fp/hard\libc_nano.a(lib_a-memcpy-stub.o)
 .bss           0x204003ac        0x0 c:/nxp/s32ds.3.5/s32ds/build_tools/gcc_v10.2/gcc-10.2-arm32-eabi/bin/../lib/gcc/arm-none-eabi/10.2.0/../../../../arm-none-eabi/lib/thumb/v7e-m+fp/hard\libc_nano.a(lib_a-nano-freer.o)
 .bss           0x204003ac        0x0 c:/nxp/s32ds.3.5/s32ds/build_tools/gcc_v10.2/gcc-10.2-arm32-eabi/bin/../lib/gcc/arm-none-eabi/10.2.0/../../../../arm-none-eabi/lib/thumb/v7e-m+fp/hard\libc_nano.a(lib_a-nano-mallocr.o)
 .bss           0x204003ac        0x0 c:/nxp/s32ds.3.5/s32ds/build_tools/gcc_v10.2/gcc-10.2-arm32-eabi/bin/../lib/gcc/arm-none-eabi/10.2.0/../../../../arm-none-eabi/lib/thumb/v7e-m+fp/hard\libc_nano.a(lib_a-nano-reallocr.o)
 .bss           0x204003ac        0x0 c:/nxp/s32ds.3.5/s32ds/build_tools/gcc_v10.2/gcc-10.2-arm32-eabi/bin/../lib/gcc/arm-none-eabi/10.2.0/../../../../arm-none-eabi/lib/thumb/v7e-m+fp/hard\libc_nano.a(lib_a-sbrkr.o)
 .bss           0x204003ac        0x0 c:/nxp/s32ds.3.5/s32ds/build_tools/gcc_v10.2/gcc-10.2-arm32-eabi/bin/../lib/gcc/arm-none-eabi/10.2.0/../../../../arm-none-eabi/lib/thumb/v7e-m+fp/hard\libc_nano.a(lib_a-mlock.o)
 .bss           0x204003ac        0x0 c:/nxp/s32ds.3.5/s32ds/build_tools/gcc_v10.2/gcc-10.2-arm32-eabi/bin/../lib/gcc/arm-none-eabi/10.2.0/../../../../arm-none-eabi/lib/thumb/v7e-m+fp/hard\libc_nano.a(lib_a-nano-msizer.o)
 .bss           0x204003ac        0x0 c:/nxp/s32ds.3.5/s32ds/build_tools/gcc_v10.2/gcc-10.2-arm32-eabi/bin/../lib/gcc/arm-none-eabi/10.2.0/../../../../arm-none-eabi/lib/thumb/v7e-m+fp/hard\libc_nano.a(lib_a-reent.o)
 .bss           0x204003ac        0x0 c:/nxp/s32ds.3.5/s32ds/build_tools/gcc_v10.2/gcc-10.2-arm32-eabi/bin/../lib/gcc/arm-none-eabi/10.2.0/../../../../arm-none-eabi/lib/thumb/v7e-m+fp/hard\libnosys.a(sbrk.o)
 *(.bss*)
 .bss.__malloc_free_list
                0x204003ac        0x4 c:/nxp/s32ds.3.5/s32ds/build_tools/gcc_v10.2/gcc-10.2-arm32-eabi/bin/../lib/gcc/arm-none-eabi/10.2.0/../../../../arm-none-eabi/lib/thumb/v7e-m+fp/hard\libc_nano.a(lib_a-nano-mallocr.o)
                0x204003ac                __malloc_free_list
 .bss.__malloc_sbrk_start
                0x204003b0        0x4 c:/nxp/s32ds.3.5/s32ds/build_tools/gcc_v10.2/gcc-10.2-arm32-eabi/bin/../lib/gcc/arm-none-eabi/10.2.0/../../../../arm-none-eabi/lib/thumb/v7e-m+fp/hard\libc_nano.a(lib_a-nano-mallocr.o)
                0x204003b0                __malloc_sbrk_start
 .bss.errno     0x204003b4        0x4 c:/nxp/s32ds.3.5/s32ds/build_tools/gcc_v10.2/gcc-10.2-arm32-eabi/bin/../lib/gcc/arm-none-eabi/10.2.0/../../../../arm-none-eabi/lib/thumb/v7e-m+fp/hard\libc_nano.a(lib_a-reent.o)
                0x204003b4                errno
 .bss.heap_end.0
                0x204003b8        0x4 c:/nxp/s32ds.3.5/s32ds/build_tools/gcc_v10.2/gcc-10.2-arm32-eabi/bin/../lib/gcc/arm-none-eabi/10.2.0/../../../../arm-none-eabi/lib/thumb/v7e-m+fp/hard\libnosys.a(sbrk.o)
                0x204003c0                . = ALIGN (0x10)
 *fill*         0x204003bc        0x4 
 *(.mcal_bss)
 .mcal_bss      0x204003c0        0x4 ./Project_Settings/Startup_Code/system.o
                0x204003c0                RESET_CATCH_CORE
 .mcal_bss      0x204003c4       0x61 ./RTD/src/Clock_Ip.o
                0x204003c8                Clock_Ip_FreqIds
                0x20400420                Clock_Ip_pxConfig
 *fill*         0x20400425        0x3 
 .mcal_bss      0x20400428       0x10 ./RTD/src/Clock_Ip_Monitor.o
 .mcal_bss      0x20400438        0x4 ./RTD/src/Clock_Ip_ProgFreqSwitch.o
 .mcal_bss      0x2040043c        0xc ./RTD/src/Clock_Ip_Specific.o
 .mcal_bss      0x20400448       0x18 ./RTD/src/FlexCAN_Ip.o
 .mcal_bss      0x20400460       0xb0 ./RTD/src/FlexCAN_Ip_HwAccess.o
 .mcal_bss      0x20400510       0x80 ./RTD/src/Pit_Ip.o
 .mcal_bss      0x20400590        0x8 ./RTD/src/Siul2_Port_Ip.o
 .mcal_bss      0x20400598      0x430 ./generate/src/FlexCAN_Ip_Sa_PBcfg.o
                0x20400598                FlexCAN_State0
                0x204009c8                . = ALIGN (0x4)
                0x204009c8                __sram_bss_end = .

.sram_data      0x204009c8      0x140 load address 0x0040f820
                0x204009c8                . = ALIGN (0x4)
                0x204009c8                __sram_data_begin__ = .
                0x204009c8                . = ALIGN (0x4)
 *(.ramcode)
 .ramcode       0x204009c8       0x90 ./RTD/src/Clock_Ip_Specific.o
                0x20400a58                . = ALIGN (0x4)
 *(.data)
 .data          0x20400a58        0x0 ./Project_Settings/Startup_Code/Vector_Table.o
 .data          0x20400a58        0x0 ./Project_Settings/Startup_Code/exceptions.o
 .data          0x20400a58        0x0 ./Project_Settings/Startup_Code/nvic.o
 .data          0x20400a58        0x0 ./Project_Settings/Startup_Code/startup.o
 .data          0x20400a58        0x0 ./Project_Settings/Startup_Code/startup_cm7.o
 .data          0x20400a58        0x0 ./Project_Settings/Startup_Code/system.o
 .data          0x20400a58        0x4 ./RTD/src/Clock_Ip.o
 .data          0x20400a5c        0x0 ./RTD/src/Clock_Ip_Data.o
 .data          0x20400a5c        0x0 ./RTD/src/Clock_Ip_Divider.o
 .data          0x20400a5c        0x0 ./RTD/src/Clock_Ip_DividerTrigger.o
 .data          0x20400a5c        0x0 ./RTD/src/Clock_Ip_ExtOsc.o
 .data          0x20400a5c        0x0 ./RTD/src/Clock_Ip_FracDiv.o
 .data          0x20400a5c        0x0 ./RTD/src/Clock_Ip_Frequency.o
 .data          0x20400a5c        0x0 ./RTD/src/Clock_Ip_Gate.o
 .data          0x20400a5c        0x0 ./RTD/src/Clock_Ip_IntOsc.o
 .data          0x20400a5c        0x0 ./RTD/src/Clock_Ip_Irq.o
 .data          0x20400a5c        0x0 ./RTD/src/Clock_Ip_Monitor.o
 .data          0x20400a5c        0x0 ./RTD/src/Clock_Ip_Pll.o
 .data          0x20400a5c        0x0 ./RTD/src/Clock_Ip_ProgFreqSwitch.o
 .data          0x20400a5c        0x0 ./RTD/src/Clock_Ip_Selector.o
 .data          0x20400a5c        0x0 ./RTD/src/Clock_Ip_Specific.o
 .data          0x20400a5c        0x0 ./RTD/src/Det.o
 .data          0x20400a5c        0x0 ./RTD/src/Det_stub.o
 .data          0x20400a5c        0x0 ./RTD/src/FlexCAN_Ip.o
 .data          0x20400a5c        0x0 ./RTD/src/FlexCAN_Ip_HwAccess.o
 .data          0x20400a5c        0x0 ./RTD/src/FlexCAN_Ip_Irq.o
 .data          0x20400a5c        0x0 ./RTD/src/Flexio_Mcl_Ip.o
 .data          0x20400a5c        0x0 ./RTD/src/Flexio_Mcl_Ip_HwAccess.o
 .data          0x20400a5c        0x0 ./RTD/src/Flexio_Mcl_Ip_Irq.o
 .data          0x20400a5c        0x0 ./RTD/src/Igf_Port_Ip.o
 .data          0x20400a5c        0x0 ./RTD/src/IntCtrl_Ip.o
 .data          0x20400a5c        0x0 ./RTD/src/Lpuart_Uart_Ip.o
 .data          0x20400a5c        0x0 ./RTD/src/Lpuart_Uart_Ip_Irq.o
 .data          0x20400a5c        0x0 ./RTD/src/OsIf_Interrupts.o
 .data          0x20400a5c        0x0 ./RTD/src/OsIf_Timer.o
 .data          0x20400a5c        0x0 ./RTD/src/OsIf_Timer_System.o
 .data          0x20400a5c        0x0 ./RTD/src/OsIf_Timer_System_Internal_Systick.o
 .data          0x20400a5c        0x0 ./RTD/src/Pit_Ip.o
 .data          0x20400a5c        0x0 ./RTD/src/SchM_Can_43_FLEXCAN.o
 .data          0x20400a5c        0x0 ./RTD/src/SchM_Dio.o
 .data          0x20400a5c        0x0 ./RTD/src/SchM_Gpt.o
 .data          0x20400a5c        0x0 ./RTD/src/SchM_Mcl.o
 .data          0x20400a5c        0x0 ./RTD/src/SchM_Mcu.o
 .data          0x20400a5c        0x0 ./RTD/src/SchM_Port.o
 .data          0x20400a5c        0x0 ./RTD/src/SchM_Uart.o
 .data          0x20400a5c        0x0 ./RTD/src/Siul2_Dio_Ip.o
 .data          0x20400a5c        0x0 ./RTD/src/Siul2_Port_Ip.o
 .data          0x20400a5c        0x0 ./RTD/src/Tspc_Port_Ip.o
 .data          0x20400a5c        0x0 ./board/Siul2_Port_Ip_Cfg.o
 .data          0x20400a5c        0x0 ./board/Tspc_Port_Ip_Cfg.o
 .data          0x20400a5c        0x0 ./generate/src/Clock_Ip_Cfg.o
 .data          0x20400a5c        0x0 ./generate/src/FlexCAN_Ip_Sa_PBcfg.o
 .data          0x20400a5c        0x0 ./generate/src/Flexio_Mcl_Ip_PBcfg.o
 .data          0x20400a5c        0x0 ./generate/src/Igf_Port_Ip_Cfg.o
 .data          0x20400a5c        0x0 ./generate/src/IntCtrl_Ip_Cfg.o
 .data          0x20400a5c        0x0 ./generate/src/Lpuart_Uart_Ip_Sa_PBcfg.o
 .data          0x20400a5c        0x0 ./generate/src/OsIf_Cfg.o
 .data          0x20400a5c        0x0 ./generate/src/Pit_Ip_PBcfg.o
 .data          0x20400a5c       0x14 ./src/main.o
                0x20400a5c                SendMsgInstances
 .data          0x20400a70        0x0 c:/nxp/s32ds.3.5/s32ds/build_tools/gcc_v10.2/gcc-10.2-arm32-eabi/bin/../lib/gcc/arm-none-eabi/10.2.0/../../../../arm-none-eabi/lib/thumb/v7e-m+fp/hard\libc_nano.a(lib_a-memmove.o)
 .data          0x20400a70        0x0 c:/nxp/s32ds.3.5/s32ds/build_tools/gcc_v10.2/gcc-10.2-arm32-eabi/bin/../lib/gcc/arm-none-eabi/10.2.0/../../../../arm-none-eabi/lib/thumb/v7e-m+fp/hard\libc_nano.a(lib_a-memset.o)
 .data          0x20400a70        0x0 c:/nxp/s32ds.3.5/s32ds/build_tools/gcc_v10.2/gcc-10.2-arm32-eabi/bin/../lib/gcc/arm-none-eabi/10.2.0/../../../../arm-none-eabi/lib/thumb/v7e-m+fp/hard\libc_nano.a(lib_a-snprintf.o)
 .data          0x20400a70        0x0 c:/nxp/s32ds.3.5/s32ds/build_tools/gcc_v10.2/gcc-10.2-arm32-eabi/bin/../lib/gcc/arm-none-eabi/10.2.0/../../../../arm-none-eabi/lib/thumb/v7e-m+fp/hard\libc_nano.a(lib_a-strlen.o)
 .data          0x20400a70        0x0 c:/nxp/s32ds.3.5/s32ds/build_tools/gcc_v10.2/gcc-10.2-arm32-eabi/bin/../lib/gcc/arm-none-eabi/10.2.0/../../../../arm-none-eabi/lib/thumb/v7e-m+fp/hard\libc_nano.a(lib_a-strncat.o)
 .data          0x20400a70        0x0 c:/nxp/s32ds.3.5/s32ds/build_tools/gcc_v10.2/gcc-10.2-arm32-eabi/bin/../lib/gcc/arm-none-eabi/10.2.0/../../../../arm-none-eabi/lib/thumb/v7e-m+fp/hard\libc_nano.a(lib_a-impure.o)